192.0.84.33 - - [28/Apr/2015:01:39:36 +0000] "HEAD / HTTP/1.0" 200 9135 "-" "jetmon/1.0 (Jetpack Site Uptime Monitor by WordPress.com)"
192.0.84.33 - - [28/Apr/2015:01:44:32 +0000] "HEAD / HTTP/1.0" 301 56 "-" "jetmon/1.0 (Jetpack Site Uptime Monitor by WordPress.com)"
192.0.84.33 - - [28/Apr/2015:01:44:33 +0000] "HEAD / HTTP/1.0" 200 9135 "-" "jetmon/1.0 (Jetpack Site Uptime Monitor by WordPress.com)"
123.125.71.56 - - [28/Apr/2015:01:44:57 +0000] "GET / HTTP/1.0" 301 56 "-" "Mozilla/5.0 (Windows NT 5.1; rv:6.0.2) Gecko/20100101 Firefox/6.0.2"
220.181.108.97 - - [28/Apr/2015:01:47:47 +0000] "GET / HTTP/1.0" 301 56 "-" "Mozilla/5.0 (Windows NT 5.1; rv:6.0.2) Gecko/20100101 Firefox/6.0.2"
192.0.84.33 - - [28/Apr/2015:01:49:29 +0000] "HEAD / HTTP/1.0" 301 56 "-" "jetmon/1.0 (Jetpack Site Uptime Monitor by WordPress.com)"
192.0.84.33 - - [28/Apr/2015:01:49:29 +0000] "HEAD / HTTP/1.0" 200 9135 "-" "jetmon/1.0 (Jetpack Site Uptime Monitor by WordPress.com)"
192.0.84.33 - - [28/Apr/2015:01:54:44 +0000] "HEAD / HTTP/1.0" 301 56 "-" "jetmon/1.0 (Jetpack Site Uptime Monitor by WordPress.com)"
192.0.84.33 - - [28/Apr/2015:01:54:44 +0000] "HEAD / HTTP/1.0" 200 9135 "-" "jetmon/1.0 (Jetpack Site Uptime Monitor by WordPress.com)"
192.0.84.33 - - [28/Apr/2015:01:59:28 +0000] "HEAD / HTTP/1.0" 301 56 "-" "jetmon/1.0 (Jetpack Site Uptime Monitor by WordPress.com)"
192.0.84.33 - - [28/Apr/2015:01:59:29 +0000] "HEAD / HTTP/1.0" 200 9135 "-" "jetmon/1.0 (Jetpack Site Uptime Monitor by WordPress.com)"
192.0.84.33 - - [28/Apr/2015:02:04:39 +0000] "HEAD / HTTP/1.0" 301 56 "-" "jetmon/1.0 (Jetpack Site Uptime Monitor by WordPress.com)"
192.0.84.33 - - [28/Apr/2015:02:04:40 +0000] "HEAD / HTTP/1.0" 200 9135 "-" "jetmon/1.0 (Jetpack Site Uptime Monitor by WordPress.com)"
192.0.84.33 - - [28/Apr/2015:02:09:37 +0000] "HEAD / HTTP/1.0" 301 56 "-" "jetmon/1.0 (Jetpack Site Uptime Monitor by WordPress.com)"
192.0.84.33 - - [28/Apr/2015:02:09:37 +0000] "HEAD / HTTP/1.0" 200 9135 "-" "jetmon/1.0 (Jetpack Site Uptime Monitor by WordPress.com)"
66.249.79.136 - - [28/Apr/2015:02:14:14 +0000] "GET /robots.txt HTTP/1.0" 301 66 "-" "Mozilla/5.0 (compatible; Googlebot/2.1; +http://www.google.com/bot.html)"
66.249.79.55 - - [28/Apr/2015:02:14:14 +0000] "GET /robots.txt HTTP/1.0" 200 - "-" "Mozilla/5.0 (compatible; Googlebot/2.1; +http://www.google.com/bot.html)"
66.249.79.128 - - [28/Apr/2015:02:14:14 +0000] "GET / HTTP/1.0" 301 100 "-" "Mozilla/5.0 (iPhone; CPU iPhone OS 6_0 like Mac OS X) AppleWebKit/536.26 (KHTML, like Gecko) Version/6.0 Mobile/10A5376e Safari/8536.25 (compatible; Googlebot/2.1; +http://www.google.com/bot.html)"
66.249.79.71 - - [28/Apr/2015:02:14:15 +0000] "GET /robots.txt HTTP/1.0" 200 - "-" "Mozilla/5.0 (compatible; Googlebot/2.1; +http://www.google.com/bot.html)"
66.249.79.55 - - [28/Apr/2015:02:14:15 +0000] "GET / HTTP/1.0" 200 - "-" "Mozilla/5.0 (iPhone; CPU iPhone OS 6_0 like Mac OS X) AppleWebKit/536.26 (KHTML, like Gecko) Version/6.0 Mobile/10A5376e Safari/8536.25 (compatible; Googlebot/2.1; +http://www.google.com/bot.html)"
192.0.84.33 - - [28/Apr/2015:02:14:41 +0000] "HEAD / HTTP/1.0" 301 56 "-" "jetmon/1.0 (Jetpack Site Uptime Monitor by WordPress.com)"
192.0.84.33 - - [28/Apr/2015:02:14:42 +0000] "HEAD / HTTP/1.0" 200 9135 "-" "jetmon/1.0 (Jetpack Site Uptime Monitor by WordPress.com)"
192.0.84.33 - - [28/Apr/2015:02:19:37 +0000] "HEAD / HTTP/1.0" 301 56 "-" "jetmon/1.0 (Jetpack Site Uptime Monitor by WordPress.com)"
192.0.84.33 - - [28/Apr/2015:02:19:37 +0000] "HEAD / HTTP/1.0" 200 9135 "-" "jetmon/1.0 (Jetpack Site Uptime Monitor by WordPress.com)"
66.249.79.136 - - [28/Apr/2015:02:19:58 +0000] "GET /feed/ HTTP/1.0" 301 61 "-" "Mozilla/5.0 (compatible; Googlebot/2.1; +http://www.google.com/bot.html)"
66.249.79.55 - - [28/Apr/2015:02:19:59 +0000] "GET /feed/ HTTP/1.0" 301 39 "-" "Mozilla/5.0 (compatible; Googlebot/2.1; +http://www.google.com/bot.html)"
66.249.79.71 - - [28/Apr/2015:02:20:00 +0000] "GET /rss/ HTTP/1.0" 200 - "-" "Mozilla/5.0 (compatible; Googlebot/2.1; +http://www.google.com/bot.html)"
192.0.84.33 - - [28/Apr/2015:02:24:41 +0000] "HEAD / HTTP/1.0" 301 56 "-" "jetmon/1.0 (Jetpack Site Uptime Monitor by WordPress.com)"
192.0.84.33 - - [28/Apr/2015:02:24:42 +0000] "HEAD / HTTP/1.0" 200 9135 "-" "jetmon/1.0 (Jetpack Site Uptime Monitor by WordPress.com)"
216.218.206.68 - - [28/Apr/2015:02:29:16 +0000] "GET / HTTP/1.0" 200 9135 "-" "-"
192.0.84.33 - - [28/Apr/2015:02:29:45 +0000] "HEAD / HTTP/1.0" 301 56 "-" "jetmon/1.0 (Jetpack Site Uptime Monitor by WordPress.com)"
192.0.84.33 - - [28/Apr/2015:02:29:46 +0000] "HEAD / HTTP/1.0" 200 9135 "-" "jetmon/1.0 (Jetpack Site Uptime Monitor by WordPress.com)"
216.218.206.68 - - [28/Apr/2015:02:32:35 +0000] "GET / HTTP/1.0" 200 9135 "-" "-"
192.0.84.33 - - [28/Apr/2015:02:34:44 +0000] "HEAD / HTTP/1.0" 301 56 "-" "jetmon/1.0 (Jetpack Site Uptime Monitor by WordPress.com)"
192.0.84.33 - - [28/Apr/2015:02:34:45 +0000] "HEAD / HTTP/1.0" 200 9135 "-" "jetmon/1.0 (Jetpack Site Uptime Monitor by WordPress.com)"
202.46.49.78 - - [28/Apr/2015:02:37:27 +0000] "GET /assets/js/jquery.fitvids.js HTTP/1.0" 301 83 "-" "Mozilla/5.0 (Windows NT 6.1; WOW64) AppleWebKit/537.36 (KHTML, like Gecko) Chrome/36.0.1985.125 Safari/537.36"
180.76.5.187 - - [28/Apr/2015:02:37:31 +0000] "GET /robots.txt HTTP/1.0" 301 66 "-" "Mozilla/5.0 (Windows NT 5.1; rv:6.0.2) Gecko/20100101 Firefox/6.0.2"
192.0.84.33 - - [28/Apr/2015:02:39:38 +0000] "HEAD / HTTP/1.0" 301 56 "-" "jetmon/1.0 (Jetpack Site Uptime Monitor by WordPress.com)"
192.0.84.33 - - [28/Apr/2015:02:39:39 +0000] "HEAD / HTTP/1.0" 200 9135 "-" "jetmon/1.0 (Jetpack Site Uptime Monitor by WordPress.com)"
123.125.71.33 - - [28/Apr/2015:02:44:07 +0000] "GET / HTTP/1.0" 301 56 "-" "Mozilla/5.0 (Windows NT 5.1; rv:6.0.2) Gecko/20100101 Firefox/6.0.2"
192.0.84.33 - - [28/Apr/2015:02:44:38 +0000] "HEAD / HTTP/1.0" 301 56 "-" "jetmon/1.0 (Jetpack Site Uptime Monitor by WordPress.com)"
192.0.84.33 - - [28/Apr/2015:02:44:39 +0000] "HEAD / HTTP/1.0" 200 9135 "-" "jetmon/1.0 (Jetpack Site Uptime Monitor by WordPress.com)"
192.0.84.33 - - [28/Apr/2015:02:49:34 +0000] "HEAD / HTTP/1.0" 301 56 "-" "jetmon/1.0 (Jetpack Site Uptime Monitor by WordPress.com)"
192.0.84.33 - - [28/Apr/2015:02:49:35 +0000] "HEAD / HTTP/1.0" 200 9135 "-" "jetmon/1.0 (Jetpack Site Uptime Monitor by WordPress.com)"
192.0.84.33 - - [28/Apr/2015:02:54:41 +0000] "HEAD / HTTP/1.0" 301 56 "-" "jetmon/1.0 (Jetpack Site Uptime Monitor by WordPress.com)"
192.0.84.33 - - [28/Apr/2015:02:54:41 +0000] "HEAD / HTTP/1.0" 200 9135 "-" "jetmon/1.0 (Jetpack Site Uptime Monitor by WordPress.com)"
192.0.84.33 - - [28/Apr/2015:02:59:33 +0000] "HEAD / HTTP/1.0" 301 56 "-" "jetmon/1.0 (Jetpack Site Uptime Monitor by WordPress.com)"
192.0.84.33 - - [28/Apr/2015:02:59:34 +0000] "HEAD / HTTP/1.0" 200 9135 "-" "jetmon/1.0 (Jetpack Site Uptime Monitor by WordPress.com)"
192.0.84.33 - - [28/Apr/2015:03:04:54 +0000] "HEAD / HTTP/1.0" 301 56 "-" "jetmon/1.0 (Jetpack Site Uptime Monitor by WordPress.com)"
192.0.84.33 - - [28/Apr/2015:03:04:54 +0000] "HEAD / HTTP/1.0" 200 9135 "-" "jetmon/1.0 (Jetpack Site Uptime Monitor by WordPress.com)"
192.0.84.33 - - [28/Apr/2015:03:09:37 +0000] "HEAD / HTTP/1.0" 301 56 "-" "jetmon/1.0 (Jetpack Site Uptime Monitor by WordPress.com)"
192.0.84.33 - - [28/Apr/2015:03:09:37 +0000] "HEAD / HTTP/1.0" 200 9135 "-" "jetmon/1.0 (Jetpack Site Uptime Monitor by WordPress.com)"
66.249.79.63 - - [28/Apr/2015:03:10:52 +0000] "GET /tag/foreverjs/ HTTP/1.0" 200 - "-" "Mozilla/5.0 (iPhone; CPU iPhone OS 6_0 like Mac OS X) AppleWebKit/536.26 (KHTML, like Gecko) Version/6.0 Mobile/10A5376e Safari/8536.25 (compatible; Googlebot/2.1; +http://www.google.com/bot.html)"
192.0.84.33 - - [28/Apr/2015:03:14:36 +0000] "HEAD / HTTP/1.0" 301 56 "-" "jetmon/1.0 (Jetpack Site Uptime Monitor by WordPress.com)"
192.0.84.33 - - [28/Apr/2015:03:14:37 +0000] "HEAD / HTTP/1.0" 200 9135 "-" "jetmon/1.0 (Jetpack Site Uptime Monitor by WordPress.com)"
192.0.84.33 - - [28/Apr/2015:03:19:38 +0000] "HEAD / HTTP/1.0" 301 56 "-" "jetmon/1.0 (Jetpack Site Uptime Monitor by WordPress.com)"
192.0.84.33 - - [28/Apr/2015:03:19:38 +0000] "HEAD / HTTP/1.0" 200 9135 "-" "jetmon/1.0 (Jetpack Site Uptime Monitor by WordPress.com)"
192.0.84.33 - - [28/Apr/2015:03:24:41 +0000] "HEAD / HTTP/1.0" 301 56 "-" "jetmon/1.0 (Jetpack Site Uptime Monitor by WordPress.com)"
192.0.84.33 - - [28/Apr/2015:03:24:42 +0000] "HEAD / HTTP/1.0" 200 9135 "-" "jetmon/1.0 (Jetpack Site Uptime Monitor by WordPress.com)"
192.0.84.33 - - [28/Apr/2015:03:29:35 +0000] "HEAD / HTTP/1.0" 301 56 "-" "jetmon/1.0 (Jetpack Site Uptime Monitor by WordPress.com)"
192.0.84.33 - - [28/Apr/2015:03:29:36 +0000] "HEAD / HTTP/1.0" 200 9135 "-" "jetmon/1.0 (Jetpack Site Uptime Monitor by WordPress.com)"
192.0.84.33 - - [28/Apr/2015:03:34:38 +0000] "HEAD / HTTP/1.0" 301 56 "-" "jetmon/1.0 (Jetpack Site Uptime Monitor by WordPress.com)"
192.0.84.33 - - [28/Apr/2015:03:34:38 +0000] "HEAD / HTTP/1.0" 200 9135 "-" "jetmon/1.0 (Jetpack Site Uptime Monitor by WordPress.com)"
202.46.58.144 - - [28/Apr/2015:03:36:05 +0000] "GET /about/feed/ HTTP/1.0" 301 67 "-" "Mozilla/5.0 (Windows NT 6.1; WOW64) AppleWebKit/537.36 (KHTML, like Gecko) Chrome/36.0.1985.125 Safari/537.36"
66.249.79.63 - - [28/Apr/2015:03:39:01 +0000] "GET /robots.txt HTTP/1.0" 200 - "-" "Mozilla/5.0 (compatible; Googlebot/2.1; +http://www.google.com/bot.html)"
66.249.79.71 - - [28/Apr/2015:03:39:01 +0000] "GET /tag/ghost-blog/ HTTP/1.0" 200 - "-" "Mozilla/5.0 (iPhone; CPU iPhone OS 6_0 like Mac OS X) AppleWebKit/536.26 (KHTML, like Gecko) Version/6.0 Mobile/10A5376e Safari/8536.25 (compatible; Googlebot/2.1; +http://www.google.com/bot.html)"
192.0.84.33 - - [28/Apr/2015:03:39:33 +0000] "HEAD / HTTP/1.0" 301 56 "-" "jetmon/1.0 (Jetpack Site Uptime Monitor by WordPress.com)"
192.0.84.33 - - [28/Apr/2015:03:39:33 +0000] "HEAD / HTTP/1.0" 200 9135 "-" "jetmon/1.0 (Jetpack Site Uptime Monitor by WordPress.com)"
192.0.84.33 - - [28/Apr/2015:03:44:43 +0000] "HEAD / HTTP/1.0" 301 56 "-" "jetmon/1.0 (Jetpack Site Uptime Monitor by WordPress.com)"
192.0.84.33 - - [28/Apr/2015:03:44:43 +0000] "HEAD / HTTP/1.0" 200 9135 "-" "jetmon/1.0 (Jetpack Site Uptime Monitor by WordPress.com)"
192.0.84.33 - - [28/Apr/2015:03:49:39 +0000] "HEAD / HTTP/1.0" 301 56 "-" "jetmon/1.0 (Jetpack Site Uptime Monitor by WordPress.com)"
192.0.84.33 - - [28/Apr/2015:03:49:40 +0000] "HEAD / HTTP/1.0" 200 9135 "-" "jetmon/1.0 (Jetpack Site Uptime Monitor by WordPress.com)"
192.0.84.33 - - [28/Apr/2015:03:54:41 +0000] "HEAD / HTTP/1.0" 301 56 "-" "jetmon/1.0 (Jetpack Site Uptime Monitor by WordPress.com)"
192.0.84.33 - - [28/Apr/2015:03:54:41 +0000] "HEAD / HTTP/1.0" 200 9135 "-" "jetmon/1.0 (Jetpack Site Uptime Monitor by WordPress.com)"
192.0.84.33 - - [28/Apr/2015:03:59:30 +0000] "HEAD / HTTP/1.0" 301 56 "-" "jetmon/1.0 (Jetpack Site Uptime Monitor by WordPress.com)"
192.0.84.33 - - [28/Apr/2015:03:59:30 +0000] "HEAD / HTTP/1.0" 200 9135 "-" "jetmon/1.0 (Jetpack Site Uptime Monitor by WordPress.com)"
192.0.84.33 - - [28/Apr/2015:04:04:43 +0000] "HEAD / HTTP/1.0" 301 56 "-" "jetmon/1.0 (Jetpack Site Uptime Monitor by WordPress.com)"
192.0.84.33 - - [28/Apr/2015:04:04:43 +0000] "HEAD / HTTP/1.0" 200 9135 "-" "jetmon/1.0 (Jetpack Site Uptime Monitor by WordPress.com)"
66.249.79.71 - - [28/Apr/2015:04:08:32 +0000] "GET / HTTP/1.0" 200 - "-" "Mozilla/5.0 (compatible; Googlebot/2.1; +http://www.google.com/bot.html)"
192.0.84.33 - - [28/Apr/2015:04:09:42 +0000] "HEAD / HTTP/1.0" 301 56 "-" "jetmon/1.0 (Jetpack Site Uptime Monitor by WordPress.com)"
192.0.84.33 - - [28/Apr/2015:04:09:42 +0000] "HEAD / HTTP/1.0" 200 9135 "-" "jetmon/1.0 (Jetpack Site Uptime Monitor by WordPress.com)"
192.0.84.33 - - [28/Apr/2015:04:14:32 +0000] "HEAD / HTTP/1.0" 301 56 "-" "jetmon/1.0 (Jetpack Site Uptime Monitor by WordPress.com)"
192.0.84.33 - - [28/Apr/2015:04:14:32 +0000] "HEAD / HTTP/1.0" 200 9135 "-" "jetmon/1.0 (Jetpack Site Uptime Monitor by WordPress.com)"
66.249.79.55 - - [28/Apr/2015:04:18:21 +0000] "GET /startssl/ HTTP/1.0" 200 - "-" "Mozilla/5.0 (compatible; Googlebot/2.1; +http://www.google.com/bot.html)"
192.0.84.33 - - [28/Apr/2015:04:19:36 +0000] "HEAD / HTTP/1.0" 301 56 "-" "jetmon/1.0 (Jetpack Site Uptime Monitor by WordPress.com)"
192.0.84.33 - - [28/Apr/2015:04:19:37 +0000] "HEAD / HTTP/1.0" 200 9135 "-" "jetmon/1.0 (Jetpack Site Uptime Monitor by WordPress.com)"
192.0.84.33 - - [28/Apr/2015:04:24:48 +0000] "HEAD / HTTP/1.0" 301 56 "-" "jetmon/1.0 (Jetpack Site Uptime Monitor by WordPress.com)"
192.0.84.33 - - [28/Apr/2015:04:24:49 +0000] "HEAD / HTTP/1.0" 200 9135 "-" "jetmon/1.0 (Jetpack Site Uptime Monitor by WordPress.com)"
192.0.84.33 - - [28/Apr/2015:04:29:39 +0000] "HEAD / HTTP/1.0" 301 56 "-" "jetmon/1.0 (Jetpack Site Uptime Monitor by WordPress.com)"
192.0.84.33 - - [28/Apr/2015:04:29:39 +0000] "HEAD / HTTP/1.0" 200 9135 "-" "jetmon/1.0 (Jetpack Site Uptime Monitor by WordPress.com)"
192.0.84.33 - - [28/Apr/2015:04:34:31 +0000] "HEAD / HTTP/1.0" 301 56 "-" "jetmon/1.0 (Jetpack Site Uptime Monitor by WordPress.com)"
192.0.84.33 - - [28/Apr/2015:04:34:31 +0000] "HEAD / HTTP/1.0" 200 9135 "-" "jetmon/1.0 (Jetpack Site Uptime Monitor by WordPress.com)"
157.55.39.29 - - [28/Apr/2015:04:35:39 +0000] "GET / HTTP/1.0" 301 56 "-" "Mozilla/5.0 (compatible; bingbot/2.0; +http://www.bing.com/bingbot.htm)"
192.0.84.33 - - [28/Apr/2015:04:39:39 +0000] "HEAD / HTTP/1.0" 301 56 "-" "jetmon/1.0 (Jetpack Site Uptime Monitor by WordPress.com)"
192.0.84.33 - - [28/Apr/2015:04:39:39 +0000] "HEAD / HTTP/1.0" 200 9135 "-" "jetmon/1.0 (Jetpack Site Uptime Monitor by WordPress.com)"
192.0.84.33 - - [28/Apr/2015:04:44:30 +0000] "HEAD / HTTP/1.0" 301 56 "-" "jetmon/1.0 (Jetpack Site Uptime Monitor by WordPress.com)"
192.0.84.33 - - [28/Apr/2015:04:44:30 +0000] "HEAD / HTTP/1.0" 200 9135 "-" "jetmon/1.0 (Jetpack Site Uptime Monitor by WordPress.com)"
192.0.84.33 - - [28/Apr/2015:04:49:32 +0000] "HEAD / HTTP/1.0" 301 56 "-" "jetmon/1.0 (Jetpack Site Uptime Monitor by WordPress.com)"
192.0.84.33 - - [28/Apr/2015:04:49:33 +0000] "HEAD / HTTP/1.0" 200 9135 "-" "jetmon/1.0 (Jetpack Site Uptime Monitor by WordPress.com)"
180.76.5.166 - - [28/Apr/2015:04:53:14 +0000] "GET /robots.txt HTTP/1.0" 301 66 "-" "Mozilla/5.0 (Windows NT 5.1; rv:6.0.2) Gecko/20100101 Firefox/6.0.2"
202.46.52.128 - - [28/Apr/2015:04:53:14 +0000] "GET /assets/js/jquery.fitvids.js HTTP/1.0" 301 83 "-" "Mozilla/5.0 (Windows NT 6.1; WOW64) AppleWebKit/537.36 (KHTML, like Gecko) Chrome/36.0.1985.125 Safari/537.36"
192.0.84.33 - - [28/Apr/2015:04:54:29 +0000] "HEAD / HTTP/1.0" 301 56 "-" "jetmon/1.0 (Jetpack Site Uptime Monitor by WordPress.com)"
192.0.84.33 - - [28/Apr/2015:04:54:30 +0000] "HEAD / HTTP/1.0" 200 9135 "-" "jetmon/1.0 (Jetpack Site Uptime Monitor by WordPress.com)"
192.0.84.33 - - [28/Apr/2015:04:59:29 +0000] "HEAD / HTTP/1.0" 301 56 "-" "jetmon/1.0 (Jetpack Site Uptime Monitor by WordPress.com)"
192.0.84.33 - - [28/Apr/2015:04:59:30 +0000] "HEAD / HTTP/1.0" 200 9135 "-" "jetmon/1.0 (Jetpack Site Uptime Monitor by WordPress.com)"
192.0.84.33 - - [28/Apr/2015:05:04:41 +0000] "HEAD / HTTP/1.0" 301 56 "-" "jetmon/1.0 (Jetpack Site Uptime Monitor by WordPress.com)"
192.0.84.33 - - [28/Apr/2015:05:04:42 +0000] "HEAD / HTTP/1.0" 200 9135 "-" "jetmon/1.0 (Jetpack Site Uptime Monitor by WordPress.com)"
192.0.84.33 - - [28/Apr/2015:05:09:40 +0000] "HEAD / HTTP/1.0" 301 56 "-" "jetmon/1.0 (Jetpack Site Uptime Monitor by WordPress.com)"
192.0.84.33 - - [28/Apr/2015:05:09:40 +0000] "HEAD / HTTP/1.0" 200 9135 "-" "jetmon/1.0 (Jetpack Site Uptime Monitor by WordPress.com)"
192.0.84.33 - - [28/Apr/2015:05:14:44 +0000] "HEAD / HTTP/1.0" 301 56 "-" "jetmon/1.0 (Jetpack Site Uptime Monitor by WordPress.com)"
192.0.84.33 - - [28/Apr/2015:05:14:44 +0000] "HEAD / HTTP/1.0" 200 9135 "-" "jetmon/1.0 (Jetpack Site Uptime Monitor by WordPress.com)"
195.154.188.41 - - [28/Apr/2015:05:17:51 +0000] "GET / HTTP/1.0" 301 100 "http://webcode01.com/" "Mozilla/5.0 (Windows NT 6.3; WOW64) AppleWebKit/537.36 (KHTML, like Gecko) Chrome/39.0.2171.65 Safari/537.36"
195.154.188.41 - - [28/Apr/2015:05:17:52 +0000] "GET / HTTP/1.0" 200 9135 "http://webcode01.com/" "Mozilla/5.0 (Windows NT 6.3; WOW64) AppleWebKit/537.36 (KHTML, like Gecko) Chrome/39.0.2171.65 Safari/537.36"
66.249.79.136 - - [28/Apr/2015:05:17:58 +0000] "GET /robots.txt HTTP/1.0" 301 66 "-" "Mozilla/5.0 (compatible; Googlebot/2.1; +http://www.google.com/bot.html)"
66.249.79.71 - - [28/Apr/2015:05:17:59 +0000] "GET /robots.txt HTTP/1.0" 200 - "-" "Mozilla/5.0 (compatible; Googlebot/2.1; +http://www.google.com/bot.html)"
66.249.79.136 - - [28/Apr/2015:05:17:59 +0000] "GET /assets/css/screen.css?v=eb915c126a HTTP/1.0" 301 107 "-" "Mozilla/5.0 (compatible; Googlebot/2.1; +http://www.google.com/bot.html)"
192.0.84.33 - - [28/Apr/2015:05:19:38 +0000] "HEAD / HTTP/1.0" 301 56 "-" "jetmon/1.0 (Jetpack Site Uptime Monitor by WordPress.com)"
192.0.84.33 - - [28/Apr/2015:05:19:39 +0000] "HEAD / HTTP/1.0" 200 9135 "-" "jetmon/1.0 (Jetpack Site Uptime Monitor by WordPress.com)"
192.0.84.33 - - [28/Apr/2015:05:24:35 +0000] "HEAD / HTTP/1.0" 301 56 "-" "jetmon/1.0 (Jetpack Site Uptime Monitor by WordPress.com)"
192.0.84.33 - - [28/Apr/2015:05:24:36 +0000] "HEAD / HTTP/1.0" 200 9135 "-" "jetmon/1.0 (Jetpack Site Uptime Monitor by WordPress.com)"
192.0.84.33 - - [28/Apr/2015:05:29:38 +0000] "HEAD / HTTP/1.0" 301 56 "-" "jetmon/1.0 (Jetpack Site Uptime Monitor by WordPress.com)"
192.0.84.33 - - [28/Apr/2015:05:29:39 +0000] "HEAD / HTTP/1.0" 200 9135 "-" "jetmon/1.0 (Jetpack Site Uptime Monitor by WordPress.com)"
192.0.84.33 - - [28/Apr/2015:05:34:32 +0000] "HEAD / HTTP/1.0" 301 56 "-" "jetmon/1.0 (Jetpack Site Uptime Monitor by WordPress.com)"
192.0.84.33 - - [28/Apr/2015:05:34:32 +0000] "HEAD / HTTP/1.0" 200 9135 "-" "jetmon/1.0 (Jetpack Site Uptime Monitor by WordPress.com)"
192.0.84.33 - - [28/Apr/2015:05:39:35 +0000] "HEAD / HTTP/1.0" 301 56 "-" "jetmon/1.0 (Jetpack Site Uptime Monitor by WordPress.com)"
192.0.84.33 - - [28/Apr/2015:05:39:35 +0000] "HEAD / HTTP/1.0" 200 9135 "-" "jetmon/1.0 (Jetpack Site Uptime Monitor by WordPress.com)"
192.0.84.33 - - [28/Apr/2015:05:44:33 +0000] "HEAD / HTTP/1.0" 301 56 "-" "jetmon/1.0 (Jetpack Site Uptime Monitor by WordPress.com)"
192.0.84.33 - - [28/Apr/2015:05:44:33 +0000] "HEAD / HTTP/1.0" 200 9135 "-" "jetmon/1.0 (Jetpack Site Uptime Monitor by WordPress.com)"
123.125.71.74 - - [28/Apr/2015:05:45:42 +0000] "GET / HTTP/1.0" 301 56 "-" "Mozilla/5.0 (Windows NT 5.1; rv:6.0.2) Gecko/20100101 Firefox/6.0.2"
220.181.108.183 - - [28/Apr/2015:05:48:40 +0000] "GET / HTTP/1.0" 301 56 "-" "Mozilla/5.0 (Windows NT 5.1; rv:6.0.2) Gecko/20100101 Firefox/6.0.2"
192.0.84.33 - - [28/Apr/2015:05:49:31 +0000] "HEAD / HTTP/1.0" 301 56 "-" "jetmon/1.0 (Jetpack Site Uptime Monitor by WordPress.com)"
192.0.84.33 - - [28/Apr/2015:05:49:31 +0000] "HEAD / HTTP/1.0" 200 9135 "-" "jetmon/1.0 (Jetpack Site Uptime Monitor by WordPress.com)"
192.0.84.33 - - [28/Apr/2015:05:54:31 +0000] "HEAD / HTTP/1.0" 301 56 "-" "jetmon/1.0 (Jetpack Site Uptime Monitor by WordPress.com)"
192.0.84.33 - - [28/Apr/2015:05:54:31 +0000] "HEAD / HTTP/1.0" 200 9135 "-" "jetmon/1.0 (Jetpack Site Uptime Monitor by WordPress.com)"
192.0.84.33 - - [28/Apr/2015:05:59:36 +0000] "HEAD / HTTP/1.0" 301 56 "-" "jetmon/1.0 (Jetpack Site Uptime Monitor by WordPress.com)"
192.0.84.33 - - [28/Apr/2015:05:59:36 +0000] "HEAD / HTTP/1.0" 200 9135 "-" "jetmon/1.0 (Jetpack Site Uptime Monitor by WordPress.com)"
192.0.84.33 - - [28/Apr/2015:06:04:53 +0000] "HEAD / HTTP/1.0" 301 56 "-" "jetmon/1.0 (Jetpack Site Uptime Monitor by WordPress.com)"
192.0.84.33 - - [28/Apr/2015:06:04:54 +0000] "HEAD / HTTP/1.0" 200 9135 "-" "jetmon/1.0 (Jetpack Site Uptime Monitor by WordPress.com)"
192.0.84.33 - - [28/Apr/2015:06:09:35 +0000] "HEAD / HTTP/1.0" 301 56 "-" "jetmon/1.0 (Jetpack Site Uptime Monitor by WordPress.com)"
192.0.84.33 - - [28/Apr/2015:06:09:35 +0000] "HEAD / HTTP/1.0" 200 9135 "-" "jetmon/1.0 (Jetpack Site Uptime Monitor by WordPress.com)"
192.0.84.33 - - [28/Apr/2015:06:14:35 +0000] "HEAD / HTTP/1.0" 301 56 "-" "jetmon/1.0 (Jetpack Site Uptime Monitor by WordPress.com)"
192.0.84.33 - - [28/Apr/2015:06:14:36 +0000] "HEAD / HTTP/1.0" 200 9135 "-" "jetmon/1.0 (Jetpack Site Uptime Monitor by WordPress.com)"
192.0.84.33 - - [28/Apr/2015:06:19:39 +0000] "HEAD / HTTP/1.0" 301 56 "-" "jetmon/1.0 (Jetpack Site Uptime Monitor by WordPress.com)"
192.0.84.33 - - [28/Apr/2015:06:19:39 +0000] "HEAD / HTTP/1.0" 200 9135 "-" "jetmon/1.0 (Jetpack Site Uptime Monitor by WordPress.com)"
125.86.27.42 - - [28/Apr/2015:06:21:11 +0000] "GET / HTTP/1.0" 301 100 "http://webcode01.com/" "Mozilla/5.0 (Windows NT 6.1; WOW64) AppleWebKit/537.36 (KHTML, like Gecko) Chrome/32.0.1700.107 Safari/537.36"
125.86.27.42 - - [28/Apr/2015:06:21:12 +0000] "GET / HTTP/1.0" 200 9135 "http://webcode01.com/" "Mozilla/5.0 (Windows NT 6.1; WOW64) AppleWebKit/537.36 (KHTML, like Gecko) Chrome/32.0.1700.107 Safari/537.36"
180.76.6.52 - - [28/Apr/2015:06:23:52 +0000] "GET /robots.txt HTTP/1.0" 301 66 "-" "Mozilla/5.0 (Windows NT 5.1; rv:6.0.2) Gecko/20100101 Firefox/6.0.2"
180.76.14.139 - - [28/Apr/2015:06:23:52 +0000] "GET /assets/js/index.js HTTP/1.0" 301 74 "-" "Mozilla/5.0 (Windows NT 6.1; WOW64) AppleWebKit/537.36 (KHTML, like Gecko) Chrome/36.0.1985.125 Safari/537.36"
192.0.84.33 - - [28/Apr/2015:06:24:33 +0000] "HEAD / HTTP/1.0" 301 56 "-" "jetmon/1.0 (Jetpack Site Uptime Monitor by WordPress.com)"
192.0.84.33 - - [28/Apr/2015:06:24:34 +0000] "HEAD / HTTP/1.0" 200 9135 "-" "jetmon/1.0 (Jetpack Site Uptime Monitor by WordPress.com)"
192.0.84.33 - - [28/Apr/2015:06:29:28 +0000] "HEAD / HTTP/1.0" 301 56 "-" "jetmon/1.0 (Jetpack Site Uptime Monitor by WordPress.com)"
192.0.84.33 - - [28/Apr/2015:06:29:28 +0000] "HEAD / HTTP/1.0" 200 9135 "-" "jetmon/1.0 (Jetpack Site Uptime Monitor by WordPress.com)"
62.10.169.240 - - [28/Apr/2015:06:33:42 +0000] "GET /work HTTP/1.0" 301 60 "http://www.bing.com/search?q=WebCode%20mail&scope=web&setmkt=en-IT&setlang=match&first=41&FORM=W5WA1" "Mozilla/4.0 (compatible; MSIE 8.0; Windows NT 5.1; Trident/4.0; .NET CLR 1.1.4322; .NET CLR 2.0.50727; .NET CLR 3.0.4506.2152; .NET CLR 3.5.30729; .NET4.0C)"
62.10.169.240 - - [28/Apr/2015:06:33:46 +0000] "GET /work HTTP/1.0" 301 - "http://www.bing.com/search?q=WebCode%20mail&scope=web&setmkt=en-IT&setlang=match&first=41&FORM=W5WA1" "Mozilla/4.0 (compatible; MSIE 8.0; Windows NT 5.1; Trident/4.0; .NET CLR 1.1.4322; .NET CLR 2.0.50727; .NET CLR 3.0.4506.2152; .NET CLR 3.5.30729; .NET4.0C)"
62.10.169.240 - - [28/Apr/2015:06:33:54 +0000] "GET /work/ HTTP/1.0" 404 1850 "http://www.bing.com/search?q=WebCode%20mail&scope=web&setmkt=en-IT&setlang=match&first=41&FORM=W5WA1" "Mozilla/4.0 (compatible; MSIE 8.0; Windows NT 5.1; Trident/4.0; .NET CLR 1.1.4322; .NET CLR 2.0.50727; .NET CLR 3.0.4506.2152; .NET CLR 3.5.30729; .NET4.0C)"
192.0.84.33 - - [28/Apr/2015:06:34:29 +0000] "HEAD / HTTP/1.0" 301 56 "-" "jetmon/1.0 (Jetpack Site Uptime Monitor by WordPress.com)"
192.0.84.33 - - [28/Apr/2015:06:34:30 +0000] "HEAD / HTTP/1.0" 200 9135 "-" "jetmon/1.0 (Jetpack Site Uptime Monitor by WordPress.com)"
62.10.169.240 - - [28/Apr/2015:06:34:49 +0000] "GET /work HTTP/1.0" 301 60 "http://www.bing.com/search?q=WebCode%20mail&scope=web&setmkt=en-IT&setlang=match&first=41&FORM=W5WA1" "Mozilla/4.0 (compatible; MSIE 8.0; Windows NT 5.1; Trident/4.0; .NET CLR 1.1.4322; .NET CLR 2.0.50727; .NET CLR 3.0.4506.2152; .NET CLR 3.5.30729; .NET4.0C)"
62.10.169.240 - - [28/Apr/2015:06:34:51 +0000] "GET /work HTTP/1.0" 301 - "http://www.bing.com/search?q=WebCode%20mail&scope=web&setmkt=en-IT&setlang=match&first=41&FORM=W5WA1" "Mozilla/4.0 (compatible; MSIE 8.0; Windows NT 5.1; Trident/4.0; .NET CLR 1.1.4322; .NET CLR 2.0.50727; .NET CLR 3.0.4506.2152; .NET CLR 3.5.30729; .NET4.0C)"
62.10.169.240 - - [28/Apr/2015:06:34:53 +0000] "GET /work/ HTTP/1.0" 404 1850 "http://www.bing.com/search?q=WebCode%20mail&scope=web&setmkt=en-IT&setlang=match&first=41&FORM=W5WA1" "Mozilla/4.0 (compatible; MSIE 8.0; Windows NT 5.1; Trident/4.0; .NET CLR 1.1.4322; .NET CLR 2.0.50727; .NET CLR 3.0.4506.2152; .NET CLR 3.5.30729; .NET4.0C)"
192.0.84.33 - - [28/Apr/2015:06:39:29 +0000] "HEAD / HTTP/1.0" 301 56 "-" "jetmon/1.0 (Jetpack Site Uptime Monitor by WordPress.com)"
192.0.84.33 - - [28/Apr/2015:06:39:30 +0000] "HEAD / HTTP/1.0" 200 9135 "-" "jetmon/1.0 (Jetpack Site Uptime Monitor by WordPress.com)"
180.76.4.75 - - [28/Apr/2015:06:41:27 +0000] "GET / HTTP/1.0" 301 56 "-" "Mozilla/4.0 (compatible; MSIE 7.0; Windows NT 6.0)"
192.0.84.33 - - [28/Apr/2015:06:44:31 +0000] "HEAD / HTTP/1.0" 301 56 "-" "jetmon/1.0 (Jetpack Site Uptime Monitor by WordPress.com)"
192.0.84.33 - - [28/Apr/2015:06:44:31 +0000] "HEAD / HTTP/1.0" 200 9135 "-" "jetmon/1.0 (Jetpack Site Uptime Monitor by WordPress.com)"
192.0.84.33 - - [28/Apr/2015:06:49:36 +0000] "HEAD / HTTP/1.0" 301 56 "-" "jetmon/1.0 (Jetpack Site Uptime Monitor by WordPress.com)"
192.0.84.33 - - [28/Apr/2015:06:49:36 +0000] "HEAD / HTTP/1.0" 200 9135 "-" "jetmon/1.0 (Jetpack Site Uptime Monitor by WordPress.com)"
192.0.84.33 - - [28/Apr/2015:06:54:25 +0000] "HEAD / HTTP/1.0" 301 56 "-" "jetmon/1.0 (Jetpack Site Uptime Monitor by WordPress.com)"
192.0.84.33 - - [28/Apr/2015:06:54:26 +0000] "HEAD / HTTP/1.0" 200 9135 "-" "jetmon/1.0 (Jetpack Site Uptime Monitor by WordPress.com)"
192.0.84.33 - - [28/Apr/2015:06:59:26 +0000] "HEAD / HTTP/1.0" 301 56 "-" "jetmon/1.0 (Jetpack Site Uptime Monitor by WordPress.com)"
192.0.84.33 - - [28/Apr/2015:06:59:26 +0000] "HEAD / HTTP/1.0" 200 9135 "-" "jetmon/1.0 (Jetpack Site Uptime Monitor by WordPress.com)"
66.249.79.63 - - [28/Apr/2015:07:04:27 +0000] "GET /robots.txt HTTP/1.0" 200 - "-" "Mozilla/5.0 (compatible; Googlebot/2.1; +http://www.google.com/bot.html)"
66.249.79.71 - - [28/Apr/2015:07:04:28 +0000] "GET / HTTP/1.0" 200 - "-" "Mozilla/5.0 (compatible; Googlebot/2.1; +http://www.google.com/bot.html)"
192.0.84.33 - - [28/Apr/2015:07:04:39 +0000] "HEAD / HTTP/1.0" 301 56 "-" "jetmon/1.0 (Jetpack Site Uptime Monitor by WordPress.com)"
192.0.84.33 - - [28/Apr/2015:07:04:39 +0000] "HEAD / HTTP/1.0" 200 9135 "-" "jetmon/1.0 (Jetpack Site Uptime Monitor by WordPress.com)"
192.0.84.33 - - [28/Apr/2015:07:09:32 +0000] "HEAD / HTTP/1.0" 301 56 "-" "jetmon/1.0 (Jetpack Site Uptime Monitor by WordPress.com)"
192.0.84.33 - - [28/Apr/2015:07:09:32 +0000] "HEAD / HTTP/1.0" 200 9135 "-" "jetmon/1.0 (Jetpack Site Uptime Monitor by WordPress.com)"
125.86.27.42 - - [28/Apr/2015:07:14:20 +0000] "GET / HTTP/1.0" 301 100 "http://webcode01.com/" "Mozilla/5.0 (Windows NT 6.1) AppleWebKit/537.36 (KHTML, like Gecko) Chrome/30.0.1599.12785 YaBrowser/13.12.1599.12785 Safari/537.36"
125.86.27.42 - - [28/Apr/2015:07:14:20 +0000] "GET / HTTP/1.0" 301 100 "http://webcode01.com/" "Mozilla/5.0 (Windows NT 6.1; WOW64) AppleWebKit/537.36 (KHTML, like Gecko) Chrome/32.0.1700.76 Safari/537.36"
125.86.27.42 - - [28/Apr/2015:07:14:21 +0000] "GET / HTTP/1.0" 200 9135 "http://webcode01.com/" "Mozilla/5.0 (Windows NT 6.1; WOW64) AppleWebKit/537.36 (KHTML, like Gecko) Chrome/32.0.1700.76 Safari/537.36"
125.86.27.42 - - [28/Apr/2015:07:14:21 +0000] "GET / HTTP/1.0" 200 9135 "http://webcode01.com/" "Mozilla/5.0 (Windows NT 6.1) AppleWebKit/537.36 (KHTML, like Gecko) Chrome/30.0.1599.12785 YaBrowser/13.12.1599.12785 Safari/537.36"
192.0.84.33 - - [28/Apr/2015:07:14:31 +0000] "HEAD / HTTP/1.0" 301 56 "-" "jetmon/1.0 (Jetpack Site Uptime Monitor by WordPress.com)"
192.0.84.33 - - [28/Apr/2015:07:14:32 +0000] "HEAD / HTTP/1.0" 200 9135 "-" "jetmon/1.0 (Jetpack Site Uptime Monitor by WordPress.com)"
192.0.84.33 - - [28/Apr/2015:07:19:36 +0000] "HEAD / HTTP/1.0" 301 56 "-" "jetmon/1.0 (Jetpack Site Uptime Monitor by WordPress.com)"
192.0.84.33 - - [28/Apr/2015:07:19:37 +0000] "HEAD / HTTP/1.0" 200 9135 "-" "jetmon/1.0 (Jetpack Site Uptime Monitor by WordPress.com)"
192.0.84.33 - - [28/Apr/2015:07:24:37 +0000] "HEAD / HTTP/1.0" 301 56 "-" "jetmon/1.0 (Jetpack Site Uptime Monitor by WordPress.com)"
192.0.84.33 - - [28/Apr/2015:07:24:37 +0000] "HEAD / HTTP/1.0" 200 9135 "-" "jetmon/1.0 (Jetpack Site Uptime Monitor by WordPress.com)"
192.0.84.33 - - [28/Apr/2015:07:29:30 +0000] "HEAD / HTTP/1.0" 301 56 "-" "jetmon/1.0 (Jetpack Site Uptime Monitor by WordPress.com)"
192.0.84.33 - - [28/Apr/2015:07:29:30 +0000] "HEAD / HTTP/1.0" 200 9135 "-" "jetmon/1.0 (Jetpack Site Uptime Monitor by WordPress.com)"
192.0.84.33 - - [28/Apr/2015:07:34:32 +0000] "HEAD / HTTP/1.0" 301 56 "-" "jetmon/1.0 (Jetpack Site Uptime Monitor by WordPress.com)"
192.0.84.33 - - [28/Apr/2015:07:34:32 +0000] "HEAD / HTTP/1.0" 200 9135 "-" "jetmon/1.0 (Jetpack Site Uptime Monitor by WordPress.com)"
192.0.84.33 - - [28/Apr/2015:07:39:32 +0000] "HEAD / HTTP/1.0" 301 56 "-" "jetmon/1.0 (Jetpack Site Uptime Monitor by WordPress.com)"
192.0.84.33 - - [28/Apr/2015:07:39:32 +0000] "HEAD / HTTP/1.0" 200 9135 "-" "jetmon/1.0 (Jetpack Site Uptime Monitor by WordPress.com)"
66.249.79.128 - - [28/Apr/2015:07:42:38 +0000] "GET /robots.txt HTTP/1.0" 301 66 "-" "Mozilla/5.0 (compatible; Googlebot/2.1; +http://www.google.com/bot.html)"
66.249.79.128 - - [28/Apr/2015:07:42:38 +0000] "GET /get-paid-for-writing/ HTTP/1.0" 301 142 "-" "Mozilla/5.0 (compatible; Googlebot/2.1; +http://www.google.com/bot.html)"
66.249.79.55 - - [28/Apr/2015:07:42:39 +0000] "GET /get-paid-for-writing/ HTTP/1.0" 200 - "-" "Mozilla/5.0 (compatible; Googlebot/2.1; +http://www.google.com/bot.html)"
66.249.79.71 - - [28/Apr/2015:07:42:59 +0000] "GET /assets/css/screen.css%3Fv=eb915c126a?v=eb915c126a HTTP/1.0" 301 - "-" "Mozilla/5.0 (compatible; Googlebot/2.1; +http://www.google.com/bot.html)"
66.249.79.71 - - [28/Apr/2015:07:42:59 +0000] "GET /assets/css/screen.css%3Fv=eb915c126a/?v=eb915c126a HTTP/1.0" 301 87 "-" "Mozilla/5.0 (compatible; Googlebot/2.1; +http://www.google.com/bot.html)"
192.0.84.33 - - [28/Apr/2015:07:44:52 +0000] "HEAD / HTTP/1.0" 301 56 "-" "jetmon/1.0 (Jetpack Site Uptime Monitor by WordPress.com)"
192.0.84.33 - - [28/Apr/2015:07:44:53 +0000] "HEAD / HTTP/1.0" 200 9135 "-" "jetmon/1.0 (Jetpack Site Uptime Monitor by WordPress.com)"
192.0.84.33 - - [28/Apr/2015:07:50:04 +0000] "HEAD / HTTP/1.0" 301 56 "-" "jetmon/1.0 (Jetpack Site Uptime Monitor by WordPress.com)"
192.0.84.33 - - [28/Apr/2015:07:50:04 +0000] "HEAD / HTTP/1.0" 200 9135 "-" "jetmon/1.0 (Jetpack Site Uptime Monitor by WordPress.com)"
192.0.84.33 - - [28/Apr/2015:07:54:34 +0000] "HEAD / HTTP/1.0" 301 56 "-" "jetmon/1.0 (Jetpack Site Uptime Monitor by WordPress.com)"
192.0.84.33 - - [28/Apr/2015:07:54:34 +0000] "HEAD / HTTP/1.0" 200 9135 "-" "jetmon/1.0 (Jetpack Site Uptime Monitor by WordPress.com)"
107.23.45.196 - - [28/Apr/2015:07:57:45 +0000] "GET / HTTP/1.0" 301 56 "http://webcode01.com/" "Mozilla/5.0 (compatible; DuckDuckGo-Favicons-Bot/1.0; +http://duckduckgo.com)"
107.23.45.196 - - [28/Apr/2015:07:57:45 +0000] "GET / HTTP/1.0" 200 9135 "https://webcode01.com/" "Mozilla/5.0 (compatible; DuckDuckGo-Favicons-Bot/1.0; +http://duckduckgo.com)"
107.23.45.196 - - [28/Apr/2015:07:57:45 +0000] "GET /favicon.ico HTTP/1.0" 200 1086 "https://webcode01.com/favicon.ico" "Mozilla/5.0 (compatible; DuckDuckGo-Favicons-Bot/1.0; +http://duckduckgo.com)"
192.0.84.33 - - [28/Apr/2015:07:59:32 +0000] "HEAD / HTTP/1.0" 301 56 "-" "jetmon/1.0 (Jetpack Site Uptime Monitor by WordPress.com)"
192.0.84.33 - - [28/Apr/2015:07:59:33 +0000] "HEAD / HTTP/1.0" 200 9135 "-" "jetmon/1.0 (Jetpack Site Uptime Monitor by WordPress.com)"
192.0.84.33 - - [28/Apr/2015:08:04:47 +0000] "HEAD / HTTP/1.0" 301 56 "-" "jetmon/1.0 (Jetpack Site Uptime Monitor by WordPress.com)"
192.0.84.33 - - [28/Apr/2015:08:04:47 +0000] "HEAD / HTTP/1.0" 200 9135 "-" "jetmon/1.0 (Jetpack Site Uptime Monitor by WordPress.com)"
192.0.84.33 - - [28/Apr/2015:08:09:32 +0000] "HEAD / HTTP/1.0" 301 56 "-" "jetmon/1.0 (Jetpack Site Uptime Monitor by WordPress.com)"
192.0.84.33 - - [28/Apr/2015:08:09:32 +0000] "HEAD / HTTP/1.0" 200 9135 "-" "jetmon/1.0 (Jetpack Site Uptime Monitor by WordPress.com)"
192.0.84.33 - - [28/Apr/2015:08:14:46 +0000] "HEAD / HTTP/1.0" 301 56 "-" "jetmon/1.0 (Jetpack Site Uptime Monitor by WordPress.com)"
192.0.84.33 - - [28/Apr/2015:08:14:46 +0000] "HEAD / HTTP/1.0" 200 9135 "-" "jetmon/1.0 (Jetpack Site Uptime Monitor by WordPress.com)"
192.0.84.33 - - [28/Apr/2015:08:19:29 +0000] "HEAD / HTTP/1.0" 301 56 "-" "jetmon/1.0 (Jetpack Site Uptime Monitor by WordPress.com)"
192.0.84.33 - - [28/Apr/2015:08:19:29 +0000] "HEAD / HTTP/1.0" 200 9135 "-" "jetmon/1.0 (Jetpack Site Uptime Monitor by WordPress.com)"
192.0.84.33 - - [28/Apr/2015:08:24:35 +0000] "HEAD / HTTP/1.0" 301 56 "-" "jetmon/1.0 (Jetpack Site Uptime Monitor by WordPress.com)"
192.0.84.33 - - [28/Apr/2015:08:24:35 +0000] "HEAD / HTTP/1.0" 200 9135 "-" "jetmon/1.0 (Jetpack Site Uptime Monitor by WordPress.com)"
66.249.79.120 - - [28/Apr/2015:08:26:50 +0000] "GET /feed/ HTTP/1.0" 301 61 "-" "Mozilla/5.0 (compatible; Googlebot/2.1; +http://www.google.com/bot.html)"
66.249.79.128 - - [28/Apr/2015:08:26:50 +0000] "GET /robots.txt HTTP/1.0" 301 66 "-" "Mozilla/5.0 (compatible; Googlebot/2.1; +http://www.google.com/bot.html)"
66.249.79.63 - - [28/Apr/2015:08:26:50 +0000] "GET /robots.txt HTTP/1.0" 200 - "-" "Mozilla/5.0 (compatible; Googlebot/2.1; +http://www.google.com/bot.html)"
66.249.79.71 - - [28/Apr/2015:08:26:51 +0000] "GET /robots.txt HTTP/1.0" 200 - "-" "Mozilla/5.0 (compatible; Googlebot/2.1; +http://www.google.com/bot.html)"
66.249.79.71 - - [28/Apr/2015:08:26:51 +0000] "GET /feed/ HTTP/1.0" 301 39 "-" "Mozilla/5.0 (compatible; Googlebot/2.1; +http://www.google.com/bot.html)"
66.249.79.63 - - [28/Apr/2015:08:26:51 +0000] "GET /rss/ HTTP/1.0" 200 - "-" "Mozilla/5.0 (compatible; Googlebot/2.1; +http://www.google.com/bot.html)"
180.76.6.65 - - [28/Apr/2015:08:28:00 +0000] "GET /robots.txt HTTP/1.0" 301 66 "-" "Mozilla/5.0 (Windows NT 5.1; rv:6.0.2) Gecko/20100101 Firefox/6.0.2"
180.76.5.95 - - [28/Apr/2015:08:28:51 +0000] "GET /wp-content/themes/adamos/js/flexslider-init.js HTTP/1.0" 301 102 "-" "Mozilla/5.0 (compatible; Baiduspider/2.0; +http://www.baidu.com/search/spider.html)"
192.0.84.33 - - [28/Apr/2015:08:29:27 +0000] "HEAD / HTTP/1.0" 301 56 "-" "jetmon/1.0 (Jetpack Site Uptime Monitor by WordPress.com)"
192.0.84.33 - - [28/Apr/2015:08:29:27 +0000] "HEAD / HTTP/1.0" 200 9135 "-" "jetmon/1.0 (Jetpack Site Uptime Monitor by WordPress.com)"
192.0.84.33 - - [28/Apr/2015:08:34:26 +0000] "HEAD / HTTP/1.0" 301 56 "-" "jetmon/1.0 (Jetpack Site Uptime Monitor by WordPress.com)"
192.0.84.33 - - [28/Apr/2015:08:34:27 +0000] "HEAD / HTTP/1.0" 200 9135 "-" "jetmon/1.0 (Jetpack Site Uptime Monitor by WordPress.com)"
192.0.84.33 - - [28/Apr/2015:08:39:38 +0000] "HEAD / HTTP/1.0" 301 56 "-" "jetmon/1.0 (Jetpack Site Uptime Monitor by WordPress.com)"
192.0.84.33 - - [28/Apr/2015:08:39:38 +0000] "HEAD / HTTP/1.0" 200 9135 "-" "jetmon/1.0 (Jetpack Site Uptime Monitor by WordPress.com)"
192.0.84.33 - - [28/Apr/2015:08:44:32 +0000] "HEAD / HTTP/1.0" 301 56 "-" "jetmon/1.0 (Jetpack Site Uptime Monitor by WordPress.com)"
192.0.84.33 - - [28/Apr/2015:08:44:33 +0000] "HEAD / HTTP/1.0" 200 9135 "-" "jetmon/1.0 (Jetpack Site Uptime Monitor by WordPress.com)"
192.0.84.33 - - [28/Apr/2015:08:49:30 +0000] "HEAD / HTTP/1.0" 301 56 "-" "jetmon/1.0 (Jetpack Site Uptime Monitor by WordPress.com)"
192.0.84.33 - - [28/Apr/2015:08:49:30 +0000] "HEAD / HTTP/1.0" 200 9135 "-" "jetmon/1.0 (Jetpack Site Uptime Monitor by WordPress.com)"
123.125.71.102 - - [28/Apr/2015:08:51:14 +0000] "GET / HTTP/1.0" 301 56 "-" "Mozilla/5.0 (Windows NT 5.1; rv:6.0.2) Gecko/20100101 Firefox/6.0.2"
220.181.108.141 - - [28/Apr/2015:08:53:20 +0000] "GET / HTTP/1.0" 301 56 "-" "Mozilla/5.0 (Windows NT 5.1; rv:6.0.2) Gecko/20100101 Firefox/6.0.2"
192.0.84.33 - - [28/Apr/2015:08:54:28 +0000] "HEAD / HTTP/1.0" 301 56 "-" "jetmon/1.0 (Jetpack Site Uptime Monitor by WordPress.com)"
192.0.84.33 - - [28/Apr/2015:08:54:28 +0000] "HEAD / HTTP/1.0" 200 9135 "-" "jetmon/1.0 (Jetpack Site Uptime Monitor by WordPress.com)"
180.76.14.143 - - [28/Apr/2015:08:57:35 +0000] "GET /author/joe/ HTTP/1.0" 301 67 "-" "Mozilla/5.0 (Windows NT 6.1; WOW64) AppleWebKit/537.36 (KHTML, like Gecko) Chrome/36.0.1985.125 Safari/537.36"
180.76.6.154 - - [28/Apr/2015:08:58:51 +0000] "GET /tag/fiverr/ HTTP/1.0" 301 67 "-" "Mozilla/5.0 (compatible; Baiduspider/2.0; +http://www.baidu.com/search/spider.html)"
192.0.84.33 - - [28/Apr/2015:08:59:33 +0000] "HEAD / HTTP/1.0" 301 56 "-" "jetmon/1.0 (Jetpack Site Uptime Monitor by WordPress.com)"
192.0.84.33 - - [28/Apr/2015:08:59:33 +0000] "HEAD / HTTP/1.0" 200 9135 "-" "jetmon/1.0 (Jetpack Site Uptime Monitor by WordPress.com)"
192.0.84.33 - - [28/Apr/2015:09:04:39 +0000] "HEAD / HTTP/1.0" 301 56 "-" "jetmon/1.0 (Jetpack Site Uptime Monitor by WordPress.com)"
192.0.84.33 - - [28/Apr/2015:09:04:40 +0000] "HEAD / HTTP/1.0" 200 9135 "-" "jetmon/1.0 (Jetpack Site Uptime Monitor by WordPress.com)"
192.0.84.33 - - [28/Apr/2015:09:09:27 +0000] "HEAD / HTTP/1.0" 301 56 "-" "jetmon/1.0 (Jetpack Site Uptime Monitor by WordPress.com)"
192.0.84.33 - - [28/Apr/2015:09:09:28 +0000] "HEAD / HTTP/1.0" 200 9135 "-" "jetmon/1.0 (Jetpack Site Uptime Monitor by WordPress.com)"
192.0.84.33 - - [28/Apr/2015:09:14:31 +0000] "HEAD / HTTP/1.0" 301 56 "-" "jetmon/1.0 (Jetpack Site Uptime Monitor by WordPress.com)"
192.0.84.33 - - [28/Apr/2015:09:14:32 +0000] "HEAD / HTTP/1.0" 200 9135 "-" "jetmon/1.0 (Jetpack Site Uptime Monitor by WordPress.com)"
192.0.84.33 - - [28/Apr/2015:09:19:32 +0000] "HEAD / HTTP/1.0" 301 56 "-" "jetmon/1.0 (Jetpack Site Uptime Monitor by WordPress.com)"
192.0.84.33 - - [28/Apr/2015:09:19:33 +0000] "HEAD / HTTP/1.0" 200 9135 "-" "jetmon/1.0 (Jetpack Site Uptime Monitor by WordPress.com)"
66.249.79.120 - - [28/Apr/2015:09:20:39 +0000] "GET /robots.txt HTTP/1.0" 301 66 "-" "Mozilla/5.0 (compatible; Googlebot/2.1; +http://www.google.com/bot.html)"
192.0.84.33 - - [28/Apr/2015:09:24:35 +0000] "HEAD / HTTP/1.0" 301 56 "-" "jetmon/1.0 (Jetpack Site Uptime Monitor by WordPress.com)"
192.0.84.33 - - [28/Apr/2015:09:24:35 +0000] "HEAD / HTTP/1.0" 200 9135 "-" "jetmon/1.0 (Jetpack Site Uptime Monitor by WordPress.com)"
192.0.84.33 - - [28/Apr/2015:09:29:31 +0000] "HEAD / HTTP/1.0" 301 56 "-" "jetmon/1.0 (Jetpack Site Uptime Monitor by WordPress.com)"
192.0.84.33 - - [28/Apr/2015:09:29:32 +0000] "HEAD / HTTP/1.0" 200 9135 "-" "jetmon/1.0 (Jetpack Site Uptime Monitor by WordPress.com)"
192.0.84.33 - - [28/Apr/2015:09:34:41 +0000] "HEAD / HTTP/1.0" 301 56 "-" "jetmon/1.0 (Jetpack Site Uptime Monitor by WordPress.com)"
192.0.84.33 - - [28/Apr/2015:09:34:41 +0000] "HEAD / HTTP/1.0" 200 9135 "-" "jetmon/1.0 (Jetpack Site Uptime Monitor by WordPress.com)"
192.0.84.33 - - [28/Apr/2015:09:39:32 +0000] "HEAD / HTTP/1.0" 301 56 "-" "jetmon/1.0 (Jetpack Site Uptime Monitor by WordPress.com)"
192.0.84.33 - - [28/Apr/2015:09:39:33 +0000] "HEAD / HTTP/1.0" 200 9135 "-" "jetmon/1.0 (Jetpack Site Uptime Monitor by WordPress.com)"
192.0.84.33 - - [28/Apr/2015:09:44:33 +0000] "HEAD / HTTP/1.0" 301 56 "-" "jetmon/1.0 (Jetpack Site Uptime Monitor by WordPress.com)"
192.0.84.33 - - [28/Apr/2015:09:44:34 +0000] "HEAD / HTTP/1.0" 200 9135 "-" "jetmon/1.0 (Jetpack Site Uptime Monitor by WordPress.com)"
123.125.71.21 - - [28/Apr/2015:09:46:12 +0000] "GET / HTTP/1.0" 301 56 "-" "Mozilla/5.0 (Windows NT 5.1; rv:6.0.2) Gecko/20100101 Firefox/6.0.2"
220.181.108.168 - - [28/Apr/2015:09:49:30 +0000] "GET / HTTP/1.0" 301 56 "-" "Mozilla/5.0 (Windows NT 5.1; rv:6.0.2) Gecko/20100101 Firefox/6.0.2"
192.0.84.33 - - [28/Apr/2015:09:49:34 +0000] "HEAD / HTTP/1.0" 301 56 "-" "jetmon/1.0 (Jetpack Site Uptime Monitor by WordPress.com)"
192.0.84.33 - - [28/Apr/2015:09:49:34 +0000] "HEAD / HTTP/1.0" 200 9135 "-" "jetmon/1.0 (Jetpack Site Uptime Monitor by WordPress.com)"
192.0.84.33 - - [28/Apr/2015:09:54:40 +0000] "HEAD / HTTP/1.0" 301 56 "-" "jetmon/1.0 (Jetpack Site Uptime Monitor by WordPress.com)"
192.0.84.33 - - [28/Apr/2015:09:54:41 +0000] "HEAD / HTTP/1.0" 200 9135 "-" "jetmon/1.0 (Jetpack Site Uptime Monitor by WordPress.com)"
66.249.79.63 - - [28/Apr/2015:09:58:54 +0000] "GET /robots.txt HTTP/1.0" 200 - "-" "Mozilla/5.0 (compatible; Googlebot/2.1; +http://www.google.com/bot.html)"
192.0.84.33 - - [28/Apr/2015:09:59:29 +0000] "HEAD / HTTP/1.0" 301 56 "-" "jetmon/1.0 (Jetpack Site Uptime Monitor by WordPress.com)"
192.0.84.33 - - [28/Apr/2015:09:59:29 +0000] "HEAD / HTTP/1.0" 200 9135 "-" "jetmon/1.0 (Jetpack Site Uptime Monitor by WordPress.com)"
66.249.79.63 - - [28/Apr/2015:09:59:41 +0000] "GET / HTTP/1.0" 200 - "-" "Mozilla/5.0 (compatible; Googlebot/2.1; +http://www.google.com/bot.html)"
192.0.84.33 - - [28/Apr/2015:10:04:48 +0000] "HEAD / HTTP/1.0" 301 56 "-" "jetmon/1.0 (Jetpack Site Uptime Monitor by WordPress.com)"
192.0.84.33 - - [28/Apr/2015:10:04:48 +0000] "HEAD / HTTP/1.0" 200 9135 "-" "jetmon/1.0 (Jetpack Site Uptime Monitor by WordPress.com)"
192.0.84.33 - - [28/Apr/2015:10:09:32 +0000] "HEAD / HTTP/1.0" 301 56 "-" "jetmon/1.0 (Jetpack Site Uptime Monitor by WordPress.com)"
192.0.84.33 - - [28/Apr/2015:10:09:33 +0000] "HEAD / HTTP/1.0" 200 9135 "-" "jetmon/1.0 (Jetpack Site Uptime Monitor by WordPress.com)"
192.0.84.33 - - [28/Apr/2015:10:14:33 +0000] "HEAD / HTTP/1.0" 301 56 "-" "jetmon/1.0 (Jetpack Site Uptime Monitor by WordPress.com)"
192.0.84.33 - - [28/Apr/2015:10:14:33 +0000] "HEAD / HTTP/1.0" 200 9135 "-" "jetmon/1.0 (Jetpack Site Uptime Monitor by WordPress.com)"
192.0.84.33 - - [28/Apr/2015:10:19:37 +0000] "HEAD / HTTP/1.0" 301 56 "-" "jetmon/1.0 (Jetpack Site Uptime Monitor by WordPress.com)"
192.0.84.33 - - [28/Apr/2015:10:19:37 +0000] "HEAD / HTTP/1.0" 200 9135 "-" "jetmon/1.0 (Jetpack Site Uptime Monitor by WordPress.com)"
192.0.84.33 - - [28/Apr/2015:10:24:41 +0000] "HEAD / HTTP/1.0" 301 56 "-" "jetmon/1.0 (Jetpack Site Uptime Monitor by WordPress.com)"
192.0.84.33 - - [28/Apr/2015:10:24:41 +0000] "HEAD / HTTP/1.0" 200 9135 "-" "jetmon/1.0 (Jetpack Site Uptime Monitor by WordPress.com)"
192.0.84.33 - - [28/Apr/2015:10:29:34 +0000] "HEAD / HTTP/1.0" 301 56 "-" "jetmon/1.0 (Jetpack Site Uptime Monitor by WordPress.com)"
192.0.84.33 - - [28/Apr/2015:10:29:35 +0000] "HEAD / HTTP/1.0" 200 9135 "-" "jetmon/1.0 (Jetpack Site Uptime Monitor by WordPress.com)"
192.0.84.33 - - [28/Apr/2015:10:34:32 +0000] "HEAD / HTTP/1.0" 301 56 "-" "jetmon/1.0 (Jetpack Site Uptime Monitor by WordPress.com)"
192.0.84.33 - - [28/Apr/2015:10:34:33 +0000] "HEAD / HTTP/1.0" 200 9135 "-" "jetmon/1.0 (Jetpack Site Uptime Monitor by WordPress.com)"
66.249.79.63 - - [28/Apr/2015:10:37:35 +0000] "GET /tag/ghost-tag/ HTTP/1.0" 200 - "-" "Mozilla/5.0 (compatible; Googlebot/2.1; +http://www.google.com/bot.html)"
157.55.39.29 - - [28/Apr/2015:10:38:25 +0000] "GET / HTTP/1.0" 301 56 "-" "Mozilla/5.0 (compatible; bingbot/2.0; +http://www.bing.com/bingbot.htm)"
192.0.84.33 - - [28/Apr/2015:10:39:36 +0000] "HEAD / HTTP/1.0" 301 56 "-" "jetmon/1.0 (Jetpack Site Uptime Monitor by WordPress.com)"
192.0.84.33 - - [28/Apr/2015:10:39:37 +0000] "HEAD / HTTP/1.0" 200 9135 "-" "jetmon/1.0 (Jetpack Site Uptime Monitor by WordPress.com)"
180.76.4.114 - - [28/Apr/2015:10:41:53 +0000] "GET / HTTP/1.0" 301 56 "-" "Mozilla/4.0 (compatible; MSIE 7.0; Windows NT 6.0)"
192.0.84.33 - - [28/Apr/2015:10:44:39 +0000] "HEAD / HTTP/1.0" 301 56 "-" "jetmon/1.0 (Jetpack Site Uptime Monitor by WordPress.com)"
192.0.84.33 - - [28/Apr/2015:10:44:39 +0000] "HEAD / HTTP/1.0" 200 9135 "-" "jetmon/1.0 (Jetpack Site Uptime Monitor by WordPress.com)"
123.125.71.102 - - [28/Apr/2015:10:45:31 +0000] "GET / HTTP/1.0" 301 56 "-" "Mozilla/5.0 (Windows NT 5.1; rv:6.0.2) Gecko/20100101 Firefox/6.0.2"
220.181.108.173 - - [28/Apr/2015:10:48:06 +0000] "GET / HTTP/1.0" 301 56 "-" "Mozilla/5.0 (Windows NT 5.1; rv:6.0.2) Gecko/20100101 Firefox/6.0.2"
192.0.84.33 - - [28/Apr/2015:10:49:35 +0000] "HEAD / HTTP/1.0" 301 56 "-" "jetmon/1.0 (Jetpack Site Uptime Monitor by WordPress.com)"
192.0.84.33 - - [28/Apr/2015:10:49:36 +0000] "HEAD / HTTP/1.0" 200 9135 "-" "jetmon/1.0 (Jetpack Site Uptime Monitor by WordPress.com)"
192.0.84.33 - - [28/Apr/2015:10:54:31 +0000] "HEAD / HTTP/1.0" 301 56 "-" "jetmon/1.0 (Jetpack Site Uptime Monitor by WordPress.com)"
192.0.84.33 - - [28/Apr/2015:10:54:31 +0000] "HEAD / HTTP/1.0" 200 9135 "-" "jetmon/1.0 (Jetpack Site Uptime Monitor by WordPress.com)"
192.0.84.33 - - [28/Apr/2015:10:59:48 +0000] "HEAD / HTTP/1.0" 301 56 "-" "jetmon/1.0 (Jetpack Site Uptime Monitor by WordPress.com)"
192.0.84.33 - - [28/Apr/2015:10:59:49 +0000] "HEAD / HTTP/1.0" 200 9135 "-" "jetmon/1.0 (Jetpack Site Uptime Monitor by WordPress.com)"
66.249.79.55 - - [28/Apr/2015:11:02:00 +0000] "GET /robots.txt HTTP/1.0" 200 - "-" "Mozilla/5.0 (compatible; Googlebot/2.1; +http://www.google.com/bot.html)"
66.249.79.71 - - [28/Apr/2015:11:02:00 +0000] "GET /tag/ghost-tag/ HTTP/1.0" 200 - "-" "Mozilla/5.0 (iPhone; CPU iPhone OS 6_0 like Mac OS X) AppleWebKit/536.26 (KHTML, like Gecko) Version/6.0 Mobile/10A5376e Safari/8536.25 (compatible; Googlebot/2.1; +http://www.google.com/bot.html)"
192.0.84.33 - - [28/Apr/2015:11:04:37 +0000] "HEAD / HTTP/1.0" 301 56 "-" "jetmon/1.0 (Jetpack Site Uptime Monitor by WordPress.com)"
192.0.84.33 - - [28/Apr/2015:11:04:37 +0000] "HEAD / HTTP/1.0" 200 9135 "-" "jetmon/1.0 (Jetpack Site Uptime Monitor by WordPress.com)"
37.140.141.27 - - [28/Apr/2015:11:05:38 +0000] "GET /sitemap-posts.xml HTTP/1.0" 200 - "-" "Mozilla/5.0 (compatible; YandexBot/3.0; +http://yandex.com/bots)"
192.0.84.33 - - [28/Apr/2015:11:09:30 +0000] "HEAD / HTTP/1.0" 301 56 "-" "jetmon/1.0 (Jetpack Site Uptime Monitor by WordPress.com)"
192.0.84.33 - - [28/Apr/2015:11:09:30 +0000] "HEAD / HTTP/1.0" 200 9135 "-" "jetmon/1.0 (Jetpack Site Uptime Monitor by WordPress.com)"
192.0.84.33 - - [28/Apr/2015:11:14:31 +0000] "HEAD / HTTP/1.0" 301 56 "-" "jetmon/1.0 (Jetpack Site Uptime Monitor by WordPress.com)"
192.0.84.33 - - [28/Apr/2015:11:14:31 +0000] "HEAD / HTTP/1.0" 200 9135 "-" "jetmon/1.0 (Jetpack Site Uptime Monitor by WordPress.com)"
192.0.84.33 - - [28/Apr/2015:11:19:26 +0000] "HEAD / HTTP/1.0" 301 56 "-" "jetmon/1.0 (Jetpack Site Uptime Monitor by WordPress.com)"
192.0.84.33 - - [28/Apr/2015:11:19:26 +0000] "HEAD / HTTP/1.0" 200 9135 "-" "jetmon/1.0 (Jetpack Site Uptime Monitor by WordPress.com)"
192.0.84.33 - - [28/Apr/2015:11:24:33 +0000] "HEAD / HTTP/1.0" 301 56 "-" "jetmon/1.0 (Jetpack Site Uptime Monitor by WordPress.com)"
192.0.84.33 - - [28/Apr/2015:11:24:34 +0000] "HEAD / HTTP/1.0" 200 9135 "-" "jetmon/1.0 (Jetpack Site Uptime Monitor by WordPress.com)"
192.0.84.33 - - [28/Apr/2015:11:29:34 +0000] "HEAD / HTTP/1.0" 301 56 "-" "jetmon/1.0 (Jetpack Site Uptime Monitor by WordPress.com)"
192.0.84.33 - - [28/Apr/2015:11:29:35 +0000] "HEAD / HTTP/1.0" 200 9135 "-" "jetmon/1.0 (Jetpack Site Uptime Monitor by WordPress.com)"
192.0.84.33 - - [28/Apr/2015:11:34:34 +0000] "HEAD / HTTP/1.0" 301 56 "-" "jetmon/1.0 (Jetpack Site Uptime Monitor by WordPress.com)"
192.0.84.33 - - [28/Apr/2015:11:34:35 +0000] "HEAD / HTTP/1.0" 200 9135 "-" "jetmon/1.0 (Jetpack Site Uptime Monitor by WordPress.com)"
66.249.79.128 - - [28/Apr/2015:11:37:32 +0000] "GET /robots.txt HTTP/1.0" 301 66 "-" "Mozilla/5.0 (compatible; Googlebot/2.1; +http://www.google.com/bot.html)"
66.249.79.128 - - [28/Apr/2015:11:37:32 +0000] "GET /sitemap.xml HTTP/1.0" 301 67 "-" "Mozilla/5.0 (compatible; Googlebot/2.1; +http://www.google.com/bot.html)"
66.249.79.55 - - [28/Apr/2015:11:37:33 +0000] "GET /sitemap.xml HTTP/1.0" 200 622 "-" "Mozilla/5.0 (compatible; Googlebot/2.1; +http://www.google.com/bot.html)"
192.0.84.33 - - [28/Apr/2015:11:39:30 +0000] "HEAD / HTTP/1.0" 301 56 "-" "jetmon/1.0 (Jetpack Site Uptime Monitor by WordPress.com)"
192.0.84.33 - - [28/Apr/2015:11:39:31 +0000] "HEAD / HTTP/1.0" 200 9135 "-" "jetmon/1.0 (Jetpack Site Uptime Monitor by WordPress.com)"
192.0.84.33 - - [28/Apr/2015:11:44:45 +0000] "HEAD / HTTP/1.0" 301 56 "-" "jetmon/1.0 (Jetpack Site Uptime Monitor by WordPress.com)"
192.0.84.33 - - [28/Apr/2015:11:44:45 +0000] "HEAD / HTTP/1.0" 200 9135 "-" "jetmon/1.0 (Jetpack Site Uptime Monitor by WordPress.com)"
192.0.84.33 - - [28/Apr/2015:11:49:38 +0000] "HEAD / HTTP/1.0" 301 56 "-" "jetmon/1.0 (Jetpack Site Uptime Monitor by WordPress.com)"
192.0.84.33 - - [28/Apr/2015:11:49:39 +0000] "HEAD / HTTP/1.0" 200 9135 "-" "jetmon/1.0 (Jetpack Site Uptime Monitor by WordPress.com)"
192.0.84.33 - - [28/Apr/2015:11:54:40 +0000] "HEAD / HTTP/1.0" 301 56 "-" "jetmon/1.0 (Jetpack Site Uptime Monitor by WordPress.com)"
192.0.84.33 - - [28/Apr/2015:11:54:41 +0000] "HEAD / HTTP/1.0" 200 9135 "-" "jetmon/1.0 (Jetpack Site Uptime Monitor by WordPress.com)"
123.30.175.222 - - [28/Apr/2015:11:58:26 +0000] "GET /robots.txt HTTP/1.0" 301 66 "-" "Mozilla/5.0 (compatible; coccoc/1.0; +http://help.coccoc.com/)"
192.0.84.33 - - [28/Apr/2015:11:59:37 +0000] "HEAD / HTTP/1.0" 301 56 "-" "jetmon/1.0 (Jetpack Site Uptime Monitor by WordPress.com)"
192.0.84.33 - - [28/Apr/2015:11:59:38 +0000] "HEAD / HTTP/1.0" 200 9135 "-" "jetmon/1.0 (Jetpack Site Uptime Monitor by WordPress.com)"
66.249.79.55 - - [28/Apr/2015:12:00:33 +0000] "GET /sitemap-posts.xml HTTP/1.0" 200 - "-" "Mozilla/5.0 (compatible; Googlebot/2.1; +http://www.google.com/bot.html)"
192.0.84.33 - - [28/Apr/2015:12:04:42 +0000] "HEAD / HTTP/1.0" 301 56 "-" "jetmon/1.0 (Jetpack Site Uptime Monitor by WordPress.com)"
192.0.84.33 - - [28/Apr/2015:12:04:43 +0000] "HEAD / HTTP/1.0" 200 9135 "-" "jetmon/1.0 (Jetpack Site Uptime Monitor by WordPress.com)"
66.249.79.55 - - [28/Apr/2015:12:05:41 +0000] "GET /robots.txt HTTP/1.0" 200 - "-" "Mozilla/5.0 (compatible; Googlebot/2.1; +http://www.google.com/bot.html)"
