180.76.5.175 - - [29/Apr/2015:08:00:54 +0000] "GET /tag/earning-money/ HTTP/1.0" 301 74 "-" "Mozilla/5.0 (compatible; Baiduspider/2.0; +http://www.baidu.com/search/spider.html)"
192.0.84.33 - - [29/Apr/2015:08:04:16 +0000] "HEAD / HTTP/1.0" 301 56 "-" "jetmon/1.0 (Jetpack Site Uptime Monitor by WordPress.com)"
192.0.84.33 - - [29/Apr/2015:08:04:16 +0000] "HEAD / HTTP/1.0" 200 9135 "-" "jetmon/1.0 (Jetpack Site Uptime Monitor by WordPress.com)"
198.252.44.14 - - [29/Apr/2015:08:06:55 +0000] "GET / HTTP/1.0" 301 56 "-" "=Mozilla/5.0 (Windows; U; Windows NT 6.1; en-US) AppleWebKit/534.16 (KHTML, like Gecko) Chrome/10.0.648.204 Safari/534.16"
198.252.44.223 - - [29/Apr/2015:08:06:55 +0000] "GET / HTTP/1.0" 301 56 "-" "=Mozilla/5.0 (Windows; U; Windows NT 6.1; en-US) AppleWebKit/534.16 (KHTML, like Gecko) Chrome/10.0.648.204 Safari/534.16"
192.0.84.33 - - [29/Apr/2015:08:09:13 +0000] "HEAD / HTTP/1.0" 301 56 "-" "jetmon/1.0 (Jetpack Site Uptime Monitor by WordPress.com)"
192.0.84.33 - - [29/Apr/2015:08:09:13 +0000] "HEAD / HTTP/1.0" 200 9135 "-" "jetmon/1.0 (Jetpack Site Uptime Monitor by WordPress.com)"
104.34.176.16 - - [29/Apr/2015:08:12:27 +0000] "GET / HTTP/1.0" 301 100 "http://best-seo-offer.com/try.php?u=http://webcode01.com" "Mozilla/5.0 (Windows NT 6.1; WOW64) AppleWebKit/537.36 (KHTML, like Gecko) Chrome/32.0.1700.107 Safari/537.36"
66.249.79.55 - - [29/Apr/2015:08:12:44 +0000] "GET /robots.txt HTTP/1.0" 200 - "-" "Mozilla/5.0 (compatible; Googlebot/2.1; +http://www.google.com/bot.html)"
66.249.79.55 - - [29/Apr/2015:08:12:44 +0000] "GET / HTTP/1.0" 200 - "-" "Mozilla/5.0 (compatible; Googlebot/2.1; +http://www.google.com/bot.html)"
192.0.84.33 - - [29/Apr/2015:08:14:17 +0000] "HEAD / HTTP/1.0" 301 56 "-" "jetmon/1.0 (Jetpack Site Uptime Monitor by WordPress.com)"
192.0.84.33 - - [29/Apr/2015:08:14:17 +0000] "HEAD / HTTP/1.0" 200 9135 "-" "jetmon/1.0 (Jetpack Site Uptime Monitor by WordPress.com)"
125.86.25.216 - - [29/Apr/2015:08:19:13 +0000] "GET / HTTP/1.0" 301 100 "http://webcode01.com/" "Mozilla/5.0 (Windows NT 6.2; WOW64) AppleWebKit/537.36 (KHTML, like Gecko) Chrome/32.0.1700.107 Safari/537.36"
125.86.25.216 - - [29/Apr/2015:08:19:14 +0000] "GET / HTTP/1.0" 200 9135 "http://webcode01.com/" "Mozilla/5.0 (Windows NT 6.2; WOW64) AppleWebKit/537.36 (KHTML, like Gecko) Chrome/32.0.1700.107 Safari/537.36"
125.86.25.216 - - [29/Apr/2015:08:19:14 +0000] "GET / HTTP/1.0" 301 100 "http://webcode01.com/" "Opera/9.80 (Windows NT 6.1) Presto/2.12.388 Version/12.16"
125.86.25.216 - - [29/Apr/2015:08:19:15 +0000] "GET / HTTP/1.0" 301 100 "http://webcode01.com/" "Mozilla/5.0 (Windows NT 6.1; WOW64) AppleWebKit/537.36 (KHTML, like Gecko) Chrome/30.0.1599.12785 YaBrowser/13.12.1599.12785 Safari/537.36"
125.86.25.216 - - [29/Apr/2015:08:19:15 +0000] "GET / HTTP/1.0" 200 9135 "http://webcode01.com/" "Opera/9.80 (Windows NT 6.1) Presto/2.12.388 Version/12.16"
125.86.25.216 - - [29/Apr/2015:08:19:16 +0000] "GET / HTTP/1.0" 200 9135 "http://webcode01.com/" "Mozilla/5.0 (Windows NT 6.1; WOW64) AppleWebKit/537.36 (KHTML, like Gecko) Chrome/30.0.1599.12785 YaBrowser/13.12.1599.12785 Safari/537.36"
192.0.84.33 - - [29/Apr/2015:08:19:16 +0000] "HEAD / HTTP/1.0" 301 56 "-" "jetmon/1.0 (Jetpack Site Uptime Monitor by WordPress.com)"
192.0.84.33 - - [29/Apr/2015:08:19:16 +0000] "HEAD / HTTP/1.0" 200 9135 "-" "jetmon/1.0 (Jetpack Site Uptime Monitor by WordPress.com)"
192.0.84.33 - - [29/Apr/2015:08:24:12 +0000] "HEAD / HTTP/1.0" 301 56 "-" "jetmon/1.0 (Jetpack Site Uptime Monitor by WordPress.com)"
192.0.84.33 - - [29/Apr/2015:08:24:13 +0000] "HEAD / HTTP/1.0" 200 9135 "-" "jetmon/1.0 (Jetpack Site Uptime Monitor by WordPress.com)"
192.0.84.33 - - [29/Apr/2015:08:29:11 +0000] "HEAD / HTTP/1.0" 301 56 "-" "jetmon/1.0 (Jetpack Site Uptime Monitor by WordPress.com)"
192.0.84.33 - - [29/Apr/2015:08:29:11 +0000] "HEAD / HTTP/1.0" 200 9135 "-" "jetmon/1.0 (Jetpack Site Uptime Monitor by WordPress.com)"
192.0.84.33 - - [29/Apr/2015:08:34:10 +0000] "HEAD / HTTP/1.0" 301 56 "-" "jetmon/1.0 (Jetpack Site Uptime Monitor by WordPress.com)"
192.0.84.33 - - [29/Apr/2015:08:34:10 +0000] "HEAD / HTTP/1.0" 200 9135 "-" "jetmon/1.0 (Jetpack Site Uptime Monitor by WordPress.com)"
192.0.84.33 - - [29/Apr/2015:08:39:12 +0000] "HEAD / HTTP/1.0" 301 56 "-" "jetmon/1.0 (Jetpack Site Uptime Monitor by WordPress.com)"
192.0.84.33 - - [29/Apr/2015:08:39:13 +0000] "HEAD / HTTP/1.0" 200 9135 "-" "jetmon/1.0 (Jetpack Site Uptime Monitor by WordPress.com)"
192.0.84.33 - - [29/Apr/2015:08:44:14 +0000] "HEAD / HTTP/1.0" 301 56 "-" "jetmon/1.0 (Jetpack Site Uptime Monitor by WordPress.com)"
192.0.84.33 - - [29/Apr/2015:08:44:14 +0000] "HEAD / HTTP/1.0" 200 9135 "-" "jetmon/1.0 (Jetpack Site Uptime Monitor by WordPress.com)"
123.125.71.28 - - [29/Apr/2015:08:44:46 +0000] "GET / HTTP/1.0" 301 56 "-" "Mozilla/5.0 (Windows NT 5.1; rv:6.0.2) Gecko/20100101 Firefox/6.0.2"
220.181.108.102 - - [29/Apr/2015:08:48:26 +0000] "GET / HTTP/1.0" 301 56 "-" "Mozilla/5.0 (Windows NT 5.1; rv:6.0.2) Gecko/20100101 Firefox/6.0.2"
192.0.84.33 - - [29/Apr/2015:08:49:18 +0000] "HEAD / HTTP/1.0" 301 56 "-" "jetmon/1.0 (Jetpack Site Uptime Monitor by WordPress.com)"
192.0.84.33 - - [29/Apr/2015:08:49:18 +0000] "HEAD / HTTP/1.0" 200 9135 "-" "jetmon/1.0 (Jetpack Site Uptime Monitor by WordPress.com)"
66.249.79.136 - - [29/Apr/2015:08:49:52 +0000] "GET /robots.txt HTTP/1.0" 301 66 "-" "Mozilla/5.0 (compatible; Googlebot/2.1; +http://www.google.com/bot.html)"
66.249.79.63 - - [29/Apr/2015:08:49:52 +0000] "GET /robots.txt HTTP/1.0" 200 - "-" "Mozilla/5.0 (compatible; Googlebot/2.1; +http://www.google.com/bot.html)"
66.249.79.120 - - [29/Apr/2015:08:49:52 +0000] "GET / HTTP/1.0" 301 100 "-" "Mozilla/5.0 (iPhone; CPU iPhone OS 6_0 like Mac OS X) AppleWebKit/536.26 (KHTML, like Gecko) Version/6.0 Mobile/10A5376e Safari/8536.25 (compatible; Googlebot/2.1; +http://www.google.com/bot.html)"
66.249.79.63 - - [29/Apr/2015:08:49:52 +0000] "GET / HTTP/1.0" 200 - "-" "Mozilla/5.0 (iPhone; CPU iPhone OS 6_0 like Mac OS X) AppleWebKit/536.26 (KHTML, like Gecko) Version/6.0 Mobile/10A5376e Safari/8536.25 (compatible; Googlebot/2.1; +http://www.google.com/bot.html)"
192.0.84.33 - - [29/Apr/2015:08:54:14 +0000] "HEAD / HTTP/1.0" 301 56 "-" "jetmon/1.0 (Jetpack Site Uptime Monitor by WordPress.com)"
192.0.84.33 - - [29/Apr/2015:08:54:15 +0000] "HEAD / HTTP/1.0" 200 9135 "-" "jetmon/1.0 (Jetpack Site Uptime Monitor by WordPress.com)"
66.249.79.136 - - [29/Apr/2015:08:55:23 +0000] "GET /feed/ HTTP/1.0" 301 61 "-" "Mozilla/5.0 (compatible; Googlebot/2.1; +http://www.google.com/bot.html)"
66.249.79.55 - - [29/Apr/2015:08:55:24 +0000] "GET /feed/ HTTP/1.0" 301 39 "-" "Mozilla/5.0 (compatible; Googlebot/2.1; +http://www.google.com/bot.html)"
66.249.79.63 - - [29/Apr/2015:08:55:25 +0000] "GET /rss/ HTTP/1.0" 200 - "-" "Mozilla/5.0 (compatible; Googlebot/2.1; +http://www.google.com/bot.html)"
192.0.84.33 - - [29/Apr/2015:08:59:11 +0000] "HEAD / HTTP/1.0" 301 56 "-" "jetmon/1.0 (Jetpack Site Uptime Monitor by WordPress.com)"
192.0.84.33 - - [29/Apr/2015:08:59:11 +0000] "HEAD / HTTP/1.0" 200 9135 "-" "jetmon/1.0 (Jetpack Site Uptime Monitor by WordPress.com)"
192.0.84.33 - - [29/Apr/2015:09:04:33 +0000] "HEAD / HTTP/1.0" 301 56 "-" "jetmon/1.0 (Jetpack Site Uptime Monitor by WordPress.com)"
192.0.84.33 - - [29/Apr/2015:09:04:33 +0000] "HEAD / HTTP/1.0" 200 9135 "-" "jetmon/1.0 (Jetpack Site Uptime Monitor by WordPress.com)"
192.0.84.33 - - [29/Apr/2015:09:09:22 +0000] "HEAD / HTTP/1.0" 301 56 "-" "jetmon/1.0 (Jetpack Site Uptime Monitor by WordPress.com)"
192.0.84.33 - - [29/Apr/2015:09:09:22 +0000] "HEAD / HTTP/1.0" 200 9135 "-" "jetmon/1.0 (Jetpack Site Uptime Monitor by WordPress.com)"
192.0.84.33 - - [29/Apr/2015:09:14:13 +0000] "HEAD / HTTP/1.0" 301 56 "-" "jetmon/1.0 (Jetpack Site Uptime Monitor by WordPress.com)"
192.0.84.33 - - [29/Apr/2015:09:14:14 +0000] "HEAD / HTTP/1.0" 200 9135 "-" "jetmon/1.0 (Jetpack Site Uptime Monitor by WordPress.com)"
46.151.52.3 - - [29/Apr/2015:09:14:43 +0000] "GET /wp-content/plugins/reflex-gallery/admin/scripts/FileUploader/php.php HTTP/1.0" 301 124 "http://webcode01.com/wp-content/plugins/reflex-gallery/admin/scripts/FileUploader/php.php" "Mozilla/4.0 (compatible; MSIE 6.0; Windows NT 5.1; SV1)"
46.151.52.3 - - [29/Apr/2015:09:14:44 +0000] "GET /wp-content/plugins/reflex-gallery/admin/scripts/FileUploader/php.php HTTP/1.0" 301 - "http://webcode01.com/wp-content/plugins/reflex-gallery/admin/scripts/FileUploader/php.php" "Mozilla/4.0 (compatible; MSIE 6.0; Windows NT 5.1; SV1)"
46.151.52.3 - - [29/Apr/2015:09:14:45 +0000] "GET /wp-content/plugins/reflex-gallery/admin/scripts/FileUploader/php.php/ HTTP/1.0" 301 104 "https://webcode01.com/wp-content/plugins/reflex-gallery/admin/scripts/FileUploader/php.php" "Mozilla/4.0 (compatible; MSIE 6.0; Windows NT 5.1; SV1)"
46.151.52.3 - - [29/Apr/2015:09:14:46 +0000] "GET /wp-content/plugins/reflex-gallery/admin/scripts/fileuploader/php.php/ HTTP/1.0" 404 - "https://webcode01.com/wp-content/plugins/reflex-gallery/admin/scripts/FileUploader/php.php/" "Mozilla/4.0 (compatible; MSIE 6.0; Windows NT 5.1; SV1)"
66.249.79.71 - - [29/Apr/2015:09:18:29 +0000] "GET /robots.txt HTTP/1.0" 200 - "-" "Mozilla/5.0 (compatible; Googlebot/2.1; +http://www.google.com/bot.html)"
66.249.79.71 - - [29/Apr/2015:09:18:29 +0000] "GET / HTTP/1.0" 200 - "-" "Mozilla/5.0 (compatible; Googlebot/2.1; +http://www.google.com/bot.html)"
66.249.79.55 - - [29/Apr/2015:09:18:52 +0000] "GET /assets/js/index.js?v=11f8639da0 HTTP/1.0" 200 - "https://webcode01.com/" "Mozilla/5.0 (compatible; Googlebot/2.1; +http://www.google.com/bot.html)"
66.249.79.63 - - [29/Apr/2015:09:18:53 +0000] "GET /assets/js/jquery.fitvids.js?v=11f8639da0 HTTP/1.0" 200 - "https://webcode01.com/" "Mozilla/5.0 (compatible; Googlebot/2.1; +http://www.google.com/bot.html)"
66.249.79.63 - - [29/Apr/2015:09:18:53 +0000] "GET /assets/css/screen.css?v=11f8639da0 HTTP/1.0" 200 - "https://webcode01.com/" "Mozilla/5.0 (compatible; Googlebot/2.1; +http://www.google.com/bot.html)"
66.249.79.71 - - [29/Apr/2015:09:18:54 +0000] "GET /public/jquery.min.js?v=11f8639da0 HTTP/1.0" 200 - "https://webcode01.com/" "Mozilla/5.0 (compatible; Googlebot/2.1; +http://www.google.com/bot.html)"
192.0.84.33 - - [29/Apr/2015:09:19:12 +0000] "HEAD / HTTP/1.0" 301 56 "-" "jetmon/1.0 (Jetpack Site Uptime Monitor by WordPress.com)"
192.0.84.33 - - [29/Apr/2015:09:19:12 +0000] "HEAD / HTTP/1.0" 200 9135 "-" "jetmon/1.0 (Jetpack Site Uptime Monitor by WordPress.com)"
192.0.84.33 - - [29/Apr/2015:09:24:11 +0000] "HEAD / HTTP/1.0" 301 56 "-" "jetmon/1.0 (Jetpack Site Uptime Monitor by WordPress.com)"
192.0.84.33 - - [29/Apr/2015:09:24:11 +0000] "HEAD / HTTP/1.0" 200 9135 "-" "jetmon/1.0 (Jetpack Site Uptime Monitor by WordPress.com)"
76.74.255.108 - - [29/Apr/2015:09:25:49 +0000] "GET /feed/ HTTP/1.0" 301 110 "-" "WordPress.com;"
76.74.255.108 - - [29/Apr/2015:09:25:50 +0000] "GET /feed/ HTTP/1.0" 301 110 "-" "WordPress.com;"
66.249.79.128 - - [29/Apr/2015:09:26:05 +0000] "GET /testimonial/shawn-hesketh/ HTTP/1.0" 301 152 "-" "Mozilla/5.0 (compatible; Googlebot/2.1; +http://www.google.com/bot.html)"
66.249.79.55 - - [29/Apr/2015:09:26:05 +0000] "GET /testimonial/shawn-hesketh/ HTTP/1.0" 404 - "-" "Mozilla/5.0 (compatible; Googlebot/2.1; +http://www.google.com/bot.html)"
192.0.84.33 - - [29/Apr/2015:09:29:14 +0000] "HEAD / HTTP/1.0" 301 56 "-" "jetmon/1.0 (Jetpack Site Uptime Monitor by WordPress.com)"
192.0.84.33 - - [29/Apr/2015:09:29:15 +0000] "HEAD / HTTP/1.0" 200 9135 "-" "jetmon/1.0 (Jetpack Site Uptime Monitor by WordPress.com)"
192.0.84.33 - - [29/Apr/2015:09:34:10 +0000] "HEAD / HTTP/1.0" 301 56 "-" "jetmon/1.0 (Jetpack Site Uptime Monitor by WordPress.com)"
192.0.84.33 - - [29/Apr/2015:09:34:10 +0000] "HEAD / HTTP/1.0" 200 9135 "-" "jetmon/1.0 (Jetpack Site Uptime Monitor by WordPress.com)"
192.0.84.33 - - [29/Apr/2015:09:39:12 +0000] "HEAD / HTTP/1.0" 301 56 "-" "jetmon/1.0 (Jetpack Site Uptime Monitor by WordPress.com)"
192.0.84.33 - - [29/Apr/2015:09:39:12 +0000] "HEAD / HTTP/1.0" 200 9135 "-" "jetmon/1.0 (Jetpack Site Uptime Monitor by WordPress.com)"
192.0.84.33 - - [29/Apr/2015:09:44:12 +0000] "HEAD / HTTP/1.0" 301 56 "-" "jetmon/1.0 (Jetpack Site Uptime Monitor by WordPress.com)"
192.0.84.33 - - [29/Apr/2015:09:44:12 +0000] "HEAD / HTTP/1.0" 200 9135 "-" "jetmon/1.0 (Jetpack Site Uptime Monitor by WordPress.com)"
192.0.84.33 - - [29/Apr/2015:09:49:14 +0000] "HEAD / HTTP/1.0" 301 56 "-" "jetmon/1.0 (Jetpack Site Uptime Monitor by WordPress.com)"
192.0.84.33 - - [29/Apr/2015:09:49:14 +0000] "HEAD / HTTP/1.0" 200 9135 "-" "jetmon/1.0 (Jetpack Site Uptime Monitor by WordPress.com)"
192.0.84.33 - - [29/Apr/2015:09:54:13 +0000] "HEAD / HTTP/1.0" 301 56 "-" "jetmon/1.0 (Jetpack Site Uptime Monitor by WordPress.com)"
192.0.84.33 - - [29/Apr/2015:09:54:14 +0000] "HEAD / HTTP/1.0" 200 9135 "-" "jetmon/1.0 (Jetpack Site Uptime Monitor by WordPress.com)"
192.0.84.33 - - [29/Apr/2015:09:59:08 +0000] "HEAD / HTTP/1.0" 301 56 "-" "jetmon/1.0 (Jetpack Site Uptime Monitor by WordPress.com)"
192.0.84.33 - - [29/Apr/2015:09:59:08 +0000] "HEAD / HTTP/1.0" 200 9135 "-" "jetmon/1.0 (Jetpack Site Uptime Monitor by WordPress.com)"
192.0.84.33 - - [29/Apr/2015:10:04:15 +0000] "HEAD / HTTP/1.0" 301 56 "-" "jetmon/1.0 (Jetpack Site Uptime Monitor by WordPress.com)"
192.0.84.33 - - [29/Apr/2015:10:04:15 +0000] "HEAD / HTTP/1.0" 200 9135 "-" "jetmon/1.0 (Jetpack Site Uptime Monitor by WordPress.com)"
94.131.14.17 - - [29/Apr/2015:10:06:24 +0000] "GET /wp-content/plugins/premium-seo-pack/aa-framework/js/admin.js HTTP/1.0" 301 116 "-" "curl/7.26.0"
91.200.12.99 - - [29/Apr/2015:10:08:18 +0000] "GET / HTTP/1.0" 301 100 "http://webcode01.com/" "Mozilla/5.0 (Windows NT 6.1; WOW64) AppleWebKit/537.36 (KHTML, like Gecko) Chrome/37.0.2062.124 YaBrowser/14.10.2062.12061 Safari/537.36"
91.200.12.99 - - [29/Apr/2015:10:08:19 +0000] "GET / HTTP/1.0" 200 9135 "http://webcode01.com/" "Mozilla/5.0 (Windows NT 6.1; WOW64) AppleWebKit/537.36 (KHTML, like Gecko) Chrome/37.0.2062.124 YaBrowser/14.10.2062.12061 Safari/537.36"
66.249.79.128 - - [29/Apr/2015:10:08:22 +0000] "GET /robots.txt HTTP/1.0" 301 66 "-" "Mozilla/5.0 (compatible; Googlebot/2.1; +http://www.google.com/bot.html)"
66.249.79.136 - - [29/Apr/2015:10:08:22 +0000] "GET /assets/css/screen.css?v=c9a236b379 HTTP/1.0" 301 107 "-" "Mozilla/5.0 (compatible; Googlebot/2.1; +http://www.google.com/bot.html)"
66.249.79.63 - - [29/Apr/2015:10:08:23 +0000] "GET /assets/css/screen.css%3Fv=c9a236b379?v=c9a236b379 HTTP/1.0" 301 - "-" "Mozilla/5.0 (compatible; Googlebot/2.1; +http://www.google.com/bot.html)"
66.249.79.71 - - [29/Apr/2015:10:08:23 +0000] "GET /assets/css/screen.css%3Fv=c9a236b379/?v=c9a236b379 HTTP/1.0" 301 87 "-" "Mozilla/5.0 (compatible; Googlebot/2.1; +http://www.google.com/bot.html)"
66.249.79.120 - - [29/Apr/2015:10:08:39 +0000] "GET /assets/css/screen.css?v=6f967ea558 HTTP/1.0" 301 107 "-" "Mozilla/5.0 (compatible; Googlebot/2.1; +http://www.google.com/bot.html)"
192.0.84.33 - - [29/Apr/2015:10:09:13 +0000] "HEAD / HTTP/1.0" 301 56 "-" "jetmon/1.0 (Jetpack Site Uptime Monitor by WordPress.com)"
192.0.84.33 - - [29/Apr/2015:10:09:14 +0000] "HEAD / HTTP/1.0" 200 9135 "-" "jetmon/1.0 (Jetpack Site Uptime Monitor by WordPress.com)"
192.0.84.33 - - [29/Apr/2015:10:14:16 +0000] "HEAD / HTTP/1.0" 301 56 "-" "jetmon/1.0 (Jetpack Site Uptime Monitor by WordPress.com)"
192.0.84.33 - - [29/Apr/2015:10:14:16 +0000] "HEAD / HTTP/1.0" 200 9135 "-" "jetmon/1.0 (Jetpack Site Uptime Monitor by WordPress.com)"
66.249.79.128 - - [29/Apr/2015:10:15:28 +0000] "GET /welcome-to-ghost/ HTTP/1.0" 301 134 "-" "Mozilla/5.0 (compatible; Googlebot/2.1; +http://www.google.com/bot.html)"
66.249.79.55 - - [29/Apr/2015:10:15:29 +0000] "GET /welcome-to-ghost/ HTTP/1.0" 200 - "-" "Mozilla/5.0 (compatible; Googlebot/2.1; +http://www.google.com/bot.html)"
66.249.79.55 - - [29/Apr/2015:10:18:02 +0000] "GET /content/images/2015/04/1363692_32647076.jpg HTTP/1.0" 200 2824276 "-" "Googlebot-Image/1.0"
192.0.84.33 - - [29/Apr/2015:10:19:13 +0000] "HEAD / HTTP/1.0" 301 56 "-" "jetmon/1.0 (Jetpack Site Uptime Monitor by WordPress.com)"
192.0.84.33 - - [29/Apr/2015:10:19:13 +0000] "HEAD / HTTP/1.0" 200 9135 "-" "jetmon/1.0 (Jetpack Site Uptime Monitor by WordPress.com)"
192.0.84.33 - - [29/Apr/2015:10:24:11 +0000] "HEAD / HTTP/1.0" 301 56 "-" "jetmon/1.0 (Jetpack Site Uptime Monitor by WordPress.com)"
192.0.84.33 - - [29/Apr/2015:10:24:12 +0000] "HEAD / HTTP/1.0" 200 9135 "-" "jetmon/1.0 (Jetpack Site Uptime Monitor by WordPress.com)"
192.0.84.33 - - [29/Apr/2015:10:29:16 +0000] "HEAD / HTTP/1.0" 301 56 "-" "jetmon/1.0 (Jetpack Site Uptime Monitor by WordPress.com)"
192.0.84.33 - - [29/Apr/2015:10:29:16 +0000] "HEAD / HTTP/1.0" 200 9135 "-" "jetmon/1.0 (Jetpack Site Uptime Monitor by WordPress.com)"
192.0.84.33 - - [29/Apr/2015:10:34:21 +0000] "HEAD / HTTP/1.0" 301 56 "-" "jetmon/1.0 (Jetpack Site Uptime Monitor by WordPress.com)"
192.0.84.33 - - [29/Apr/2015:10:34:21 +0000] "HEAD / HTTP/1.0" 200 9135 "-" "jetmon/1.0 (Jetpack Site Uptime Monitor by WordPress.com)"
192.0.84.33 - - [29/Apr/2015:10:39:11 +0000] "HEAD / HTTP/1.0" 301 56 "-" "jetmon/1.0 (Jetpack Site Uptime Monitor by WordPress.com)"
192.0.84.33 - - [29/Apr/2015:10:39:11 +0000] "HEAD / HTTP/1.0" 200 9135 "-" "jetmon/1.0 (Jetpack Site Uptime Monitor by WordPress.com)"
192.0.84.33 - - [29/Apr/2015:10:44:16 +0000] "HEAD / HTTP/1.0" 301 56 "-" "jetmon/1.0 (Jetpack Site Uptime Monitor by WordPress.com)"
192.0.84.33 - - [29/Apr/2015:10:44:17 +0000] "HEAD / HTTP/1.0" 200 9135 "-" "jetmon/1.0 (Jetpack Site Uptime Monitor by WordPress.com)"
123.125.71.70 - - [29/Apr/2015:10:47:28 +0000] "GET / HTTP/1.0" 301 56 "-" "Mozilla/5.0 (Windows NT 5.1; rv:6.0.2) Gecko/20100101 Firefox/6.0.2"
192.0.84.33 - - [29/Apr/2015:10:49:17 +0000] "HEAD / HTTP/1.0" 301 56 "-" "jetmon/1.0 (Jetpack Site Uptime Monitor by WordPress.com)"
192.0.84.33 - - [29/Apr/2015:10:49:18 +0000] "HEAD / HTTP/1.0" 200 9135 "-" "jetmon/1.0 (Jetpack Site Uptime Monitor by WordPress.com)"
220.181.108.160 - - [29/Apr/2015:10:50:39 +0000] "GET / HTTP/1.0" 301 56 "-" "Mozilla/5.0 (Windows NT 5.1; rv:6.0.2) Gecko/20100101 Firefox/6.0.2"
192.0.84.33 - - [29/Apr/2015:10:54:18 +0000] "HEAD / HTTP/1.0" 301 56 "-" "jetmon/1.0 (Jetpack Site Uptime Monitor by WordPress.com)"
192.0.84.33 - - [29/Apr/2015:10:54:19 +0000] "HEAD / HTTP/1.0" 200 9135 "-" "jetmon/1.0 (Jetpack Site Uptime Monitor by WordPress.com)"
192.0.84.33 - - [29/Apr/2015:10:59:12 +0000] "HEAD / HTTP/1.0" 301 56 "-" "jetmon/1.0 (Jetpack Site Uptime Monitor by WordPress.com)"
192.0.84.33 - - [29/Apr/2015:10:59:13 +0000] "HEAD / HTTP/1.0" 200 9135 "-" "jetmon/1.0 (Jetpack Site Uptime Monitor by WordPress.com)"
192.0.84.33 - - [29/Apr/2015:11:04:19 +0000] "HEAD / HTTP/1.0" 301 56 "-" "jetmon/1.0 (Jetpack Site Uptime Monitor by WordPress.com)"
192.0.84.33 - - [29/Apr/2015:11:04:20 +0000] "HEAD / HTTP/1.0" 200 9135 "-" "jetmon/1.0 (Jetpack Site Uptime Monitor by WordPress.com)"
192.0.84.33 - - [29/Apr/2015:11:09:13 +0000] "HEAD / HTTP/1.0" 301 56 "-" "jetmon/1.0 (Jetpack Site Uptime Monitor by WordPress.com)"
192.0.84.33 - - [29/Apr/2015:11:09:13 +0000] "HEAD / HTTP/1.0" 200 9135 "-" "jetmon/1.0 (Jetpack Site Uptime Monitor by WordPress.com)"
192.0.84.33 - - [29/Apr/2015:11:14:14 +0000] "HEAD / HTTP/1.0" 301 56 "-" "jetmon/1.0 (Jetpack Site Uptime Monitor by WordPress.com)"
192.0.84.33 - - [29/Apr/2015:11:14:14 +0000] "HEAD / HTTP/1.0" 200 9135 "-" "jetmon/1.0 (Jetpack Site Uptime Monitor by WordPress.com)"
66.249.79.128 - - [29/Apr/2015:11:18:36 +0000] "GET /robots.txt HTTP/1.0" 301 66 "-" "Mozilla/5.0 (compatible; Googlebot/2.1; +http://www.google.com/bot.html)"
66.249.79.63 - - [29/Apr/2015:11:18:36 +0000] "GET /robots.txt HTTP/1.0" 200 - "-" "Mozilla/5.0 (compatible; Googlebot/2.1; +http://www.google.com/bot.html)"
192.0.84.33 - - [29/Apr/2015:11:19:11 +0000] "HEAD / HTTP/1.0" 301 56 "-" "jetmon/1.0 (Jetpack Site Uptime Monitor by WordPress.com)"
192.0.84.33 - - [29/Apr/2015:11:19:11 +0000] "HEAD / HTTP/1.0" 200 9135 "-" "jetmon/1.0 (Jetpack Site Uptime Monitor by WordPress.com)"
192.0.84.33 - - [29/Apr/2015:11:24:11 +0000] "HEAD / HTTP/1.0" 301 56 "-" "jetmon/1.0 (Jetpack Site Uptime Monitor by WordPress.com)"
192.0.84.33 - - [29/Apr/2015:11:24:11 +0000] "HEAD / HTTP/1.0" 200 9135 "-" "jetmon/1.0 (Jetpack Site Uptime Monitor by WordPress.com)"
192.0.84.33 - - [29/Apr/2015:11:29:07 +0000] "HEAD / HTTP/1.0" 301 56 "-" "jetmon/1.0 (Jetpack Site Uptime Monitor by WordPress.com)"
192.0.84.33 - - [29/Apr/2015:11:29:08 +0000] "HEAD / HTTP/1.0" 200 9135 "-" "jetmon/1.0 (Jetpack Site Uptime Monitor by WordPress.com)"
180.153.206.32 - - [29/Apr/2015:11:32:37 +0000] "GET / HTTP/1.0" 301 56 "-" "Mozilla/5.0 (Linux; U; Android 4.4.2; zh-cn; GT-I9500 Build/KOT49H) AppleWebKit/537.36 (KHTML, like Gecko)Version/4.0 MQQBrowser/5.0 QQ-Manager Mobile Safari/537.36"
192.0.84.33 - - [29/Apr/2015:11:34:13 +0000] "HEAD / HTTP/1.0" 301 56 "-" "jetmon/1.0 (Jetpack Site Uptime Monitor by WordPress.com)"
192.0.84.33 - - [29/Apr/2015:11:34:13 +0000] "HEAD / HTTP/1.0" 200 9135 "-" "jetmon/1.0 (Jetpack Site Uptime Monitor by WordPress.com)"
192.0.84.33 - - [29/Apr/2015:11:39:16 +0000] "HEAD / HTTP/1.0" 301 56 "-" "jetmon/1.0 (Jetpack Site Uptime Monitor by WordPress.com)"
192.0.84.33 - - [29/Apr/2015:11:39:16 +0000] "HEAD / HTTP/1.0" 200 9135 "-" "jetmon/1.0 (Jetpack Site Uptime Monitor by WordPress.com)"
66.249.79.63 - - [29/Apr/2015:11:43:59 +0000] "GET /robots.txt HTTP/1.0" 200 - "-" "Mozilla/5.0 (compatible; Googlebot/2.1; +http://www.google.com/bot.html)"
66.249.79.63 - - [29/Apr/2015:11:44:00 +0000] "GET /assets/css/screen.css%3Fv=eb915c126a/?v=eb915c126a HTTP/1.0" 301 87 "-" "Mozilla/5.0 (compatible; Googlebot/2.1; +http://www.google.com/bot.html)"
192.0.84.33 - - [29/Apr/2015:11:44:07 +0000] "HEAD / HTTP/1.0" 301 56 "-" "jetmon/1.0 (Jetpack Site Uptime Monitor by WordPress.com)"
192.0.84.33 - - [29/Apr/2015:11:44:07 +0000] "HEAD / HTTP/1.0" 200 9135 "-" "jetmon/1.0 (Jetpack Site Uptime Monitor by WordPress.com)"
192.0.84.33 - - [29/Apr/2015:11:49:14 +0000] "HEAD / HTTP/1.0" 301 56 "-" "jetmon/1.0 (Jetpack Site Uptime Monitor by WordPress.com)"
192.0.84.33 - - [29/Apr/2015:11:49:14 +0000] "HEAD / HTTP/1.0" 200 9135 "-" "jetmon/1.0 (Jetpack Site Uptime Monitor by WordPress.com)"
123.125.71.77 - - [29/Apr/2015:11:50:38 +0000] "GET / HTTP/1.0" 301 56 "-" "Mozilla/5.0 (Windows NT 5.1; rv:6.0.2) Gecko/20100101 Firefox/6.0.2"
66.249.79.71 - - [29/Apr/2015:11:52:56 +0000] "GET /assets/css/screen.css%3Fv=6f967ea558?v=6f967ea558 HTTP/1.0" 301 - "-" "Mozilla/5.0 (compatible; Googlebot/2.1; +http://www.google.com/bot.html)"
66.249.79.55 - - [29/Apr/2015:11:52:56 +0000] "GET /assets/css/screen.css%3Fv=6f967ea558/?v=6f967ea558 HTTP/1.0" 301 87 "-" "Mozilla/5.0 (compatible; Googlebot/2.1; +http://www.google.com/bot.html)"
220.181.108.155 - - [29/Apr/2015:11:53:21 +0000] "GET / HTTP/1.0" 301 56 "-" "Mozilla/5.0 (Windows NT 5.1; rv:6.0.2) Gecko/20100101 Firefox/6.0.2"
192.0.84.33 - - [29/Apr/2015:11:54:12 +0000] "HEAD / HTTP/1.0" 301 56 "-" "jetmon/1.0 (Jetpack Site Uptime Monitor by WordPress.com)"
192.0.84.33 - - [29/Apr/2015:11:54:13 +0000] "HEAD / HTTP/1.0" 200 9135 "-" "jetmon/1.0 (Jetpack Site Uptime Monitor by WordPress.com)"
192.0.84.33 - - [29/Apr/2015:11:59:11 +0000] "HEAD / HTTP/1.0" 301 56 "-" "jetmon/1.0 (Jetpack Site Uptime Monitor by WordPress.com)"
192.0.84.33 - - [29/Apr/2015:11:59:11 +0000] "HEAD / HTTP/1.0" 200 9135 "-" "jetmon/1.0 (Jetpack Site Uptime Monitor by WordPress.com)"
192.0.84.33 - - [29/Apr/2015:12:04:18 +0000] "HEAD / HTTP/1.0" 301 56 "-" "jetmon/1.0 (Jetpack Site Uptime Monitor by WordPress.com)"
192.0.84.33 - - [29/Apr/2015:12:04:18 +0000] "HEAD / HTTP/1.0" 200 9135 "-" "jetmon/1.0 (Jetpack Site Uptime Monitor by WordPress.com)"
192.0.84.33 - - [29/Apr/2015:12:09:11 +0000] "HEAD / HTTP/1.0" 301 56 "-" "jetmon/1.0 (Jetpack Site Uptime Monitor by WordPress.com)"
192.0.84.33 - - [29/Apr/2015:12:09:11 +0000] "HEAD / HTTP/1.0" 200 9135 "-" "jetmon/1.0 (Jetpack Site Uptime Monitor by WordPress.com)"
192.0.84.33 - - [29/Apr/2015:12:14:18 +0000] "HEAD / HTTP/1.0" 301 56 "-" "jetmon/1.0 (Jetpack Site Uptime Monitor by WordPress.com)"
192.0.84.33 - - [29/Apr/2015:12:14:18 +0000] "HEAD / HTTP/1.0" 200 9135 "-" "jetmon/1.0 (Jetpack Site Uptime Monitor by WordPress.com)"
94.131.14.16 - - [29/Apr/2015:12:15:38 +0000] "GET / HTTP/1.0" 301 100 "-" "Mozilla/5.0 (Windows; U; Windows NT 5.2; en-US) AppleWebKit/534.17 (KHTML, like Gecko) Chrome/11.0.652.0 Safari/534.17"
94.131.14.16 - - [29/Apr/2015:12:15:39 +0000] "GET / HTTP/1.0" 200 - "-" "Mozilla/5.0 (Windows; U; Windows NT 5.2; en-US) AppleWebKit/534.17 (KHTML, like Gecko) Chrome/11.0.652.0 Safari/534.17"
192.0.84.33 - - [29/Apr/2015:12:19:11 +0000] "HEAD / HTTP/1.0" 301 56 "-" "jetmon/1.0 (Jetpack Site Uptime Monitor by WordPress.com)"
192.0.84.33 - - [29/Apr/2015:12:19:11 +0000] "HEAD / HTTP/1.0" 200 9135 "-" "jetmon/1.0 (Jetpack Site Uptime Monitor by WordPress.com)"
192.0.84.33 - - [29/Apr/2015:12:24:29 +0000] "HEAD / HTTP/1.0" 301 56 "-" "jetmon/1.0 (Jetpack Site Uptime Monitor by WordPress.com)"
192.0.84.33 - - [29/Apr/2015:12:24:30 +0000] "HEAD / HTTP/1.0" 200 9135 "-" "jetmon/1.0 (Jetpack Site Uptime Monitor by WordPress.com)"
192.0.84.33 - - [29/Apr/2015:12:29:43 +0000] "HEAD / HTTP/1.0" 301 56 "-" "jetmon/1.0 (Jetpack Site Uptime Monitor by WordPress.com)"
192.0.84.33 - - [29/Apr/2015:12:29:43 +0000] "HEAD / HTTP/1.0" 200 9135 "-" "jetmon/1.0 (Jetpack Site Uptime Monitor by WordPress.com)"
192.0.84.33 - - [29/Apr/2015:12:34:20 +0000] "HEAD / HTTP/1.0" 301 56 "-" "jetmon/1.0 (Jetpack Site Uptime Monitor by WordPress.com)"
192.0.84.33 - - [29/Apr/2015:12:34:20 +0000] "HEAD / HTTP/1.0" 200 9135 "-" "jetmon/1.0 (Jetpack Site Uptime Monitor by WordPress.com)"
192.0.84.33 - - [29/Apr/2015:12:39:10 +0000] "HEAD / HTTP/1.0" 301 56 "-" "jetmon/1.0 (Jetpack Site Uptime Monitor by WordPress.com)"
192.0.84.33 - - [29/Apr/2015:12:39:10 +0000] "HEAD / HTTP/1.0" 200 9135 "-" "jetmon/1.0 (Jetpack Site Uptime Monitor by WordPress.com)"
192.0.84.33 - - [29/Apr/2015:12:44:20 +0000] "HEAD / HTTP/1.0" 301 56 "-" "jetmon/1.0 (Jetpack Site Uptime Monitor by WordPress.com)"
192.0.84.33 - - [29/Apr/2015:12:44:21 +0000] "HEAD / HTTP/1.0" 200 9135 "-" "jetmon/1.0 (Jetpack Site Uptime Monitor by WordPress.com)"
192.0.84.33 - - [29/Apr/2015:12:49:22 +0000] "HEAD / HTTP/1.0" 301 56 "-" "jetmon/1.0 (Jetpack Site Uptime Monitor by WordPress.com)"
192.0.84.33 - - [29/Apr/2015:12:49:22 +0000] "HEAD / HTTP/1.0" 200 9135 "-" "jetmon/1.0 (Jetpack Site Uptime Monitor by WordPress.com)"
123.125.71.99 - - [29/Apr/2015:12:53:21 +0000] "GET / HTTP/1.0" 301 56 "-" "Mozilla/5.0 (Windows NT 5.1; rv:6.0.2) Gecko/20100101 Firefox/6.0.2"
192.0.84.33 - - [29/Apr/2015:12:54:14 +0000] "HEAD / HTTP/1.0" 301 56 "-" "jetmon/1.0 (Jetpack Site Uptime Monitor by WordPress.com)"
192.0.84.33 - - [29/Apr/2015:12:54:14 +0000] "HEAD / HTTP/1.0" 200 9135 "-" "jetmon/1.0 (Jetpack Site Uptime Monitor by WordPress.com)"
220.181.108.184 - - [29/Apr/2015:12:56:21 +0000] "GET / HTTP/1.0" 301 56 "-" "Mozilla/5.0 (Windows NT 5.1; rv:6.0.2) Gecko/20100101 Firefox/6.0.2"
66.249.79.136 - - [29/Apr/2015:12:58:06 +0000] "GET /robots.txt HTTP/1.0" 301 66 "-" "Mozilla/5.0 (compatible; Googlebot/2.1; +http://www.google.com/bot.html)"
66.249.79.63 - - [29/Apr/2015:12:58:06 +0000] "GET /robots.txt HTTP/1.0" 200 - "-" "Mozilla/5.0 (compatible; Googlebot/2.1; +http://www.google.com/bot.html)"
66.249.79.136 - - [29/Apr/2015:12:58:06 +0000] "GET /assets/css/screen.css?v=eb915c126a HTTP/1.0" 301 107 "-" "Mozilla/5.0 (compatible; Googlebot/2.1; +http://www.google.com/bot.html)"
66.249.79.71 - - [29/Apr/2015:12:58:07 +0000] "GET /robots.txt HTTP/1.0" 200 - "-" "Mozilla/5.0 (compatible; Googlebot/2.1; +http://www.google.com/bot.html)"
66.249.79.63 - - [29/Apr/2015:12:58:07 +0000] "GET /assets/css/screen.css%3Fv=eb915c126a?v=eb915c126a HTTP/1.0" 301 - "-" "Mozilla/5.0 (compatible; Googlebot/2.1; +http://www.google.com/bot.html)"
66.249.79.63 - - [29/Apr/2015:12:58:14 +0000] "GET /assets/css/screen.css?v=5c4eb1d9a7 HTTP/1.0" 200 - "-" "Mozilla/5.0 (compatible; Googlebot/2.1; +http://www.google.com/bot.html)"
192.0.84.33 - - [29/Apr/2015:12:59:14 +0000] "HEAD / HTTP/1.0" 301 56 "-" "jetmon/1.0 (Jetpack Site Uptime Monitor by WordPress.com)"
192.0.84.33 - - [29/Apr/2015:12:59:15 +0000] "HEAD / HTTP/1.0" 200 9135 "-" "jetmon/1.0 (Jetpack Site Uptime Monitor by WordPress.com)"
192.0.84.33 - - [29/Apr/2015:13:04:21 +0000] "HEAD / HTTP/1.0" 301 56 "-" "jetmon/1.0 (Jetpack Site Uptime Monitor by WordPress.com)"
192.0.84.33 - - [29/Apr/2015:13:04:21 +0000] "HEAD / HTTP/1.0" 200 9135 "-" "jetmon/1.0 (Jetpack Site Uptime Monitor by WordPress.com)"
192.0.84.33 - - [29/Apr/2015:13:09:20 +0000] "HEAD / HTTP/1.0" 301 56 "-" "jetmon/1.0 (Jetpack Site Uptime Monitor by WordPress.com)"
192.0.84.33 - - [29/Apr/2015:13:09:21 +0000] "HEAD / HTTP/1.0" 200 9135 "-" "jetmon/1.0 (Jetpack Site Uptime Monitor by WordPress.com)"
192.0.84.33 - - [29/Apr/2015:13:14:16 +0000] "HEAD / HTTP/1.0" 301 56 "-" "jetmon/1.0 (Jetpack Site Uptime Monitor by WordPress.com)"
192.0.84.33 - - [29/Apr/2015:13:14:17 +0000] "HEAD / HTTP/1.0" 200 9135 "-" "jetmon/1.0 (Jetpack Site Uptime Monitor by WordPress.com)"
192.0.84.33 - - [29/Apr/2015:13:19:17 +0000] "HEAD / HTTP/1.0" 301 56 "-" "jetmon/1.0 (Jetpack Site Uptime Monitor by WordPress.com)"
192.0.84.33 - - [29/Apr/2015:13:19:17 +0000] "HEAD / HTTP/1.0" 200 9135 "-" "jetmon/1.0 (Jetpack Site Uptime Monitor by WordPress.com)"
192.0.84.33 - - [29/Apr/2015:13:24:27 +0000] "HEAD / HTTP/1.0" 301 56 "-" "jetmon/1.0 (Jetpack Site Uptime Monitor by WordPress.com)"
192.0.84.33 - - [29/Apr/2015:13:24:27 +0000] "HEAD / HTTP/1.0" 200 9135 "-" "jetmon/1.0 (Jetpack Site Uptime Monitor by WordPress.com)"
185.88.26.20 - - [29/Apr/2015:13:26:05 +0000] "GET / HTTP/1.0" 301 100 "http://best-seo-offer.com/try.php?u=http://webcode01.com" "Mozilla/5.0 (Windows NT 6.1; WOW64) AppleWebKit/537.36 (KHTML, like Gecko) Chrome/36.0.1985.143 Safari/537.36"
157.55.39.59 - - [29/Apr/2015:13:28:10 +0000] "GET /robots.txt HTTP/1.0" 301 66 "-" "Mozilla/5.0 (compatible; bingbot/2.0; +http://www.bing.com/bingbot.htm)"
157.55.39.59 - - [29/Apr/2015:13:28:10 +0000] "GET /robots.txt HTTP/1.0" 200 75 "-" "Mozilla/5.0 (compatible; bingbot/2.0; +http://www.bing.com/bingbot.htm)"
157.55.39.59 - - [29/Apr/2015:13:28:12 +0000] "GET /about/ HTTP/1.0" 301 62 "-" "Mozilla/5.0 (compatible; bingbot/2.0; +http://www.bing.com/bingbot.htm)"
157.55.39.59 - - [29/Apr/2015:13:28:12 +0000] "GET /portfolio-gallery-sitemap.xml HTTP/1.0" 301 85 "-" "Mozilla/5.0 (compatible; bingbot/2.0; +http://www.bing.com/bingbot.htm)"
207.46.13.127 - - [29/Apr/2015:13:28:33 +0000] "GET /sitemap_index.xml HTTP/1.0" 301 73 "-" "Mozilla/5.0 (compatible; bingbot/2.0; +http://www.bing.com/bingbot.htm)"
207.46.13.127 - - [29/Apr/2015:13:28:33 +0000] "GET /startssl/ HTTP/1.0" 301 65 "-" "Mozilla/5.0 (compatible; bingbot/2.0; +http://www.bing.com/bingbot.htm)"
207.46.13.127 - - [29/Apr/2015:13:28:33 +0000] "GET /portfolio-sitemap.xml HTTP/1.0" 301 77 "-" "Mozilla/5.0 (compatible; bingbot/2.0; +http://www.bing.com/bingbot.htm)"
207.46.13.127 - - [29/Apr/2015:13:28:33 +0000] "GET /welcome-to-ghost/ HTTP/1.0" 301 73 "-" "Mozilla/5.0 (compatible; bingbot/2.0; +http://www.bing.com/bingbot.htm)"
207.46.13.127 - - [29/Apr/2015:13:28:33 +0000] "GET /wp-admin/ HTTP/1.0" 301 65 "-" "Mozilla/5.0 (compatible; bingbot/2.0; +http://www.bing.com/bingbot.htm)"
157.55.39.218 - - [29/Apr/2015:13:29:02 +0000] "GET /wp-login.php?action=jetpack-sso HTTP/1.0" 301 110 "-" "Mozilla/5.0 (compatible; bingbot/2.0; +http://www.bing.com/bingbot.htm)"
157.55.39.218 - - [29/Apr/2015:13:29:02 +0000] "GET /feature-category-sitemap.xml HTTP/1.0" 301 84 "-" "Mozilla/5.0 (compatible; bingbot/2.0; +http://www.bing.com/bingbot.htm)"
157.55.39.218 - - [29/Apr/2015:13:29:02 +0000] "GET /author-sitemap.xml HTTP/1.0" 301 74 "-" "Mozilla/5.0 (compatible; bingbot/2.0; +http://www.bing.com/bingbot.htm)"
157.55.39.218 - - [29/Apr/2015:13:29:02 +0000] "GET /testimonial-category-sitemap.xml HTTP/1.0" 301 88 "-" "Mozilla/5.0 (compatible; bingbot/2.0; +http://www.bing.com/bingbot.htm)"
157.55.39.218 - - [29/Apr/2015:13:29:02 +0000] "GET /wp-login.php?action=lostpassword HTTP/1.0" 301 112 "-" "Mozilla/5.0 (compatible; bingbot/2.0; +http://www.bing.com/bingbot.htm)"
157.55.39.218 - - [29/Apr/2015:13:29:02 +0000] "GET /testimonial-sitemap.xml HTTP/1.0" 301 79 "-" "Mozilla/5.0 (compatible; bingbot/2.0; +http://www.bing.com/bingbot.htm)"
192.0.84.33 - - [29/Apr/2015:13:29:18 +0000] "HEAD / HTTP/1.0" 301 56 "-" "jetmon/1.0 (Jetpack Site Uptime Monitor by WordPress.com)"
192.0.84.33 - - [29/Apr/2015:13:29:19 +0000] "HEAD / HTTP/1.0" 200 9135 "-" "jetmon/1.0 (Jetpack Site Uptime Monitor by WordPress.com)"
192.0.84.33 - - [29/Apr/2015:13:34:21 +0000] "HEAD / HTTP/1.0" 301 56 "-" "jetmon/1.0 (Jetpack Site Uptime Monitor by WordPress.com)"
192.0.84.33 - - [29/Apr/2015:13:34:22 +0000] "HEAD / HTTP/1.0" 200 9135 "-" "jetmon/1.0 (Jetpack Site Uptime Monitor by WordPress.com)"
192.0.84.33 - - [29/Apr/2015:13:39:21 +0000] "HEAD / HTTP/1.0" 301 56 "-" "jetmon/1.0 (Jetpack Site Uptime Monitor by WordPress.com)"
192.0.84.33 - - [29/Apr/2015:13:39:22 +0000] "HEAD / HTTP/1.0" 200 9135 "-" "jetmon/1.0 (Jetpack Site Uptime Monitor by WordPress.com)"
192.0.84.33 - - [29/Apr/2015:13:44:19 +0000] "HEAD / HTTP/1.0" 301 56 "-" "jetmon/1.0 (Jetpack Site Uptime Monitor by WordPress.com)"
192.0.84.33 - - [29/Apr/2015:13:44:20 +0000] "HEAD / HTTP/1.0" 200 9135 "-" "jetmon/1.0 (Jetpack Site Uptime Monitor by WordPress.com)"
192.0.84.33 - - [29/Apr/2015:13:49:22 +0000] "HEAD / HTTP/1.0" 301 56 "-" "jetmon/1.0 (Jetpack Site Uptime Monitor by WordPress.com)"
192.0.84.33 - - [29/Apr/2015:13:49:22 +0000] "HEAD / HTTP/1.0" 200 9135 "-" "jetmon/1.0 (Jetpack Site Uptime Monitor by WordPress.com)"
192.0.84.33 - - [29/Apr/2015:13:54:17 +0000] "HEAD / HTTP/1.0" 301 56 "-" "jetmon/1.0 (Jetpack Site Uptime Monitor by WordPress.com)"
192.0.84.33 - - [29/Apr/2015:13:54:17 +0000] "HEAD / HTTP/1.0" 200 9135 "-" "jetmon/1.0 (Jetpack Site Uptime Monitor by WordPress.com)"
192.0.84.33 - - [29/Apr/2015:13:59:29 +0000] "HEAD / HTTP/1.0" 301 56 "-" "jetmon/1.0 (Jetpack Site Uptime Monitor by WordPress.com)"
192.0.84.33 - - [29/Apr/2015:13:59:29 +0000] "HEAD / HTTP/1.0" 200 9135 "-" "jetmon/1.0 (Jetpack Site Uptime Monitor by WordPress.com)"
192.0.84.33 - - [29/Apr/2015:14:04:30 +0000] "HEAD / HTTP/1.0" 301 56 "-" "jetmon/1.0 (Jetpack Site Uptime Monitor by WordPress.com)"
192.0.84.33 - - [29/Apr/2015:14:04:30 +0000] "HEAD / HTTP/1.0" 200 9135 "-" "jetmon/1.0 (Jetpack Site Uptime Monitor by WordPress.com)"
192.0.84.33 - - [29/Apr/2015:14:09:25 +0000] "HEAD / HTTP/1.0" 301 56 "-" "jetmon/1.0 (Jetpack Site Uptime Monitor by WordPress.com)"
192.0.84.33 - - [29/Apr/2015:14:09:25 +0000] "HEAD / HTTP/1.0" 200 9135 "-" "jetmon/1.0 (Jetpack Site Uptime Monitor by WordPress.com)"
192.0.84.33 - - [29/Apr/2015:14:14:23 +0000] "HEAD / HTTP/1.0" 301 56 "-" "jetmon/1.0 (Jetpack Site Uptime Monitor by WordPress.com)"
192.0.84.33 - - [29/Apr/2015:14:14:24 +0000] "HEAD / HTTP/1.0" 200 9135 "-" "jetmon/1.0 (Jetpack Site Uptime Monitor by WordPress.com)"
66.249.79.71 - - [29/Apr/2015:14:16:43 +0000] "GET /robots.txt HTTP/1.0" 200 - "-" "Mozilla/5.0 (compatible; Googlebot/2.1; +http://www.google.com/bot.html)"
66.249.79.63 - - [29/Apr/2015:14:16:43 +0000] "GET / HTTP/1.0" 200 - "-" "Mozilla/5.0 (compatible; Googlebot/2.1; +http://www.google.com/bot.html)"
88.248.121.161 - - [29/Apr/2015:14:18:50 +0000] "POST /wp-login.php HTTP/1.0" 301 124 "http://webcode01.com/wp-login.php" "Mozilla/5.0 (Windows NT 6.1; WOW64; rv:8.0.1) Gecko/20100101 Firefox/8.0.1"
88.248.121.161 - - [29/Apr/2015:14:18:50 +0000] "POST /wp-login.php HTTP/1.0" 301 124 "http://webcode01.com/wp-login.php" "Mozilla/5.0 (Windows NT 6.1; WOW64; rv:8.0.1) Gecko/20100101 Firefox/8.0.1"
88.248.121.161 - - [29/Apr/2015:14:18:51 +0000] "POST /wp-login.php HTTP/1.0" 301 124 "http://webcode01.com/wp-login.php" "Mozilla/5.0 (Windows NT 6.1; WOW64; rv:8.0.1) Gecko/20100101 Firefox/8.0.1"
88.248.121.161 - - [29/Apr/2015:14:18:51 +0000] "POST /wp-login.php HTTP/1.0" 301 124 "http://webcode01.com/wp-login.php" "Mozilla/5.0 (Windows NT 6.1; WOW64; rv:8.0.1) Gecko/20100101 Firefox/8.0.1"
88.248.121.161 - - [29/Apr/2015:14:18:52 +0000] "POST /wp-login.php HTTP/1.0" 301 124 "http://webcode01.com/wp-login.php" "Mozilla/5.0 (Windows NT 6.1; WOW64; rv:8.0.1) Gecko/20100101 Firefox/8.0.1"
192.0.84.33 - - [29/Apr/2015:14:19:22 +0000] "HEAD / HTTP/1.0" 301 56 "-" "jetmon/1.0 (Jetpack Site Uptime Monitor by WordPress.com)"
192.0.84.33 - - [29/Apr/2015:14:19:22 +0000] "HEAD / HTTP/1.0" 200 9135 "-" "jetmon/1.0 (Jetpack Site Uptime Monitor by WordPress.com)"
66.249.79.120 - - [29/Apr/2015:14:23:19 +0000] "GET /robots.txt HTTP/1.0" 301 66 "-" "Mozilla/5.0 (compatible; Googlebot/2.1; +http://www.google.com/bot.html)"
66.249.79.136 - - [29/Apr/2015:14:23:19 +0000] "GET /testimonial/shawn-hesketh/ HTTP/1.0" 301 152 "-" "Mozilla/5.0 (compatible; Googlebot/2.1; +http://www.google.com/bot.html)"
66.249.79.63 - - [29/Apr/2015:14:23:20 +0000] "GET /testimonial/shawn-hesketh/ HTTP/1.0" 404 - "-" "Mozilla/5.0 (compatible; Googlebot/2.1; +http://www.google.com/bot.html)"
192.0.84.33 - - [29/Apr/2015:14:24:18 +0000] "HEAD / HTTP/1.0" 301 56 "-" "jetmon/1.0 (Jetpack Site Uptime Monitor by WordPress.com)"
192.0.84.33 - - [29/Apr/2015:14:24:18 +0000] "HEAD / HTTP/1.0" 200 9135 "-" "jetmon/1.0 (Jetpack Site Uptime Monitor by WordPress.com)"
125.86.25.216 - - [29/Apr/2015:14:26:58 +0000] "GET / HTTP/1.0" 301 100 "http://webcode01.com/" "Mozilla/5.0 (Windows NT 5.1) AppleWebKit/537.36 (KHTML, like Gecko) Chrome/33.0.1750.146 Safari/537.36"
125.86.25.216 - - [29/Apr/2015:14:26:59 +0000] "GET / HTTP/1.0" 200 9135 "http://webcode01.com/" "Mozilla/5.0 (Windows NT 5.1) AppleWebKit/537.36 (KHTML, like Gecko) Chrome/33.0.1750.146 Safari/537.36"
104.197.55.147 - - [29/Apr/2015:14:28:46 +0000] "GET / HTTP/1.0" 301 56 "-" "NerdyBot"
192.0.84.33 - - [29/Apr/2015:14:29:14 +0000] "HEAD / HTTP/1.0" 301 56 "-" "jetmon/1.0 (Jetpack Site Uptime Monitor by WordPress.com)"
192.0.84.33 - - [29/Apr/2015:14:29:14 +0000] "HEAD / HTTP/1.0" 200 9135 "-" "jetmon/1.0 (Jetpack Site Uptime Monitor by WordPress.com)"
192.0.84.33 - - [29/Apr/2015:14:34:15 +0000] "HEAD / HTTP/1.0" 301 56 "-" "jetmon/1.0 (Jetpack Site Uptime Monitor by WordPress.com)"
192.0.84.33 - - [29/Apr/2015:14:34:16 +0000] "HEAD / HTTP/1.0" 200 9135 "-" "jetmon/1.0 (Jetpack Site Uptime Monitor by WordPress.com)"
192.0.84.33 - - [29/Apr/2015:14:39:09 +0000] "HEAD / HTTP/1.0" 301 56 "-" "jetmon/1.0 (Jetpack Site Uptime Monitor by WordPress.com)"
192.0.84.33 - - [29/Apr/2015:14:39:10 +0000] "HEAD / HTTP/1.0" 200 9135 "-" "jetmon/1.0 (Jetpack Site Uptime Monitor by WordPress.com)"
192.0.84.33 - - [29/Apr/2015:14:44:17 +0000] "HEAD / HTTP/1.0" 301 56 "-" "jetmon/1.0 (Jetpack Site Uptime Monitor by WordPress.com)"
192.0.84.33 - - [29/Apr/2015:14:44:17 +0000] "HEAD / HTTP/1.0" 200 9135 "-" "jetmon/1.0 (Jetpack Site Uptime Monitor by WordPress.com)"
66.249.79.120 - - [29/Apr/2015:14:46:45 +0000] "GET /feed/ HTTP/1.0" 301 61 "-" "Mozilla/5.0 (compatible; Googlebot/2.1; +http://www.google.com/bot.html)"
66.249.79.71 - - [29/Apr/2015:14:46:46 +0000] "GET /feed/ HTTP/1.0" 301 39 "-" "Mozilla/5.0 (compatible; Googlebot/2.1; +http://www.google.com/bot.html)"
66.249.79.71 - - [29/Apr/2015:14:46:46 +0000] "GET /rss/ HTTP/1.0" 200 - "-" "Mozilla/5.0 (compatible; Googlebot/2.1; +http://www.google.com/bot.html)"
192.0.84.33 - - [29/Apr/2015:14:49:21 +0000] "HEAD / HTTP/1.0" 301 56 "-" "jetmon/1.0 (Jetpack Site Uptime Monitor by WordPress.com)"
192.0.84.33 - - [29/Apr/2015:14:49:21 +0000] "HEAD / HTTP/1.0" 200 9135 "-" "jetmon/1.0 (Jetpack Site Uptime Monitor by WordPress.com)"
93.73.2.3 - - [29/Apr/2015:14:50:13 +0000] "GET /wp-includes/Text/Tiff.php?450799 HTTP/1.0" 301 100 "http://webcode01.com/wp-includes/Text/Tiff.php?450799" "Mozilla/4.0 (compatible; MSIE 6.0; Windows NT 5.1; SV1)"
92.112.66.191 - - [29/Apr/2015:14:50:13 +0000] "GET /wp-content/plugins/hello.php?450799 HTTP/1.0" 301 103 "http://webcode01.com/wp-content/plugins/hello.php?450799" "Mozilla/4.0 (compatible; MSIE 6.0; Windows NT 5.1; SV1)"
91.221.252.9 - - [29/Apr/2015:14:50:13 +0000] "GET /wp-content/themes/hello.php?450799 HTTP/1.0" 301 102 "http://webcode01.com/wp-content/themes/hello.php?450799" "Mozilla/4.0 (compatible; MSIE 6.0; Windows NT 5.1; SV1)"
83.149.35.154 - - [29/Apr/2015:14:50:15 +0000] "GET /wp-content/topnews/license.php?450799 HTTP/1.0" 301 105 "http://webcode01.com/wp-content/topnews/license.php?450799" "Mozilla/4.0 (compatible; MSIE 6.0; Windows NT 5.1; SV1)"
93.73.2.3 - - [29/Apr/2015:14:50:15 +0000] "GET /wp-includes/Text/Tiff.php%3F450799?450799= HTTP/1.0" 301 - "http://webcode01.com/wp-includes/Text/Tiff.php?450799" "Mozilla/4.0 (compatible; MSIE 6.0; Windows NT 5.1; SV1)"
91.221.252.9 - - [29/Apr/2015:14:50:15 +0000] "GET /wp-content/themes/hello.php%3F450799?450799= HTTP/1.0" 301 - "http://webcode01.com/wp-content/themes/hello.php?450799" "Mozilla/4.0 (compatible; MSIE 6.0; Windows NT 5.1; SV1)"
92.112.66.191 - - [29/Apr/2015:14:50:15 +0000] "GET /wp-content/plugins/hello.php%3F450799?450799= HTTP/1.0" 301 - "http://webcode01.com/wp-content/plugins/hello.php?450799" "Mozilla/4.0 (compatible; MSIE 6.0; Windows NT 5.1; SV1)"
93.73.2.3 - - [29/Apr/2015:14:50:16 +0000] "GET /wp-includes/Text/Tiff.php%3F450799/?450799= HTTP/1.0" 301 80 "https://webcode01.com/wp-includes/Text/Tiff.php%3F450799?450799=" "Mozilla/4.0 (compatible; MSIE 6.0; Windows NT 5.1; SV1)"
91.221.252.9 - - [29/Apr/2015:14:50:17 +0000] "GET /wp-content/themes/hello.php%3F450799/?450799= HTTP/1.0" 301 82 "https://webcode01.com/wp-content/themes/hello.php%3F450799?450799=" "Mozilla/4.0 (compatible; MSIE 6.0; Windows NT 5.1; SV1)"
92.112.66.191 - - [29/Apr/2015:14:50:17 +0000] "GET /wp-content/plugins/hello.php%3F450799/?450799= HTTP/1.0" 301 83 "https://webcode01.com/wp-content/plugins/hello.php%3F450799?450799=" "Mozilla/4.0 (compatible; MSIE 6.0; Windows NT 5.1; SV1)"
93.73.2.3 - - [29/Apr/2015:14:50:18 +0000] "GET /wp-includes/text/tiff.php%3F450799/?450799= HTTP/1.0" 301 80 "https://webcode01.com/wp-includes/Text/Tiff.php%3F450799/?450799=" "Mozilla/4.0 (compatible; MSIE 6.0; Windows NT 5.1; SV1)"
91.221.252.9 - - [29/Apr/2015:14:50:18 +0000] "GET /wp-content/themes/hello.php%3F450799/?450799= HTTP/1.0" 301 82 "https://webcode01.com/wp-content/themes/hello.php%3F450799/?450799=" "Mozilla/4.0 (compatible; MSIE 6.0; Windows NT 5.1; SV1)"
83.149.35.154 - - [29/Apr/2015:14:50:19 +0000] "GET /wp-content/topnews/license.php%3F450799?450799= HTTP/1.0" 301 - "http://webcode01.com/wp-content/topnews/license.php?450799" "Mozilla/4.0 (compatible; MSIE 6.0; Windows NT 5.1; SV1)"
46.149.184.6 - - [29/Apr/2015:14:50:19 +0000] "GET /wp-content/uploads/rss.php?450799 HTTP/1.0" 301 101 "http://webcode01.com/wp-content/uploads/rss.php?450799" "Mozilla/4.0 (compatible; MSIE 6.0; Windows NT 5.1; SV1)"
188.244.155.1 - - [29/Apr/2015:14:50:19 +0000] "GET /wp-includes/pomo/so.php?450799 HTTP/1.0" 301 98 "http://webcode01.com/wp-includes/pomo/so.php?450799" "Mozilla/4.0 (compatible; MSIE 6.0; Windows NT 5.1; SV1)"
92.112.66.191 - - [29/Apr/2015:14:50:19 +0000] "GET /wp-content/plugins/hello.php%3F450799/?450799= HTTP/1.0" 301 83 "https://webcode01.com/wp-content/plugins/hello.php%3F450799/?450799=" "Mozilla/4.0 (compatible; MSIE 6.0; Windows NT 5.1; SV1)"
93.73.2.3 - - [29/Apr/2015:14:50:19 +0000] "GET /wp-includes/text/tiff.php%3F450799/?450799= HTTP/1.0" 301 80 "https://webcode01.com/wp-includes/text/tiff.php%3F450799/?450799=" "Mozilla/4.0 (compatible; MSIE 6.0; Windows NT 5.1; SV1)"
91.221.252.9 - - [29/Apr/2015:14:50:20 +0000] "GET /wp-content/themes/hello.php%3F450799/?450799= HTTP/1.0" 301 82 "https://webcode01.com/wp-content/themes/hello.php%3F450799/?450799=" "Mozilla/4.0 (compatible; MSIE 6.0; Windows NT 5.1; SV1)"
93.73.2.3 - - [29/Apr/2015:14:50:21 +0000] "GET /wp-includes/text/tiff.php%3F450799/?450799= HTTP/1.0" 301 80 "https://webcode01.com/wp-includes/text/tiff.php%3F450799/?450799=" "Mozilla/4.0 (compatible; MSIE 6.0; Windows NT 5.1; SV1)"
92.112.66.191 - - [29/Apr/2015:14:50:21 +0000] "GET /wp-content/plugins/hello.php%3F450799/?450799= HTTP/1.0" 301 83 "https://webcode01.com/wp-content/plugins/hello.php%3F450799/?450799=" "Mozilla/4.0 (compatible; MSIE 6.0; Windows NT 5.1; SV1)"
46.149.184.6 - - [29/Apr/2015:14:50:22 +0000] "GET /wp-content/uploads/rss.php%3F450799?450799= HTTP/1.0" 301 - "http://webcode01.com/wp-content/uploads/rss.php?450799" "Mozilla/4.0 (compatible; MSIE 6.0; Windows NT 5.1; SV1)"
91.221.252.9 - - [29/Apr/2015:14:50:22 +0000] "GET /wp-content/themes/hello.php%3F450799/?450799= HTTP/1.0" 301 82 "https://webcode01.com/wp-content/themes/hello.php%3F450799/?450799=" "Mozilla/4.0 (compatible; MSIE 6.0; Windows NT 5.1; SV1)"
188.244.155.1 - - [29/Apr/2015:14:50:22 +0000] "GET /wp-includes/pomo/so.php%3F450799?450799= HTTP/1.0" 301 - "http://webcode01.com/wp-includes/pomo/so.php?450799" "Mozilla/4.0 (compatible; MSIE 6.0; Windows NT 5.1; SV1)"
93.73.2.3 - - [29/Apr/2015:14:50:23 +0000] "GET /wp-includes/text/tiff.php%3F450799/?450799= HTTP/1.0" 301 80 "https://webcode01.com/wp-includes/text/tiff.php%3F450799/?450799=" "Mozilla/4.0 (compatible; MSIE 6.0; Windows NT 5.1; SV1)"
83.149.35.154 - - [29/Apr/2015:14:50:23 +0000] "GET /wp-content/topnews/license.php%3F450799/?450799= HTTP/1.0" 301 85 "https://webcode01.com/wp-content/topnews/license.php%3F450799?450799=" "Mozilla/4.0 (compatible; MSIE 6.0; Windows NT 5.1; SV1)"
92.112.66.191 - - [29/Apr/2015:14:50:23 +0000] "GET /wp-content/plugins/hello.php%3F450799/?450799= HTTP/1.0" 301 83 "https://webcode01.com/wp-content/plugins/hello.php%3F450799/?450799=" "Mozilla/4.0 (compatible; MSIE 6.0; Windows NT 5.1; SV1)"
91.221.252.9 - - [29/Apr/2015:14:50:24 +0000] "GET /wp-content/themes/hello.php%3F450799/?450799= HTTP/1.0" 301 82 "https://webcode01.com/wp-content/themes/hello.php%3F450799/?450799=" "Mozilla/4.0 (compatible; MSIE 6.0; Windows NT 5.1; SV1)"
93.73.2.3 - - [29/Apr/2015:14:50:24 +0000] "GET /wp-includes/text/tiff.php%3F450799/?450799= HTTP/1.0" 301 80 "https://webcode01.com/wp-includes/text/tiff.php%3F450799/?450799=" "Mozilla/4.0 (compatible; MSIE 6.0; Windows NT 5.1; SV1)"
91.221.252.9 - - [29/Apr/2015:14:50:25 +0000] "GET /wp-content/themes/hello.php%3F450799/?450799= HTTP/1.0" 301 82 "https://webcode01.com/wp-content/themes/hello.php%3F450799/?450799=" "Mozilla/4.0 (compatible; MSIE 6.0; Windows NT 5.1; SV1)"
83.149.35.154 - - [29/Apr/2015:14:50:27 +0000] "GET /wp-content/topnews/license.php%3F450799/?450799= HTTP/1.0" 301 85 "https://webcode01.com/wp-content/topnews/license.php%3F450799/?450799=" "Mozilla/4.0 (compatible; MSIE 6.0; Windows NT 5.1; SV1)"
188.244.155.1 - - [29/Apr/2015:14:50:27 +0000] "GET /wp-includes/pomo/so.php%3F450799/?450799= HTTP/1.0" 301 78 "https://webcode01.com/wp-includes/pomo/so.php%3F450799?450799=" "Mozilla/4.0 (compatible; MSIE 6.0; Windows NT 5.1; SV1)"
46.149.184.6 - - [29/Apr/2015:14:50:27 +0000] "GET /wp-content/uploads/rss.php%3F450799/?450799= HTTP/1.0" 301 81 "https://webcode01.com/wp-content/uploads/rss.php%3F450799?450799=" "Mozilla/4.0 (compatible; MSIE 6.0; Windows NT 5.1; SV1)"
46.149.184.6 - - [29/Apr/2015:14:50:29 +0000] "GET /wp-content/uploads/rss.php%3F450799/?450799= HTTP/1.0" 301 81 "https://webcode01.com/wp-content/uploads/rss.php%3F450799/?450799=" "Mozilla/4.0 (compatible; MSIE 6.0; Windows NT 5.1; SV1)"
188.244.155.1 - - [29/Apr/2015:14:50:30 +0000] "GET /wp-includes/pomo/so.php%3F450799/?450799= HTTP/1.0" 301 78 "https://webcode01.com/wp-includes/pomo/so.php%3F450799/?450799=" "Mozilla/4.0 (compatible; MSIE 6.0; Windows NT 5.1; SV1)"
83.149.35.154 - - [29/Apr/2015:14:50:31 +0000] "GET /wp-content/topnews/license.php%3F450799/?450799= HTTP/1.0" 301 85 "https://webcode01.com/wp-content/topnews/license.php%3F450799/?450799=" "Mozilla/4.0 (compatible; MSIE 6.0; Windows NT 5.1; SV1)"
46.149.184.6 - - [29/Apr/2015:14:50:32 +0000] "GET /wp-content/uploads/rss.php%3F450799/?450799= HTTP/1.0" 301 81 "https://webcode01.com/wp-content/uploads/rss.php%3F450799/?450799=" "Mozilla/4.0 (compatible; MSIE 6.0; Windows NT 5.1; SV1)"
188.244.155.1 - - [29/Apr/2015:14:50:33 +0000] "GET /wp-includes/pomo/so.php%3F450799/?450799= HTTP/1.0" 301 78 "https://webcode01.com/wp-includes/pomo/so.php%3F450799/?450799=" "Mozilla/4.0 (compatible; MSIE 6.0; Windows NT 5.1; SV1)"
46.149.184.6 - - [29/Apr/2015:14:50:34 +0000] "GET /wp-content/uploads/rss.php%3F450799/?450799= HTTP/1.0" 301 81 "https://webcode01.com/wp-content/uploads/rss.php%3F450799/?450799=" "Mozilla/4.0 (compatible; MSIE 6.0; Windows NT 5.1; SV1)"
83.149.35.154 - - [29/Apr/2015:14:50:35 +0000] "GET /wp-content/topnews/license.php%3F450799/?450799= HTTP/1.0" 301 85 "https://webcode01.com/wp-content/topnews/license.php%3F450799/?450799=" "Mozilla/4.0 (compatible; MSIE 6.0; Windows NT 5.1; SV1)"
46.149.184.6 - - [29/Apr/2015:14:50:36 +0000] "GET /wp-content/uploads/rss.php%3F450799/?450799= HTTP/1.0" 301 81 "https://webcode01.com/wp-content/uploads/rss.php%3F450799/?450799=" "Mozilla/4.0 (compatible; MSIE 6.0; Windows NT 5.1; SV1)"
188.244.155.1 - - [29/Apr/2015:14:50:36 +0000] "GET /wp-includes/pomo/so.php%3F450799/?450799= HTTP/1.0" 301 78 "https://webcode01.com/wp-includes/pomo/so.php%3F450799/?450799=" "Mozilla/4.0 (compatible; MSIE 6.0; Windows NT 5.1; SV1)"
