66.249.79.71 - - [27/Apr/2015:14:37:12 +0000] "GET /feed/ HTTP/1.0" 301 39 "-" "Mozilla/5.0 (compatible; Googlebot/2.1; +http://www.google.com/bot.html)"
66.249.79.71 - - [27/Apr/2015:14:37:12 +0000] "GET /rss/ HTTP/1.0" 200 - "-" "Mozilla/5.0 (compatible; Googlebot/2.1; +http://www.google.com/bot.html)"
192.0.84.33 - - [27/Apr/2015:14:39:42 +0000] "HEAD / HTTP/1.0" 301 56 "-" "jetmon/1.0 (Jetpack Site Uptime Monitor by WordPress.com)"
192.0.84.33 - - [27/Apr/2015:14:39:43 +0000] "HEAD / HTTP/1.0" 200 9135 "-" "jetmon/1.0 (Jetpack Site Uptime Monitor by WordPress.com)"
192.0.84.33 - - [27/Apr/2015:14:44:34 +0000] "HEAD / HTTP/1.0" 301 56 "-" "jetmon/1.0 (Jetpack Site Uptime Monitor by WordPress.com)"
192.0.84.33 - - [27/Apr/2015:14:44:34 +0000] "HEAD / HTTP/1.0" 200 9135 "-" "jetmon/1.0 (Jetpack Site Uptime Monitor by WordPress.com)"
192.0.84.33 - - [27/Apr/2015:14:49:26 +0000] "HEAD / HTTP/1.0" 301 56 "-" "jetmon/1.0 (Jetpack Site Uptime Monitor by WordPress.com)"
192.0.84.33 - - [27/Apr/2015:14:49:26 +0000] "HEAD / HTTP/1.0" 200 9135 "-" "jetmon/1.0 (Jetpack Site Uptime Monitor by WordPress.com)"
192.0.84.33 - - [27/Apr/2015:14:54:38 +0000] "HEAD / HTTP/1.0" 301 56 "-" "jetmon/1.0 (Jetpack Site Uptime Monitor by WordPress.com)"
192.0.84.33 - - [27/Apr/2015:14:54:38 +0000] "HEAD / HTTP/1.0" 200 9135 "-" "jetmon/1.0 (Jetpack Site Uptime Monitor by WordPress.com)"
192.0.84.33 - - [27/Apr/2015:14:59:29 +0000] "HEAD / HTTP/1.0" 301 56 "-" "jetmon/1.0 (Jetpack Site Uptime Monitor by WordPress.com)"
192.0.84.33 - - [27/Apr/2015:14:59:29 +0000] "HEAD / HTTP/1.0" 200 9135 "-" "jetmon/1.0 (Jetpack Site Uptime Monitor by WordPress.com)"
192.0.84.33 - - [27/Apr/2015:15:04:34 +0000] "HEAD / HTTP/1.0" 301 56 "-" "jetmon/1.0 (Jetpack Site Uptime Monitor by WordPress.com)"
192.0.84.33 - - [27/Apr/2015:15:04:34 +0000] "HEAD / HTTP/1.0" 200 9135 "-" "jetmon/1.0 (Jetpack Site Uptime Monitor by WordPress.com)"
192.0.84.33 - - [27/Apr/2015:15:09:39 +0000] "HEAD / HTTP/1.0" 301 56 "-" "jetmon/1.0 (Jetpack Site Uptime Monitor by WordPress.com)"
192.0.84.33 - - [27/Apr/2015:15:09:40 +0000] "HEAD / HTTP/1.0" 200 9135 "-" "jetmon/1.0 (Jetpack Site Uptime Monitor by WordPress.com)"
192.0.84.33 - - [27/Apr/2015:15:14:49 +0000] "HEAD / HTTP/1.0" 301 56 "-" "jetmon/1.0 (Jetpack Site Uptime Monitor by WordPress.com)"
192.0.84.33 - - [27/Apr/2015:15:14:49 +0000] "HEAD / HTTP/1.0" 200 9135 "-" "jetmon/1.0 (Jetpack Site Uptime Monitor by WordPress.com)"
192.0.84.33 - - [27/Apr/2015:15:19:41 +0000] "HEAD / HTTP/1.0" 301 56 "-" "jetmon/1.0 (Jetpack Site Uptime Monitor by WordPress.com)"
192.0.84.33 - - [27/Apr/2015:15:19:42 +0000] "HEAD / HTTP/1.0" 200 9135 "-" "jetmon/1.0 (Jetpack Site Uptime Monitor by WordPress.com)"
203.133.168.225 - - [27/Apr/2015:15:20:58 +0000] "GET /robots.txt HTTP/1.0" 301 120 "-" "Mozilla/5.0 (compatible; MSIE or Firefox mutant; not on Windows server;) Daumoa/4.0"
203.133.168.225 - - [27/Apr/2015:15:20:59 +0000] "GET /robots.txt HTTP/1.0" 200 - "-" "Mozilla/5.0 (compatible; MSIE or Firefox mutant; not on Windows server;) Daumoa/4.0"
203.133.168.225 - - [27/Apr/2015:15:20:59 +0000] "GET /?dm=e1ca0852c3a506dbaafdc6adf3eb1211&action=load&blogid=8&siteid=1&t=763090798&back=http%3A%2F%2Fsucculentcity.org%2F2012%2F10%2F30%2Fadromischus-cooperi%2F HTTP/1.0" 301 808 "-" "Mozilla/5.0 (compatible; MSIE or Firefox mutant; not on Windows server;) Daumoa/4.0"
203.133.168.225 - - [27/Apr/2015:15:20:59 +0000] "GET /%3Fdm=e1ca0852c3a506dbaafdc6adf3eb1211&action=load&blogid=8&siteid=1&t=763090798&back=http%3A%2F%2Fsucculentcity.org%2F2012%2F10%2F30%2Fadromischus-cooperi%2F?dm=e1ca0852c3a506dbaafdc6adf3eb1211&action=load&blogid=8&siteid=1&t=763090798&back=http%3A%2F%2Fsucculentcity.org%2F2012%2F10%2F30%2Fadromischus-cooperi%2F HTTP/1.0" 301 - "-" "Mozilla/5.0 (compatible; MSIE or Firefox mutant; not on Windows server;) Daumoa/4.0"
62.210.140.73 - - [27/Apr/2015:15:23:51 +0000] "GET /wp-content/plugins/wpshop/readme.txt HTTP/1.0" 301 92 "http://webcode01.com/wp-content/plugins/wpshop/readme.txt" "Mozilla/5.0 (Windows NT 6.3; WOW64; rv:32.0) Gecko/20100101 Firefox/32.0"
62.210.140.73 - - [27/Apr/2015:15:23:52 +0000] "GET /wp-content/plugins/wpshop/readme.txt HTTP/1.0" 301 - "http://webcode01.com/wp-content/plugins/wpshop/readme.txt" "Mozilla/5.0 (Windows NT 6.3; WOW64; rv:32.0) Gecko/20100101 Firefox/32.0"
62.210.140.73 - - [27/Apr/2015:15:23:52 +0000] "GET /wp-content/plugins/wpshop/readme.txt/ HTTP/1.0" 404 - "https://webcode01.com/wp-content/plugins/wpshop/readme.txt" "Mozilla/5.0 (Windows NT 6.3; WOW64; rv:32.0) Gecko/20100101 Firefox/32.0"
192.0.84.33 - - [27/Apr/2015:15:24:35 +0000] "HEAD / HTTP/1.0" 301 56 "-" "jetmon/1.0 (Jetpack Site Uptime Monitor by WordPress.com)"
192.0.84.33 - - [27/Apr/2015:15:24:35 +0000] "HEAD / HTTP/1.0" 200 9135 "-" "jetmon/1.0 (Jetpack Site Uptime Monitor by WordPress.com)"
192.0.84.33 - - [27/Apr/2015:15:29:38 +0000] "HEAD / HTTP/1.0" 301 56 "-" "jetmon/1.0 (Jetpack Site Uptime Monitor by WordPress.com)"
192.0.84.33 - - [27/Apr/2015:15:29:38 +0000] "HEAD / HTTP/1.0" 200 9135 "-" "jetmon/1.0 (Jetpack Site Uptime Monitor by WordPress.com)"
192.0.84.33 - - [27/Apr/2015:15:34:49 +0000] "HEAD / HTTP/1.0" 301 56 "-" "jetmon/1.0 (Jetpack Site Uptime Monitor by WordPress.com)"
192.0.84.33 - - [27/Apr/2015:15:34:50 +0000] "HEAD / HTTP/1.0" 200 9135 "-" "jetmon/1.0 (Jetpack Site Uptime Monitor by WordPress.com)"
192.0.84.33 - - [27/Apr/2015:15:39:31 +0000] "HEAD / HTTP/1.0" 301 56 "-" "jetmon/1.0 (Jetpack Site Uptime Monitor by WordPress.com)"
192.0.84.33 - - [27/Apr/2015:15:39:32 +0000] "HEAD / HTTP/1.0" 200 9135 "-" "jetmon/1.0 (Jetpack Site Uptime Monitor by WordPress.com)"
123.125.71.41 - - [27/Apr/2015:15:43:12 +0000] "GET / HTTP/1.0" 301 56 "-" "Mozilla/5.0 (Windows NT 5.1; rv:6.0.2) Gecko/20100101 Firefox/6.0.2"
192.0.84.33 - - [27/Apr/2015:15:44:37 +0000] "HEAD / HTTP/1.0" 301 56 "-" "jetmon/1.0 (Jetpack Site Uptime Monitor by WordPress.com)"
192.0.84.33 - - [27/Apr/2015:15:44:37 +0000] "HEAD / HTTP/1.0" 200 9135 "-" "jetmon/1.0 (Jetpack Site Uptime Monitor by WordPress.com)"
66.249.79.71 - - [27/Apr/2015:15:45:52 +0000] "GET /robots.txt HTTP/1.0" 200 - "-" "Mozilla/5.0 (compatible; Googlebot/2.1; +http://www.google.com/bot.html)"
66.249.79.63 - - [27/Apr/2015:15:45:53 +0000] "GET / HTTP/1.0" 200 - "-" "Mozilla/5.0 (compatible; Googlebot/2.1; +http://www.google.com/bot.html)"
220.181.108.159 - - [27/Apr/2015:15:46:28 +0000] "GET / HTTP/1.0" 301 56 "-" "Mozilla/5.0 (Windows NT 5.1; rv:6.0.2) Gecko/20100101 Firefox/6.0.2"
187.111.3.174 - - [27/Apr/2015:15:49:44 +0000] "GET / HTTP/1.0" 301 100 "http://best-seo-offer.com/try.php?u=http://webcode01.com" "Mozilla/5.0 (Windows NT 6.1; WOW64) AppleWebKit/537.36 (KHTML, like Gecko) Chrome/32.0.1700.107 Safari/537.36"
192.0.84.33 - - [27/Apr/2015:15:49:47 +0000] "HEAD / HTTP/1.0" 301 56 "-" "jetmon/1.0 (Jetpack Site Uptime Monitor by WordPress.com)"
192.0.84.33 - - [27/Apr/2015:15:49:48 +0000] "HEAD / HTTP/1.0" 200 9135 "-" "jetmon/1.0 (Jetpack Site Uptime Monitor by WordPress.com)"
192.0.84.33 - - [27/Apr/2015:15:54:38 +0000] "HEAD / HTTP/1.0" 301 56 "-" "jetmon/1.0 (Jetpack Site Uptime Monitor by WordPress.com)"
192.0.84.33 - - [27/Apr/2015:15:54:39 +0000] "HEAD / HTTP/1.0" 200 9135 "-" "jetmon/1.0 (Jetpack Site Uptime Monitor by WordPress.com)"
66.249.79.55 - - [27/Apr/2015:15:57:35 +0000] "GET /tag/stderr/ HTTP/1.0" 200 - "-" "Mozilla/5.0 (iPhone; CPU iPhone OS 6_0 like Mac OS X) AppleWebKit/536.26 (KHTML, like Gecko) Version/6.0 Mobile/10A5376e Safari/8536.25 (compatible; Googlebot/2.1; +http://www.google.com/bot.html)"
192.0.84.33 - - [27/Apr/2015:15:59:34 +0000] "HEAD / HTTP/1.0" 301 56 "-" "jetmon/1.0 (Jetpack Site Uptime Monitor by WordPress.com)"
192.0.84.33 - - [27/Apr/2015:15:59:35 +0000] "HEAD / HTTP/1.0" 200 9135 "-" "jetmon/1.0 (Jetpack Site Uptime Monitor by WordPress.com)"
192.0.84.33 - - [27/Apr/2015:16:04:42 +0000] "HEAD / HTTP/1.0" 301 56 "-" "jetmon/1.0 (Jetpack Site Uptime Monitor by WordPress.com)"
192.0.84.33 - - [27/Apr/2015:16:04:42 +0000] "HEAD / HTTP/1.0" 200 9135 "-" "jetmon/1.0 (Jetpack Site Uptime Monitor by WordPress.com)"
66.249.79.136 - - [27/Apr/2015:16:07:41 +0000] "GET /robots.txt HTTP/1.0" 301 66 "-" "Mozilla/5.0 (compatible; Googlebot/2.1; +http://www.google.com/bot.html)"
66.249.79.128 - - [27/Apr/2015:16:07:41 +0000] "GET /testimonial/shawn-hesketh/ HTTP/1.0" 301 152 "-" "Mozilla/5.0 (compatible; Googlebot/2.1; +http://www.google.com/bot.html)"
66.249.79.63 - - [27/Apr/2015:16:07:42 +0000] "GET /testimonial/shawn-hesketh/ HTTP/1.0" 404 - "-" "Mozilla/5.0 (compatible; Googlebot/2.1; +http://www.google.com/bot.html)"
192.0.84.33 - - [27/Apr/2015:16:09:49 +0000] "HEAD / HTTP/1.0" 301 56 "-" "jetmon/1.0 (Jetpack Site Uptime Monitor by WordPress.com)"
192.0.84.33 - - [27/Apr/2015:16:09:49 +0000] "HEAD / HTTP/1.0" 200 9135 "-" "jetmon/1.0 (Jetpack Site Uptime Monitor by WordPress.com)"
192.0.84.33 - - [27/Apr/2015:16:14:36 +0000] "HEAD / HTTP/1.0" 301 56 "-" "jetmon/1.0 (Jetpack Site Uptime Monitor by WordPress.com)"
192.0.84.33 - - [27/Apr/2015:16:14:37 +0000] "HEAD / HTTP/1.0" 200 9135 "-" "jetmon/1.0 (Jetpack Site Uptime Monitor by WordPress.com)"
192.0.84.33 - - [27/Apr/2015:16:19:37 +0000] "HEAD / HTTP/1.0" 301 56 "-" "jetmon/1.0 (Jetpack Site Uptime Monitor by WordPress.com)"
192.0.84.33 - - [27/Apr/2015:16:19:37 +0000] "HEAD / HTTP/1.0" 200 9135 "-" "jetmon/1.0 (Jetpack Site Uptime Monitor by WordPress.com)"
125.86.27.42 - - [27/Apr/2015:16:22:35 +0000] "GET / HTTP/1.0" 301 100 "http://webcode01.com/" "Opera/9.80 (Windows NT 6.1) Presto/2.12.388 Version/12.16"
125.86.27.42 - - [27/Apr/2015:16:22:36 +0000] "GET / HTTP/1.0" 200 9135 "http://webcode01.com/" "Opera/9.80 (Windows NT 6.1) Presto/2.12.388 Version/12.16"
59.174.46.209 - - [27/Apr/2015:16:22:36 +0000] "GET /info/whitelist.pac HTTP/1.0" 301 - "-" "Mozilla/4.0 (compatible; MSIE 7.0; Windows NT 5.1)"
192.0.84.33 - - [27/Apr/2015:16:24:37 +0000] "HEAD / HTTP/1.0" 301 56 "-" "jetmon/1.0 (Jetpack Site Uptime Monitor by WordPress.com)"
192.0.84.33 - - [27/Apr/2015:16:24:37 +0000] "HEAD / HTTP/1.0" 200 9135 "-" "jetmon/1.0 (Jetpack Site Uptime Monitor by WordPress.com)"
66.249.79.55 - - [27/Apr/2015:16:27:06 +0000] "GET /tag/stdout/ HTTP/1.0" 200 - "-" "Mozilla/5.0 (iPhone; CPU iPhone OS 6_0 like Mac OS X) AppleWebKit/536.26 (KHTML, like Gecko) Version/6.0 Mobile/10A5376e Safari/8536.25 (compatible; Googlebot/2.1; +http://www.google.com/bot.html)"
192.0.84.33 - - [27/Apr/2015:16:29:35 +0000] "HEAD / HTTP/1.0" 301 56 "-" "jetmon/1.0 (Jetpack Site Uptime Monitor by WordPress.com)"
192.0.84.33 - - [27/Apr/2015:16:29:35 +0000] "HEAD / HTTP/1.0" 200 9135 "-" "jetmon/1.0 (Jetpack Site Uptime Monitor by WordPress.com)"
192.0.84.33 - - [27/Apr/2015:16:34:44 +0000] "HEAD / HTTP/1.0" 301 56 "-" "jetmon/1.0 (Jetpack Site Uptime Monitor by WordPress.com)"
192.0.84.33 - - [27/Apr/2015:16:34:45 +0000] "HEAD / HTTP/1.0" 200 9135 "-" "jetmon/1.0 (Jetpack Site Uptime Monitor by WordPress.com)"
192.0.84.33 - - [27/Apr/2015:16:39:36 +0000] "HEAD / HTTP/1.0" 301 56 "-" "jetmon/1.0 (Jetpack Site Uptime Monitor by WordPress.com)"
192.0.84.33 - - [27/Apr/2015:16:39:37 +0000] "HEAD / HTTP/1.0" 200 9135 "-" "jetmon/1.0 (Jetpack Site Uptime Monitor by WordPress.com)"
123.125.71.110 - - [27/Apr/2015:16:44:30 +0000] "GET / HTTP/1.0" 301 56 "-" "Mozilla/5.0 (Windows NT 5.1; rv:6.0.2) Gecko/20100101 Firefox/6.0.2"
192.0.84.33 - - [27/Apr/2015:16:44:40 +0000] "HEAD / HTTP/1.0" 301 56 "-" "jetmon/1.0 (Jetpack Site Uptime Monitor by WordPress.com)"
192.0.84.33 - - [27/Apr/2015:16:44:40 +0000] "HEAD / HTTP/1.0" 200 9135 "-" "jetmon/1.0 (Jetpack Site Uptime Monitor by WordPress.com)"
220.181.108.148 - - [27/Apr/2015:16:47:24 +0000] "GET / HTTP/1.0" 301 56 "-" "Mozilla/5.0 (Windows NT 5.1; rv:6.0.2) Gecko/20100101 Firefox/6.0.2"
192.0.84.33 - - [27/Apr/2015:16:49:29 +0000] "HEAD / HTTP/1.0" 301 56 "-" "jetmon/1.0 (Jetpack Site Uptime Monitor by WordPress.com)"
192.0.84.33 - - [27/Apr/2015:16:49:29 +0000] "HEAD / HTTP/1.0" 200 9135 "-" "jetmon/1.0 (Jetpack Site Uptime Monitor by WordPress.com)"
192.0.84.33 - - [27/Apr/2015:16:54:29 +0000] "HEAD / HTTP/1.0" 301 56 "-" "jetmon/1.0 (Jetpack Site Uptime Monitor by WordPress.com)"
192.0.84.33 - - [27/Apr/2015:16:54:30 +0000] "HEAD / HTTP/1.0" 200 9135 "-" "jetmon/1.0 (Jetpack Site Uptime Monitor by WordPress.com)"
66.249.79.63 - - [27/Apr/2015:16:56:58 +0000] "GET /robots.txt HTTP/1.0" 200 - "-" "Mozilla/5.0 (compatible; Googlebot/2.1; +http://www.google.com/bot.html)"
66.249.79.63 - - [27/Apr/2015:16:56:58 +0000] "GET /running-ghost-background-foreverjs/ HTTP/1.0" 200 - "-" "Mozilla/5.0 (iPhone; CPU iPhone OS 6_0 like Mac OS X) AppleWebKit/536.26 (KHTML, like Gecko) Version/6.0 Mobile/10A5376e Safari/8536.25 (compatible; Googlebot/2.1; +http://www.google.com/bot.html)"
66.249.79.128 - - [27/Apr/2015:16:58:40 +0000] "GET /blog/author/wc01/ HTTP/1.0" 301 134 "-" "Mozilla/5.0 (compatible; Googlebot/2.1; +http://www.google.com/bot.html)"
66.249.79.71 - - [27/Apr/2015:16:58:40 +0000] "GET /blog/author/wc01/ HTTP/1.0" 404 - "-" "Mozilla/5.0 (compatible; Googlebot/2.1; +http://www.google.com/bot.html)"
192.0.84.33 - - [27/Apr/2015:16:59:28 +0000] "HEAD / HTTP/1.0" 301 56 "-" "jetmon/1.0 (Jetpack Site Uptime Monitor by WordPress.com)"
192.0.84.33 - - [27/Apr/2015:16:59:29 +0000] "HEAD / HTTP/1.0" 200 9135 "-" "jetmon/1.0 (Jetpack Site Uptime Monitor by WordPress.com)"
192.0.84.33 - - [27/Apr/2015:17:04:42 +0000] "HEAD / HTTP/1.0" 301 56 "-" "jetmon/1.0 (Jetpack Site Uptime Monitor by WordPress.com)"
192.0.84.33 - - [27/Apr/2015:17:04:43 +0000] "HEAD / HTTP/1.0" 200 9135 "-" "jetmon/1.0 (Jetpack Site Uptime Monitor by WordPress.com)"
192.0.84.33 - - [27/Apr/2015:17:09:44 +0000] "HEAD / HTTP/1.0" 301 56 "-" "jetmon/1.0 (Jetpack Site Uptime Monitor by WordPress.com)"
192.0.84.33 - - [27/Apr/2015:17:09:44 +0000] "HEAD / HTTP/1.0" 200 9135 "-" "jetmon/1.0 (Jetpack Site Uptime Monitor by WordPress.com)"
192.0.84.33 - - [27/Apr/2015:17:14:44 +0000] "HEAD / HTTP/1.0" 301 56 "-" "jetmon/1.0 (Jetpack Site Uptime Monitor by WordPress.com)"
192.0.84.33 - - [27/Apr/2015:17:14:45 +0000] "HEAD / HTTP/1.0" 200 9135 "-" "jetmon/1.0 (Jetpack Site Uptime Monitor by WordPress.com)"
192.0.84.33 - - [27/Apr/2015:17:19:34 +0000] "HEAD / HTTP/1.0" 301 56 "-" "jetmon/1.0 (Jetpack Site Uptime Monitor by WordPress.com)"
192.0.84.33 - - [27/Apr/2015:17:19:34 +0000] "HEAD / HTTP/1.0" 200 9135 "-" "jetmon/1.0 (Jetpack Site Uptime Monitor by WordPress.com)"
192.0.84.33 - - [27/Apr/2015:17:24:42 +0000] "HEAD / HTTP/1.0" 301 56 "-" "jetmon/1.0 (Jetpack Site Uptime Monitor by WordPress.com)"
192.0.84.33 - - [27/Apr/2015:17:24:42 +0000] "HEAD / HTTP/1.0" 200 9135 "-" "jetmon/1.0 (Jetpack Site Uptime Monitor by WordPress.com)"
66.249.79.55 - - [27/Apr/2015:17:26:33 +0000] "GET /tag/ghost-tag/ HTTP/1.0" 200 - "-" "Mozilla/5.0 (iPhone; CPU iPhone OS 6_0 like Mac OS X) AppleWebKit/536.26 (KHTML, like Gecko) Version/6.0 Mobile/10A5376e Safari/8536.25 (compatible; Googlebot/2.1; +http://www.google.com/bot.html)"
192.0.84.33 - - [27/Apr/2015:17:29:33 +0000] "HEAD / HTTP/1.0" 301 56 "-" "jetmon/1.0 (Jetpack Site Uptime Monitor by WordPress.com)"
192.0.84.33 - - [27/Apr/2015:17:29:33 +0000] "HEAD / HTTP/1.0" 200 9135 "-" "jetmon/1.0 (Jetpack Site Uptime Monitor by WordPress.com)"
192.0.84.33 - - [27/Apr/2015:17:34:36 +0000] "HEAD / HTTP/1.0" 301 56 "-" "jetmon/1.0 (Jetpack Site Uptime Monitor by WordPress.com)"
192.0.84.33 - - [27/Apr/2015:17:34:37 +0000] "HEAD / HTTP/1.0" 200 9135 "-" "jetmon/1.0 (Jetpack Site Uptime Monitor by WordPress.com)"
192.0.84.33 - - [27/Apr/2015:17:39:31 +0000] "HEAD / HTTP/1.0" 301 56 "-" "jetmon/1.0 (Jetpack Site Uptime Monitor by WordPress.com)"
192.0.84.33 - - [27/Apr/2015:17:39:32 +0000] "HEAD / HTTP/1.0" 200 9135 "-" "jetmon/1.0 (Jetpack Site Uptime Monitor by WordPress.com)"
95.108.158.145 - - [27/Apr/2015:17:40:52 +0000] "GET /robots.txt HTTP/1.0" 200 75 "-" "Mozilla/5.0 (compatible; YandexBot/3.0; +http://yandex.com/bots)"
192.0.84.33 - - [27/Apr/2015:17:44:32 +0000] "HEAD / HTTP/1.0" 301 56 "-" "jetmon/1.0 (Jetpack Site Uptime Monitor by WordPress.com)"
192.0.84.33 - - [27/Apr/2015:17:44:32 +0000] "HEAD / HTTP/1.0" 200 9135 "-" "jetmon/1.0 (Jetpack Site Uptime Monitor by WordPress.com)"
95.108.158.145 - - [27/Apr/2015:17:45:04 +0000] "GET / HTTP/1.0" 200 - "-" "Mozilla/5.0 (compatible; YandexBot/3.0; +http://yandex.com/bots)"
192.0.84.33 - - [27/Apr/2015:17:49:37 +0000] "HEAD / HTTP/1.0" 301 56 "-" "jetmon/1.0 (Jetpack Site Uptime Monitor by WordPress.com)"
192.0.84.33 - - [27/Apr/2015:17:49:37 +0000] "HEAD / HTTP/1.0" 200 9135 "-" "jetmon/1.0 (Jetpack Site Uptime Monitor by WordPress.com)"
192.0.84.33 - - [27/Apr/2015:17:54:41 +0000] "HEAD / HTTP/1.0" 301 56 "-" "jetmon/1.0 (Jetpack Site Uptime Monitor by WordPress.com)"
192.0.84.33 - - [27/Apr/2015:17:54:41 +0000] "HEAD / HTTP/1.0" 200 9135 "-" "jetmon/1.0 (Jetpack Site Uptime Monitor by WordPress.com)"
123.30.175.217 - - [27/Apr/2015:17:57:36 +0000] "GET /robots.txt HTTP/1.0" 301 66 "-" "Mozilla/5.0 (compatible; coccoc/1.0; +http://help.coccoc.com/)"
192.0.84.33 - - [27/Apr/2015:17:59:28 +0000] "HEAD / HTTP/1.0" 301 56 "-" "jetmon/1.0 (Jetpack Site Uptime Monitor by WordPress.com)"
192.0.84.33 - - [27/Apr/2015:17:59:28 +0000] "HEAD / HTTP/1.0" 200 9135 "-" "jetmon/1.0 (Jetpack Site Uptime Monitor by WordPress.com)"
202.46.54.124 - - [27/Apr/2015:18:04:02 +0000] "GET /about/feed/ HTTP/1.0" 301 67 "-" "Mozilla/5.0 (Windows NT 6.1; WOW64) AppleWebKit/537.36 (KHTML, like Gecko) Chrome/36.0.1985.125 Safari/537.36"
180.76.6.225 - - [27/Apr/2015:18:04:06 +0000] "GET /robots.txt HTTP/1.0" 301 66 "-" "Mozilla/5.0 (Windows NT 5.1; rv:6.0.2) Gecko/20100101 Firefox/6.0.2"
192.0.84.33 - - [27/Apr/2015:18:04:39 +0000] "HEAD / HTTP/1.0" 301 56 "-" "jetmon/1.0 (Jetpack Site Uptime Monitor by WordPress.com)"
192.0.84.33 - - [27/Apr/2015:18:04:39 +0000] "HEAD / HTTP/1.0" 200 9135 "-" "jetmon/1.0 (Jetpack Site Uptime Monitor by WordPress.com)"
192.0.84.33 - - [27/Apr/2015:18:09:38 +0000] "HEAD / HTTP/1.0" 301 56 "-" "jetmon/1.0 (Jetpack Site Uptime Monitor by WordPress.com)"
192.0.84.33 - - [27/Apr/2015:18:09:38 +0000] "HEAD / HTTP/1.0" 200 9135 "-" "jetmon/1.0 (Jetpack Site Uptime Monitor by WordPress.com)"
192.0.84.33 - - [27/Apr/2015:18:14:36 +0000] "HEAD / HTTP/1.0" 301 56 "-" "jetmon/1.0 (Jetpack Site Uptime Monitor by WordPress.com)"
192.0.84.33 - - [27/Apr/2015:18:14:37 +0000] "HEAD / HTTP/1.0" 200 9135 "-" "jetmon/1.0 (Jetpack Site Uptime Monitor by WordPress.com)"
192.0.84.33 - - [27/Apr/2015:18:19:32 +0000] "HEAD / HTTP/1.0" 301 56 "-" "jetmon/1.0 (Jetpack Site Uptime Monitor by WordPress.com)"
192.0.84.33 - - [27/Apr/2015:18:19:33 +0000] "HEAD / HTTP/1.0" 200 9135 "-" "jetmon/1.0 (Jetpack Site Uptime Monitor by WordPress.com)"
192.0.84.33 - - [27/Apr/2015:18:24:53 +0000] "HEAD / HTTP/1.0" 301 56 "-" "jetmon/1.0 (Jetpack Site Uptime Monitor by WordPress.com)"
192.0.84.33 - - [27/Apr/2015:18:24:53 +0000] "HEAD / HTTP/1.0" 200 9135 "-" "jetmon/1.0 (Jetpack Site Uptime Monitor by WordPress.com)"
192.0.84.33 - - [27/Apr/2015:18:29:41 +0000] "HEAD / HTTP/1.0" 301 56 "-" "jetmon/1.0 (Jetpack Site Uptime Monitor by WordPress.com)"
192.0.84.33 - - [27/Apr/2015:18:29:41 +0000] "HEAD / HTTP/1.0" 200 9135 "-" "jetmon/1.0 (Jetpack Site Uptime Monitor by WordPress.com)"
157.55.39.237 - - [27/Apr/2015:18:30:51 +0000] "GET /wp-content/uploads/2013/11/Wordpress-512_white.png HTTP/1.0" 301 106 "-" "msnbot-media/1.1 (+http://search.msn.com/msnbot.htm)"
157.55.39.237 - - [27/Apr/2015:18:30:53 +0000] "GET /wp-content/uploads/2013/11/Wordpress-512_white.png HTTP/1.0" 301 - "-" "msnbot-media/1.1 (+http://search.msn.com/msnbot.htm)"
157.55.39.237 - - [27/Apr/2015:18:30:55 +0000] "GET /wp-content/uploads/2013/11/Wordpress-512_white.png/ HTTP/1.0" 301 86 "-" "msnbot-media/1.1 (+http://search.msn.com/msnbot.htm)"
192.0.84.33 - - [27/Apr/2015:18:34:39 +0000] "HEAD / HTTP/1.0" 301 56 "-" "jetmon/1.0 (Jetpack Site Uptime Monitor by WordPress.com)"
192.0.84.33 - - [27/Apr/2015:18:34:39 +0000] "HEAD / HTTP/1.0" 200 9135 "-" "jetmon/1.0 (Jetpack Site Uptime Monitor by WordPress.com)"
202.46.57.137 - - [27/Apr/2015:18:37:22 +0000] "GET /assets/css/screen.css?v=eb915c126a HTTP/1.0" 301 107 "-" "Mozilla/5.0 (Windows NT 6.1; WOW64) AppleWebKit/537.36 (KHTML, like Gecko) Chrome/36.0.1985.125 Safari/537.36"
192.0.84.33 - - [27/Apr/2015:18:39:43 +0000] "HEAD / HTTP/1.0" 301 56 "-" "jetmon/1.0 (Jetpack Site Uptime Monitor by WordPress.com)"
192.0.84.33 - - [27/Apr/2015:18:39:43 +0000] "HEAD / HTTP/1.0" 200 9135 "-" "jetmon/1.0 (Jetpack Site Uptime Monitor by WordPress.com)"
192.0.84.33 - - [27/Apr/2015:18:44:37 +0000] "HEAD / HTTP/1.0" 301 56 "-" "jetmon/1.0 (Jetpack Site Uptime Monitor by WordPress.com)"
192.0.84.33 - - [27/Apr/2015:18:44:37 +0000] "HEAD / HTTP/1.0" 200 9135 "-" "jetmon/1.0 (Jetpack Site Uptime Monitor by WordPress.com)"
192.0.84.33 - - [27/Apr/2015:18:49:46 +0000] "HEAD / HTTP/1.0" 301 56 "-" "jetmon/1.0 (Jetpack Site Uptime Monitor by WordPress.com)"
192.0.84.33 - - [27/Apr/2015:18:49:46 +0000] "HEAD / HTTP/1.0" 200 9135 "-" "jetmon/1.0 (Jetpack Site Uptime Monitor by WordPress.com)"
192.0.84.33 - - [27/Apr/2015:18:54:42 +0000] "HEAD / HTTP/1.0" 301 56 "-" "jetmon/1.0 (Jetpack Site Uptime Monitor by WordPress.com)"
192.0.84.33 - - [27/Apr/2015:18:54:42 +0000] "HEAD / HTTP/1.0" 200 9135 "-" "jetmon/1.0 (Jetpack Site Uptime Monitor by WordPress.com)"
192.0.84.33 - - [27/Apr/2015:18:59:47 +0000] "HEAD / HTTP/1.0" 301 56 "-" "jetmon/1.0 (Jetpack Site Uptime Monitor by WordPress.com)"
192.0.84.33 - - [27/Apr/2015:18:59:47 +0000] "HEAD / HTTP/1.0" 200 9135 "-" "jetmon/1.0 (Jetpack Site Uptime Monitor by WordPress.com)"
192.0.84.33 - - [27/Apr/2015:19:04:51 +0000] "HEAD / HTTP/1.0" 301 56 "-" "jetmon/1.0 (Jetpack Site Uptime Monitor by WordPress.com)"
192.0.84.33 - - [27/Apr/2015:19:04:51 +0000] "HEAD / HTTP/1.0" 200 9135 "-" "jetmon/1.0 (Jetpack Site Uptime Monitor by WordPress.com)"
192.0.84.33 - - [27/Apr/2015:19:09:53 +0000] "HEAD / HTTP/1.0" 301 56 "-" "jetmon/1.0 (Jetpack Site Uptime Monitor by WordPress.com)"
192.0.84.33 - - [27/Apr/2015:19:09:53 +0000] "HEAD / HTTP/1.0" 200 9135 "-" "jetmon/1.0 (Jetpack Site Uptime Monitor by WordPress.com)"
192.0.84.33 - - [27/Apr/2015:19:14:45 +0000] "HEAD / HTTP/1.0" 301 56 "-" "jetmon/1.0 (Jetpack Site Uptime Monitor by WordPress.com)"
192.0.84.33 - - [27/Apr/2015:19:14:46 +0000] "HEAD / HTTP/1.0" 200 9135 "-" "jetmon/1.0 (Jetpack Site Uptime Monitor by WordPress.com)"
192.0.84.33 - - [27/Apr/2015:19:19:45 +0000] "HEAD / HTTP/1.0" 301 56 "-" "jetmon/1.0 (Jetpack Site Uptime Monitor by WordPress.com)"
192.0.84.33 - - [27/Apr/2015:19:19:46 +0000] "HEAD / HTTP/1.0" 200 9135 "-" "jetmon/1.0 (Jetpack Site Uptime Monitor by WordPress.com)"
66.249.79.71 - - [27/Apr/2015:19:24:20 +0000] "GET /robots.txt HTTP/1.0" 200 - "-" "Mozilla/5.0 (compatible; Googlebot/2.1; +http://www.google.com/bot.html)"
66.249.79.71 - - [27/Apr/2015:19:24:20 +0000] "GET /tag/writing/ HTTP/1.0" 200 - "-" "Mozilla/5.0 (compatible; Googlebot/2.1; +http://www.google.com/bot.html)"
192.0.84.33 - - [27/Apr/2015:19:24:44 +0000] "HEAD / HTTP/1.0" 301 56 "-" "jetmon/1.0 (Jetpack Site Uptime Monitor by WordPress.com)"
192.0.84.33 - - [27/Apr/2015:19:24:44 +0000] "HEAD / HTTP/1.0" 200 9135 "-" "jetmon/1.0 (Jetpack Site Uptime Monitor by WordPress.com)"
192.0.84.33 - - [27/Apr/2015:19:29:47 +0000] "HEAD / HTTP/1.0" 301 56 "-" "jetmon/1.0 (Jetpack Site Uptime Monitor by WordPress.com)"
192.0.84.33 - - [27/Apr/2015:19:29:47 +0000] "HEAD / HTTP/1.0" 200 9135 "-" "jetmon/1.0 (Jetpack Site Uptime Monitor by WordPress.com)"
192.0.84.33 - - [27/Apr/2015:19:34:32 +0000] "HEAD / HTTP/1.0" 301 56 "-" "jetmon/1.0 (Jetpack Site Uptime Monitor by WordPress.com)"
192.0.84.33 - - [27/Apr/2015:19:34:33 +0000] "HEAD / HTTP/1.0" 200 9135 "-" "jetmon/1.0 (Jetpack Site Uptime Monitor by WordPress.com)"
192.0.84.33 - - [27/Apr/2015:19:39:39 +0000] "HEAD / HTTP/1.0" 301 56 "-" "jetmon/1.0 (Jetpack Site Uptime Monitor by WordPress.com)"
192.0.84.33 - - [27/Apr/2015:19:39:39 +0000] "HEAD / HTTP/1.0" 200 9135 "-" "jetmon/1.0 (Jetpack Site Uptime Monitor by WordPress.com)"
192.0.84.33 - - [27/Apr/2015:19:44:49 +0000] "HEAD / HTTP/1.0" 301 56 "-" "jetmon/1.0 (Jetpack Site Uptime Monitor by WordPress.com)"
192.0.84.33 - - [27/Apr/2015:19:44:49 +0000] "HEAD / HTTP/1.0" 200 9135 "-" "jetmon/1.0 (Jetpack Site Uptime Monitor by WordPress.com)"
192.0.84.33 - - [27/Apr/2015:19:49:30 +0000] "HEAD / HTTP/1.0" 301 56 "-" "jetmon/1.0 (Jetpack Site Uptime Monitor by WordPress.com)"
192.0.84.33 - - [27/Apr/2015:19:49:31 +0000] "HEAD / HTTP/1.0" 200 9135 "-" "jetmon/1.0 (Jetpack Site Uptime Monitor by WordPress.com)"
192.0.84.33 - - [27/Apr/2015:19:54:38 +0000] "HEAD / HTTP/1.0" 301 56 "-" "jetmon/1.0 (Jetpack Site Uptime Monitor by WordPress.com)"
192.0.84.33 - - [27/Apr/2015:19:54:38 +0000] "HEAD / HTTP/1.0" 200 9135 "-" "jetmon/1.0 (Jetpack Site Uptime Monitor by WordPress.com)"
192.0.84.33 - - [27/Apr/2015:19:59:27 +0000] "HEAD / HTTP/1.0" 301 56 "-" "jetmon/1.0 (Jetpack Site Uptime Monitor by WordPress.com)"
192.0.84.33 - - [27/Apr/2015:19:59:27 +0000] "HEAD / HTTP/1.0" 200 9135 "-" "jetmon/1.0 (Jetpack Site Uptime Monitor by WordPress.com)"
192.0.84.33 - - [27/Apr/2015:20:04:44 +0000] "HEAD / HTTP/1.0" 301 56 "-" "jetmon/1.0 (Jetpack Site Uptime Monitor by WordPress.com)"
192.0.84.33 - - [27/Apr/2015:20:04:44 +0000] "HEAD / HTTP/1.0" 200 9135 "-" "jetmon/1.0 (Jetpack Site Uptime Monitor by WordPress.com)"
192.0.84.33 - - [27/Apr/2015:20:09:24 +0000] "HEAD / HTTP/1.0" 301 56 "-" "jetmon/1.0 (Jetpack Site Uptime Monitor by WordPress.com)"
192.0.84.33 - - [27/Apr/2015:20:09:24 +0000] "HEAD / HTTP/1.0" 200 9135 "-" "jetmon/1.0 (Jetpack Site Uptime Monitor by WordPress.com)"
192.0.84.33 - - [27/Apr/2015:20:14:29 +0000] "HEAD / HTTP/1.0" 301 56 "-" "jetmon/1.0 (Jetpack Site Uptime Monitor by WordPress.com)"
192.0.84.33 - - [27/Apr/2015:20:14:30 +0000] "HEAD / HTTP/1.0" 200 9135 "-" "jetmon/1.0 (Jetpack Site Uptime Monitor by WordPress.com)"
192.0.84.33 - - [27/Apr/2015:20:19:27 +0000] "HEAD / HTTP/1.0" 301 56 "-" "jetmon/1.0 (Jetpack Site Uptime Monitor by WordPress.com)"
192.0.84.33 - - [27/Apr/2015:20:19:27 +0000] "HEAD / HTTP/1.0" 200 9135 "-" "jetmon/1.0 (Jetpack Site Uptime Monitor by WordPress.com)"
202.46.61.177 - - [27/Apr/2015:20:19:35 +0000] "GET /assets/css/screen.css?v=eb915c126a HTTP/1.0" 301 107 "-" "Mozilla/5.0 (Windows NT 6.1; WOW64) AppleWebKit/537.36 (KHTML, like Gecko) Chrome/36.0.1985.125 Safari/537.36"
180.76.5.67 - - [27/Apr/2015:20:19:35 +0000] "GET /robots.txt HTTP/1.0" 301 66 "-" "Mozilla/5.0 (Windows NT 5.1; rv:6.0.2) Gecko/20100101 Firefox/6.0.2"
192.0.84.33 - - [27/Apr/2015:20:24:23 +0000] "HEAD / HTTP/1.0" 301 56 "-" "jetmon/1.0 (Jetpack Site Uptime Monitor by WordPress.com)"
192.0.84.33 - - [27/Apr/2015:20:24:24 +0000] "HEAD / HTTP/1.0" 200 9135 "-" "jetmon/1.0 (Jetpack Site Uptime Monitor by WordPress.com)"
192.0.84.33 - - [27/Apr/2015:20:29:20 +0000] "HEAD / HTTP/1.0" 301 56 "-" "jetmon/1.0 (Jetpack Site Uptime Monitor by WordPress.com)"
192.0.84.33 - - [27/Apr/2015:20:29:21 +0000] "HEAD / HTTP/1.0" 200 9135 "-" "jetmon/1.0 (Jetpack Site Uptime Monitor by WordPress.com)"
66.249.79.120 - - [27/Apr/2015:20:31:35 +0000] "GET /robots.txt HTTP/1.0" 301 66 "-" "Mozilla/5.0 (compatible; Googlebot/2.1; +http://www.google.com/bot.html)"
66.249.79.55 - - [27/Apr/2015:20:31:36 +0000] "GET /robots.txt HTTP/1.0" 200 - "-" "Mozilla/5.0 (compatible; Googlebot/2.1; +http://www.google.com/bot.html)"
66.249.79.128 - - [27/Apr/2015:20:31:36 +0000] "GET /feed/ HTTP/1.0" 301 61 "-" "Mozilla/5.0 (compatible; Googlebot/2.1; +http://www.google.com/bot.html)"
66.249.79.55 - - [27/Apr/2015:20:31:36 +0000] "GET /robots.txt HTTP/1.0" 200 - "-" "Mozilla/5.0 (compatible; Googlebot/2.1; +http://www.google.com/bot.html)"
66.249.79.55 - - [27/Apr/2015:20:31:36 +0000] "GET /feed/ HTTP/1.0" 301 39 "-" "Mozilla/5.0 (compatible; Googlebot/2.1; +http://www.google.com/bot.html)"
66.249.79.71 - - [27/Apr/2015:20:31:37 +0000] "GET /rss/ HTTP/1.0" 200 - "-" "Mozilla/5.0 (compatible; Googlebot/2.1; +http://www.google.com/bot.html)"
192.0.84.33 - - [27/Apr/2015:20:34:30 +0000] "HEAD / HTTP/1.0" 301 56 "-" "jetmon/1.0 (Jetpack Site Uptime Monitor by WordPress.com)"
192.0.84.33 - - [27/Apr/2015:20:34:30 +0000] "HEAD / HTTP/1.0" 200 9135 "-" "jetmon/1.0 (Jetpack Site Uptime Monitor by WordPress.com)"
192.0.84.33 - - [27/Apr/2015:20:39:24 +0000] "HEAD / HTTP/1.0" 301 56 "-" "jetmon/1.0 (Jetpack Site Uptime Monitor by WordPress.com)"
192.0.84.33 - - [27/Apr/2015:20:39:24 +0000] "HEAD / HTTP/1.0" 200 9135 "-" "jetmon/1.0 (Jetpack Site Uptime Monitor by WordPress.com)"
192.0.84.33 - - [27/Apr/2015:20:44:21 +0000] "HEAD / HTTP/1.0" 301 56 "-" "jetmon/1.0 (Jetpack Site Uptime Monitor by WordPress.com)"
192.0.84.33 - - [27/Apr/2015:20:44:22 +0000] "HEAD / HTTP/1.0" 200 9135 "-" "jetmon/1.0 (Jetpack Site Uptime Monitor by WordPress.com)"
198.252.44.14 - - [27/Apr/2015:20:44:38 +0000] "GET / HTTP/1.0" 301 56 "-" "=Mozilla/5.0 (Windows; U; Windows NT 6.1; en-US) AppleWebKit/534.16 (KHTML, like Gecko) Chrome/10.0.648.204 Safari/534.16"
198.252.44.224 - - [27/Apr/2015:20:44:38 +0000] "GET / HTTP/1.0" 301 56 "-" "=Mozilla/5.0 (Windows; U; Windows NT 6.1; en-US) AppleWebKit/534.16 (KHTML, like Gecko) Chrome/10.0.648.204 Safari/534.16"
192.0.84.33 - - [27/Apr/2015:20:49:24 +0000] "HEAD / HTTP/1.0" 301 56 "-" "jetmon/1.0 (Jetpack Site Uptime Monitor by WordPress.com)"
192.0.84.33 - - [27/Apr/2015:20:49:25 +0000] "HEAD / HTTP/1.0" 200 9135 "-" "jetmon/1.0 (Jetpack Site Uptime Monitor by WordPress.com)"
192.0.84.33 - - [27/Apr/2015:20:54:20 +0000] "HEAD / HTTP/1.0" 301 56 "-" "jetmon/1.0 (Jetpack Site Uptime Monitor by WordPress.com)"
192.0.84.33 - - [27/Apr/2015:20:54:20 +0000] "HEAD / HTTP/1.0" 200 9135 "-" "jetmon/1.0 (Jetpack Site Uptime Monitor by WordPress.com)"
220.181.108.117 - - [27/Apr/2015:20:57:57 +0000] "GET /wp-content/themes/national-basic/library/images/header01.jpg HTTP/1.0" 301 116 "http://image.baidu.com/i?ct=503316480&z=0&tn=baiduimagedetail" "Baiduspider-image+(+http://www.baidu.com/search/spider.htm)"
192.0.84.33 - - [27/Apr/2015:20:59:30 +0000] "HEAD / HTTP/1.0" 301 56 "-" "jetmon/1.0 (Jetpack Site Uptime Monitor by WordPress.com)"
192.0.84.33 - - [27/Apr/2015:20:59:31 +0000] "HEAD / HTTP/1.0" 200 9135 "-" "jetmon/1.0 (Jetpack Site Uptime Monitor by WordPress.com)"
180.76.5.24 - - [27/Apr/2015:21:02:42 +0000] "GET /robots.txt HTTP/1.0" 301 66 "-" "Mozilla/5.0 (Windows NT 5.1; rv:6.0.2) Gecko/20100101 Firefox/6.0.2"
192.0.84.33 - - [27/Apr/2015:21:04:29 +0000] "HEAD / HTTP/1.0" 301 56 "-" "jetmon/1.0 (Jetpack Site Uptime Monitor by WordPress.com)"
192.0.84.33 - - [27/Apr/2015:21:04:29 +0000] "HEAD / HTTP/1.0" 200 9135 "-" "jetmon/1.0 (Jetpack Site Uptime Monitor by WordPress.com)"
180.76.5.172 - - [27/Apr/2015:21:05:36 +0000] "GET /get-paid-for-writing/ HTTP/1.0" 301 77 "-" "Mozilla/5.0 (compatible; Baiduspider/2.0; +http://www.baidu.com/search/spider.html)"
192.0.84.33 - - [27/Apr/2015:21:09:25 +0000] "HEAD / HTTP/1.0" 301 56 "-" "jetmon/1.0 (Jetpack Site Uptime Monitor by WordPress.com)"
192.0.84.33 - - [27/Apr/2015:21:09:25 +0000] "HEAD / HTTP/1.0" 200 9135 "-" "jetmon/1.0 (Jetpack Site Uptime Monitor by WordPress.com)"
192.0.84.33 - - [27/Apr/2015:21:14:23 +0000] "HEAD / HTTP/1.0" 301 56 "-" "jetmon/1.0 (Jetpack Site Uptime Monitor by WordPress.com)"
192.0.84.33 - - [27/Apr/2015:21:14:23 +0000] "HEAD / HTTP/1.0" 200 9135 "-" "jetmon/1.0 (Jetpack Site Uptime Monitor by WordPress.com)"
192.0.84.33 - - [27/Apr/2015:21:19:23 +0000] "HEAD / HTTP/1.0" 301 56 "-" "jetmon/1.0 (Jetpack Site Uptime Monitor by WordPress.com)"
192.0.84.33 - - [27/Apr/2015:21:19:23 +0000] "HEAD / HTTP/1.0" 200 9135 "-" "jetmon/1.0 (Jetpack Site Uptime Monitor by WordPress.com)"
192.0.84.33 - - [27/Apr/2015:21:24:18 +0000] "HEAD / HTTP/1.0" 301 56 "-" "jetmon/1.0 (Jetpack Site Uptime Monitor by WordPress.com)"
192.0.84.33 - - [27/Apr/2015:21:24:18 +0000] "HEAD / HTTP/1.0" 200 9135 "-" "jetmon/1.0 (Jetpack Site Uptime Monitor by WordPress.com)"
192.0.84.33 - - [27/Apr/2015:21:29:13 +0000] "HEAD / HTTP/1.0" 301 56 "-" "jetmon/1.0 (Jetpack Site Uptime Monitor by WordPress.com)"
192.0.84.33 - - [27/Apr/2015:21:29:14 +0000] "HEAD / HTTP/1.0" 200 9135 "-" "jetmon/1.0 (Jetpack Site Uptime Monitor by WordPress.com)"
192.0.84.33 - - [27/Apr/2015:21:34:20 +0000] "HEAD / HTTP/1.0" 301 56 "-" "jetmon/1.0 (Jetpack Site Uptime Monitor by WordPress.com)"
192.0.84.33 - - [27/Apr/2015:21:34:21 +0000] "HEAD / HTTP/1.0" 200 9135 "-" "jetmon/1.0 (Jetpack Site Uptime Monitor by WordPress.com)"
192.0.84.33 - - [27/Apr/2015:21:39:27 +0000] "HEAD / HTTP/1.0" 301 56 "-" "jetmon/1.0 (Jetpack Site Uptime Monitor by WordPress.com)"
192.0.84.33 - - [27/Apr/2015:21:39:27 +0000] "HEAD / HTTP/1.0" 200 9135 "-" "jetmon/1.0 (Jetpack Site Uptime Monitor by WordPress.com)"
99.151.5.81 - - [27/Apr/2015:21:42:52 +0000] "GET / HTTP/1.0" 304 - "-" "Mozilla/5.0 (Windows NT 6.3; WOW64) AppleWebKit/537.36 (KHTML, like Gecko) Chrome/42.0.2311.90 Safari/537.36"
192.0.84.33 - - [27/Apr/2015:21:44:19 +0000] "HEAD / HTTP/1.0" 301 56 "-" "jetmon/1.0 (Jetpack Site Uptime Monitor by WordPress.com)"
192.0.84.33 - - [27/Apr/2015:21:44:19 +0000] "HEAD / HTTP/1.0" 200 9135 "-" "jetmon/1.0 (Jetpack Site Uptime Monitor by WordPress.com)"
192.0.84.33 - - [27/Apr/2015:21:49:21 +0000] "HEAD / HTTP/1.0" 301 56 "-" "jetmon/1.0 (Jetpack Site Uptime Monitor by WordPress.com)"
192.0.84.33 - - [27/Apr/2015:21:49:21 +0000] "HEAD / HTTP/1.0" 200 9135 "-" "jetmon/1.0 (Jetpack Site Uptime Monitor by WordPress.com)"
192.0.84.33 - - [27/Apr/2015:21:54:18 +0000] "HEAD / HTTP/1.0" 301 56 "-" "jetmon/1.0 (Jetpack Site Uptime Monitor by WordPress.com)"
192.0.84.33 - - [27/Apr/2015:21:54:18 +0000] "HEAD / HTTP/1.0" 200 9135 "-" "jetmon/1.0 (Jetpack Site Uptime Monitor by WordPress.com)"
123.125.71.98 - - [27/Apr/2015:21:56:50 +0000] "GET / HTTP/1.0" 301 56 "-" "Mozilla/5.0 (Windows NT 5.1; rv:6.0.2) Gecko/20100101 Firefox/6.0.2"
220.181.108.110 - - [27/Apr/2015:21:58:36 +0000] "GET / HTTP/1.0" 301 56 "-" "Mozilla/5.0 (Windows NT 5.1; rv:6.0.2) Gecko/20100101 Firefox/6.0.2"
192.0.84.33 - - [27/Apr/2015:21:59:17 +0000] "HEAD / HTTP/1.0" 301 56 "-" "jetmon/1.0 (Jetpack Site Uptime Monitor by WordPress.com)"
192.0.84.33 - - [27/Apr/2015:21:59:17 +0000] "HEAD / HTTP/1.0" 200 9135 "-" "jetmon/1.0 (Jetpack Site Uptime Monitor by WordPress.com)"
192.0.84.33 - - [27/Apr/2015:22:04:24 +0000] "HEAD / HTTP/1.0" 301 56 "-" "jetmon/1.0 (Jetpack Site Uptime Monitor by WordPress.com)"
192.0.84.33 - - [27/Apr/2015:22:04:24 +0000] "HEAD / HTTP/1.0" 200 9135 "-" "jetmon/1.0 (Jetpack Site Uptime Monitor by WordPress.com)"
192.0.84.33 - - [27/Apr/2015:22:09:26 +0000] "HEAD / HTTP/1.0" 301 56 "-" "jetmon/1.0 (Jetpack Site Uptime Monitor by WordPress.com)"
192.0.84.33 - - [27/Apr/2015:22:09:26 +0000] "HEAD / HTTP/1.0" 200 9135 "-" "jetmon/1.0 (Jetpack Site Uptime Monitor by WordPress.com)"
192.0.84.33 - - [27/Apr/2015:22:14:23 +0000] "HEAD / HTTP/1.0" 301 56 "-" "jetmon/1.0 (Jetpack Site Uptime Monitor by WordPress.com)"
192.0.84.33 - - [27/Apr/2015:22:14:23 +0000] "HEAD / HTTP/1.0" 200 9135 "-" "jetmon/1.0 (Jetpack Site Uptime Monitor by WordPress.com)"
192.0.84.33 - - [27/Apr/2015:22:19:28 +0000] "HEAD / HTTP/1.0" 301 56 "-" "jetmon/1.0 (Jetpack Site Uptime Monitor by WordPress.com)"
192.0.84.33 - - [27/Apr/2015:22:19:29 +0000] "HEAD / HTTP/1.0" 200 9135 "-" "jetmon/1.0 (Jetpack Site Uptime Monitor by WordPress.com)"
193.104.41.186 - - [27/Apr/2015:22:21:25 +0000] "POST /wp-login.php HTTP/1.0" 301 68 "-" "Opera 10.00"
66.249.79.55 - - [27/Apr/2015:22:22:00 +0000] "GET /robots.txt HTTP/1.0" 200 - "-" "Mozilla/5.0 (compatible; Googlebot/2.1; +http://www.google.com/bot.html)"
66.249.79.63 - - [27/Apr/2015:22:22:00 +0000] "GET /tag/foreverjs/ HTTP/1.0" 200 - "-" "Mozilla/5.0 (compatible; Googlebot/2.1; +http://www.google.com/bot.html)"
192.0.84.33 - - [27/Apr/2015:22:24:24 +0000] "HEAD / HTTP/1.0" 301 56 "-" "jetmon/1.0 (Jetpack Site Uptime Monitor by WordPress.com)"
192.0.84.33 - - [27/Apr/2015:22:24:25 +0000] "HEAD / HTTP/1.0" 200 9135 "-" "jetmon/1.0 (Jetpack Site Uptime Monitor by WordPress.com)"
202.46.52.133 - - [27/Apr/2015:22:27:42 +0000] "GET /startssl/ HTTP/1.0" 301 65 "-" "Mozilla/5.0 (Windows NT 6.1; WOW64) AppleWebKit/537.36 (KHTML, like Gecko) Chrome/36.0.1985.125 Safari/537.36"
180.76.5.223 - - [27/Apr/2015:22:27:42 +0000] "GET /robots.txt HTTP/1.0" 301 66 "-" "Mozilla/5.0 (Windows NT 5.1; rv:6.0.2) Gecko/20100101 Firefox/6.0.2"
66.249.79.71 - - [27/Apr/2015:22:28:45 +0000] "GET /author/joe/ HTTP/1.0" 200 - "-" "Mozilla/5.0 (compatible; Googlebot/2.1; +http://www.google.com/bot.html)"
192.0.84.33 - - [27/Apr/2015:22:29:17 +0000] "HEAD / HTTP/1.0" 301 56 "-" "jetmon/1.0 (Jetpack Site Uptime Monitor by WordPress.com)"
192.0.84.33 - - [27/Apr/2015:22:29:18 +0000] "HEAD / HTTP/1.0" 200 9135 "-" "jetmon/1.0 (Jetpack Site Uptime Monitor by WordPress.com)"
66.249.79.71 - - [27/Apr/2015:22:30:22 +0000] "GET / HTTP/1.0" 200 - "-" "Mozilla/5.0 (compatible; Googlebot/2.1; +http://www.google.com/bot.html)"
192.0.84.33 - - [27/Apr/2015:22:34:20 +0000] "HEAD / HTTP/1.0" 301 56 "-" "jetmon/1.0 (Jetpack Site Uptime Monitor by WordPress.com)"
192.0.84.33 - - [27/Apr/2015:22:34:20 +0000] "HEAD / HTTP/1.0" 200 9135 "-" "jetmon/1.0 (Jetpack Site Uptime Monitor by WordPress.com)"
192.0.84.33 - - [27/Apr/2015:22:39:15 +0000] "HEAD / HTTP/1.0" 301 56 "-" "jetmon/1.0 (Jetpack Site Uptime Monitor by WordPress.com)"
192.0.84.33 - - [27/Apr/2015:22:39:15 +0000] "HEAD / HTTP/1.0" 200 9135 "-" "jetmon/1.0 (Jetpack Site Uptime Monitor by WordPress.com)"
192.0.84.33 - - [27/Apr/2015:22:44:20 +0000] "HEAD / HTTP/1.0" 301 56 "-" "jetmon/1.0 (Jetpack Site Uptime Monitor by WordPress.com)"
192.0.84.33 - - [27/Apr/2015:22:44:20 +0000] "HEAD / HTTP/1.0" 200 9135 "-" "jetmon/1.0 (Jetpack Site Uptime Monitor by WordPress.com)"
192.0.84.33 - - [27/Apr/2015:22:49:21 +0000] "HEAD / HTTP/1.0" 301 56 "-" "jetmon/1.0 (Jetpack Site Uptime Monitor by WordPress.com)"
192.0.84.33 - - [27/Apr/2015:22:49:21 +0000] "HEAD / HTTP/1.0" 200 9135 "-" "jetmon/1.0 (Jetpack Site Uptime Monitor by WordPress.com)"
157.55.39.29 - - [27/Apr/2015:22:52:26 +0000] "GET / HTTP/1.0" 301 56 "-" "Mozilla/5.0 (compatible; bingbot/2.0; +http://www.bing.com/bingbot.htm)"
192.0.84.33 - - [27/Apr/2015:22:54:15 +0000] "HEAD / HTTP/1.0" 301 56 "-" "jetmon/1.0 (Jetpack Site Uptime Monitor by WordPress.com)"
192.0.84.33 - - [27/Apr/2015:22:54:15 +0000] "HEAD / HTTP/1.0" 200 9135 "-" "jetmon/1.0 (Jetpack Site Uptime Monitor by WordPress.com)"
192.0.84.33 - - [27/Apr/2015:22:59:19 +0000] "HEAD / HTTP/1.0" 301 56 "-" "jetmon/1.0 (Jetpack Site Uptime Monitor by WordPress.com)"
192.0.84.33 - - [27/Apr/2015:22:59:19 +0000] "HEAD / HTTP/1.0" 200 9135 "-" "jetmon/1.0 (Jetpack Site Uptime Monitor by WordPress.com)"
192.0.84.33 - - [27/Apr/2015:23:04:25 +0000] "HEAD / HTTP/1.0" 301 56 "-" "jetmon/1.0 (Jetpack Site Uptime Monitor by WordPress.com)"
192.0.84.33 - - [27/Apr/2015:23:04:25 +0000] "HEAD / HTTP/1.0" 200 9135 "-" "jetmon/1.0 (Jetpack Site Uptime Monitor by WordPress.com)"
192.0.84.33 - - [27/Apr/2015:23:09:22 +0000] "HEAD / HTTP/1.0" 301 56 "-" "jetmon/1.0 (Jetpack Site Uptime Monitor by WordPress.com)"
192.0.84.33 - - [27/Apr/2015:23:09:22 +0000] "HEAD / HTTP/1.0" 200 9135 "-" "jetmon/1.0 (Jetpack Site Uptime Monitor by WordPress.com)"
192.0.84.33 - - [27/Apr/2015:23:14:22 +0000] "HEAD / HTTP/1.0" 301 56 "-" "jetmon/1.0 (Jetpack Site Uptime Monitor by WordPress.com)"
192.0.84.33 - - [27/Apr/2015:23:14:23 +0000] "HEAD / HTTP/1.0" 200 9135 "-" "jetmon/1.0 (Jetpack Site Uptime Monitor by WordPress.com)"
192.0.84.33 - - [27/Apr/2015:23:19:18 +0000] "HEAD / HTTP/1.0" 301 56 "-" "jetmon/1.0 (Jetpack Site Uptime Monitor by WordPress.com)"
192.0.84.33 - - [27/Apr/2015:23:19:19 +0000] "HEAD / HTTP/1.0" 200 9135 "-" "jetmon/1.0 (Jetpack Site Uptime Monitor by WordPress.com)"
192.0.84.33 - - [27/Apr/2015:23:24:23 +0000] "HEAD / HTTP/1.0" 301 56 "-" "jetmon/1.0 (Jetpack Site Uptime Monitor by WordPress.com)"
192.0.84.33 - - [27/Apr/2015:23:24:23 +0000] "HEAD / HTTP/1.0" 200 9135 "-" "jetmon/1.0 (Jetpack Site Uptime Monitor by WordPress.com)"
192.0.84.33 - - [27/Apr/2015:23:29:18 +0000] "HEAD / HTTP/1.0" 301 56 "-" "jetmon/1.0 (Jetpack Site Uptime Monitor by WordPress.com)"
192.0.84.33 - - [27/Apr/2015:23:29:18 +0000] "HEAD / HTTP/1.0" 200 9135 "-" "jetmon/1.0 (Jetpack Site Uptime Monitor by WordPress.com)"
192.0.84.33 - - [27/Apr/2015:23:34:21 +0000] "HEAD / HTTP/1.0" 301 56 "-" "jetmon/1.0 (Jetpack Site Uptime Monitor by WordPress.com)"
192.0.84.33 - - [27/Apr/2015:23:34:21 +0000] "HEAD / HTTP/1.0" 200 9135 "-" "jetmon/1.0 (Jetpack Site Uptime Monitor by WordPress.com)"
192.0.84.33 - - [27/Apr/2015:23:39:15 +0000] "HEAD / HTTP/1.0" 301 56 "-" "jetmon/1.0 (Jetpack Site Uptime Monitor by WordPress.com)"
192.0.84.33 - - [27/Apr/2015:23:39:15 +0000] "HEAD / HTTP/1.0" 200 9135 "-" "jetmon/1.0 (Jetpack Site Uptime Monitor by WordPress.com)"
37.140.141.27 - - [27/Apr/2015:23:43:14 +0000] "GET /robots.txt HTTP/1.0" 200 75 "-" "Mozilla/5.0 (compatible; YandexBot/3.0; +http://yandex.com/bots)"
37.140.141.27 - - [27/Apr/2015:23:43:17 +0000] "GET /sitemap.xml HTTP/1.0" 200 622 "-" "Mozilla/5.0 (compatible; YandexBot/3.0; +http://yandex.com/bots)"
192.0.84.33 - - [27/Apr/2015:23:44:18 +0000] "HEAD / HTTP/1.0" 301 56 "-" "jetmon/1.0 (Jetpack Site Uptime Monitor by WordPress.com)"
192.0.84.33 - - [27/Apr/2015:23:44:18 +0000] "HEAD / HTTP/1.0" 200 9135 "-" "jetmon/1.0 (Jetpack Site Uptime Monitor by WordPress.com)"
192.0.84.33 - - [27/Apr/2015:23:49:17 +0000] "HEAD / HTTP/1.0" 301 56 "-" "jetmon/1.0 (Jetpack Site Uptime Monitor by WordPress.com)"
192.0.84.33 - - [27/Apr/2015:23:49:17 +0000] "HEAD / HTTP/1.0" 200 9135 "-" "jetmon/1.0 (Jetpack Site Uptime Monitor by WordPress.com)"
201.4.31.97 - - [27/Apr/2015:23:50:09 +0000] "GET / HTTP/1.0" 301 100 "http://buttons-for-your-website.com" "Mozilla/5.0 (Windows NT 6.1; WOW64) AppleWebKit/537.36 (KHTML, like Gecko) Chrome/36.0.1985.143 Safari/537.36"
123.125.71.115 - - [27/Apr/2015:23:51:23 +0000] "GET / HTTP/1.0" 301 56 "-" "Mozilla/5.0 (Windows NT 5.1; rv:6.0.2) Gecko/20100101 Firefox/6.0.2"
220.181.108.99 - - [27/Apr/2015:23:53:40 +0000] "GET / HTTP/1.0" 301 56 "-" "Mozilla/5.0 (Windows NT 5.1; rv:6.0.2) Gecko/20100101 Firefox/6.0.2"
192.0.84.33 - - [27/Apr/2015:23:54:19 +0000] "HEAD / HTTP/1.0" 301 56 "-" "jetmon/1.0 (Jetpack Site Uptime Monitor by WordPress.com)"
192.0.84.33 - - [27/Apr/2015:23:54:20 +0000] "HEAD / HTTP/1.0" 200 9135 "-" "jetmon/1.0 (Jetpack Site Uptime Monitor by WordPress.com)"
202.46.55.110 - - [27/Apr/2015:23:58:28 +0000] "GET /assets/js/index.js HTTP/1.0" 301 74 "-" "Mozilla/5.0 (Windows NT 6.1; WOW64) AppleWebKit/537.36 (KHTML, like Gecko) Chrome/36.0.1985.125 Safari/537.36"
180.76.6.65 - - [27/Apr/2015:23:58:28 +0000] "GET /robots.txt HTTP/1.0" 301 66 "-" "Mozilla/5.0 (Windows NT 5.1; rv:6.0.2) Gecko/20100101 Firefox/6.0.2"
192.0.84.33 - - [27/Apr/2015:23:59:14 +0000] "HEAD / HTTP/1.0" 301 56 "-" "jetmon/1.0 (Jetpack Site Uptime Monitor by WordPress.com)"
192.0.84.33 - - [27/Apr/2015:23:59:15 +0000] "HEAD / HTTP/1.0" 200 9135 "-" "jetmon/1.0 (Jetpack Site Uptime Monitor by WordPress.com)"
66.249.79.71 - - [28/Apr/2015:00:03:39 +0000] "GET /robots.txt HTTP/1.0" 200 - "-" "Mozilla/5.0 (compatible; Googlebot/2.1; +http://www.google.com/bot.html)"
66.249.79.71 - - [28/Apr/2015:00:03:39 +0000] "GET /startssl/ HTTP/1.0" 200 - "-" "Mozilla/5.0 (compatible; Googlebot/2.1; +http://www.google.com/bot.html)"
192.0.84.33 - - [28/Apr/2015:00:04:26 +0000] "HEAD / HTTP/1.0" 301 56 "-" "jetmon/1.0 (Jetpack Site Uptime Monitor by WordPress.com)"
192.0.84.33 - - [28/Apr/2015:00:04:27 +0000] "HEAD / HTTP/1.0" 200 9135 "-" "jetmon/1.0 (Jetpack Site Uptime Monitor by WordPress.com)"
192.0.84.33 - - [28/Apr/2015:00:09:24 +0000] "HEAD / HTTP/1.0" 301 56 "-" "jetmon/1.0 (Jetpack Site Uptime Monitor by WordPress.com)"
192.0.84.33 - - [28/Apr/2015:00:09:24 +0000] "HEAD / HTTP/1.0" 200 9135 "-" "jetmon/1.0 (Jetpack Site Uptime Monitor by WordPress.com)"
125.86.27.42 - - [28/Apr/2015:00:12:57 +0000] "GET / HTTP/1.0" 301 100 "http://webcode01.com/" "Mozilla/5.0 (Windows NT 6.1) AppleWebKit/537.36 (KHTML, like Gecko) Chrome/33.0.1750.117 Safari/537.36"
125.86.27.42 - - [28/Apr/2015:00:12:58 +0000] "GET / HTTP/1.0" 200 9135 "http://webcode01.com/" "Mozilla/5.0 (Windows NT 6.1) AppleWebKit/537.36 (KHTML, like Gecko) Chrome/33.0.1750.117 Safari/537.36"
192.0.84.33 - - [28/Apr/2015:00:14:19 +0000] "HEAD / HTTP/1.0" 301 56 "-" "jetmon/1.0 (Jetpack Site Uptime Monitor by WordPress.com)"
192.0.84.33 - - [28/Apr/2015:00:14:19 +0000] "HEAD / HTTP/1.0" 200 9135 "-" "jetmon/1.0 (Jetpack Site Uptime Monitor by WordPress.com)"
192.0.84.33 - - [28/Apr/2015:00:19:23 +0000] "HEAD / HTTP/1.0" 301 56 "-" "jetmon/1.0 (Jetpack Site Uptime Monitor by WordPress.com)"
192.0.84.33 - - [28/Apr/2015:00:19:23 +0000] "HEAD / HTTP/1.0" 200 9135 "-" "jetmon/1.0 (Jetpack Site Uptime Monitor by WordPress.com)"
66.249.79.71 - - [28/Apr/2015:00:22:05 +0000] "GET /sitemap-authors.xml HTTP/1.0" 200 376 "-" "Mozilla/5.0 (compatible; Googlebot/2.1; +http://www.google.com/bot.html)"
192.0.84.33 - - [28/Apr/2015:00:24:19 +0000] "HEAD / HTTP/1.0" 301 56 "-" "jetmon/1.0 (Jetpack Site Uptime Monitor by WordPress.com)"
192.0.84.33 - - [28/Apr/2015:00:24:19 +0000] "HEAD / HTTP/1.0" 200 9135 "-" "jetmon/1.0 (Jetpack Site Uptime Monitor by WordPress.com)"
192.0.84.33 - - [28/Apr/2015:00:29:34 +0000] "HEAD / HTTP/1.0" 301 56 "-" "jetmon/1.0 (Jetpack Site Uptime Monitor by WordPress.com)"
192.0.84.33 - - [28/Apr/2015:00:29:35 +0000] "HEAD / HTTP/1.0" 200 9135 "-" "jetmon/1.0 (Jetpack Site Uptime Monitor by WordPress.com)"
192.0.84.33 - - [28/Apr/2015:00:34:32 +0000] "HEAD / HTTP/1.0" 301 56 "-" "jetmon/1.0 (Jetpack Site Uptime Monitor by WordPress.com)"
192.0.84.33 - - [28/Apr/2015:00:34:32 +0000] "HEAD / HTTP/1.0" 200 9135 "-" "jetmon/1.0 (Jetpack Site Uptime Monitor by WordPress.com)"
192.0.84.33 - - [28/Apr/2015:00:39:37 +0000] "HEAD / HTTP/1.0" 301 56 "-" "jetmon/1.0 (Jetpack Site Uptime Monitor by WordPress.com)"
192.0.84.33 - - [28/Apr/2015:00:39:38 +0000] "HEAD / HTTP/1.0" 200 9135 "-" "jetmon/1.0 (Jetpack Site Uptime Monitor by WordPress.com)"
123.125.71.92 - - [28/Apr/2015:00:44:26 +0000] "GET / HTTP/1.0" 301 56 "-" "Mozilla/5.0 (Windows NT 5.1; rv:6.0.2) Gecko/20100101 Firefox/6.0.2"
192.0.84.33 - - [28/Apr/2015:00:44:34 +0000] "HEAD / HTTP/1.0" 301 56 "-" "jetmon/1.0 (Jetpack Site Uptime Monitor by WordPress.com)"
192.0.84.33 - - [28/Apr/2015:00:44:34 +0000] "HEAD / HTTP/1.0" 200 9135 "-" "jetmon/1.0 (Jetpack Site Uptime Monitor by WordPress.com)"
220.181.108.118 - - [28/Apr/2015:00:47:45 +0000] "GET / HTTP/1.0" 301 56 "-" "Mozilla/5.0 (Windows NT 5.1; rv:6.0.2) Gecko/20100101 Firefox/6.0.2"
192.0.84.33 - - [28/Apr/2015:00:49:38 +0000] "HEAD / HTTP/1.0" 301 56 "-" "jetmon/1.0 (Jetpack Site Uptime Monitor by WordPress.com)"
192.0.84.33 - - [28/Apr/2015:00:49:39 +0000] "HEAD / HTTP/1.0" 200 9135 "-" "jetmon/1.0 (Jetpack Site Uptime Monitor by WordPress.com)"
192.0.84.33 - - [28/Apr/2015:00:54:32 +0000] "HEAD / HTTP/1.0" 301 56 "-" "jetmon/1.0 (Jetpack Site Uptime Monitor by WordPress.com)"
192.0.84.33 - - [28/Apr/2015:00:54:33 +0000] "HEAD / HTTP/1.0" 200 9135 "-" "jetmon/1.0 (Jetpack Site Uptime Monitor by WordPress.com)"
192.0.84.33 - - [28/Apr/2015:00:59:37 +0000] "HEAD / HTTP/1.0" 301 56 "-" "jetmon/1.0 (Jetpack Site Uptime Monitor by WordPress.com)"
192.0.84.33 - - [28/Apr/2015:00:59:37 +0000] "HEAD / HTTP/1.0" 200 9135 "-" "jetmon/1.0 (Jetpack Site Uptime Monitor by WordPress.com)"
192.0.84.33 - - [28/Apr/2015:01:04:43 +0000] "HEAD / HTTP/1.0" 301 56 "-" "jetmon/1.0 (Jetpack Site Uptime Monitor by WordPress.com)"
192.0.84.33 - - [28/Apr/2015:01:04:43 +0000] "HEAD / HTTP/1.0" 200 9135 "-" "jetmon/1.0 (Jetpack Site Uptime Monitor by WordPress.com)"
192.0.84.33 - - [28/Apr/2015:01:09:30 +0000] "HEAD / HTTP/1.0" 301 56 "-" "jetmon/1.0 (Jetpack Site Uptime Monitor by WordPress.com)"
192.0.84.33 - - [28/Apr/2015:01:09:30 +0000] "HEAD / HTTP/1.0" 200 9135 "-" "jetmon/1.0 (Jetpack Site Uptime Monitor by WordPress.com)"
192.0.84.33 - - [28/Apr/2015:01:14:37 +0000] "HEAD / HTTP/1.0" 301 56 "-" "jetmon/1.0 (Jetpack Site Uptime Monitor by WordPress.com)"
192.0.84.33 - - [28/Apr/2015:01:14:37 +0000] "HEAD / HTTP/1.0" 200 9135 "-" "jetmon/1.0 (Jetpack Site Uptime Monitor by WordPress.com)"
192.0.84.33 - - [28/Apr/2015:01:19:30 +0000] "HEAD / HTTP/1.0" 301 56 "-" "jetmon/1.0 (Jetpack Site Uptime Monitor by WordPress.com)"
192.0.84.33 - - [28/Apr/2015:01:19:31 +0000] "HEAD / HTTP/1.0" 200 9135 "-" "jetmon/1.0 (Jetpack Site Uptime Monitor by WordPress.com)"
192.0.84.33 - - [28/Apr/2015:01:24:39 +0000] "HEAD / HTTP/1.0" 301 56 "-" "jetmon/1.0 (Jetpack Site Uptime Monitor by WordPress.com)"
192.0.84.33 - - [28/Apr/2015:01:24:39 +0000] "HEAD / HTTP/1.0" 200 9135 "-" "jetmon/1.0 (Jetpack Site Uptime Monitor by WordPress.com)"
192.0.84.33 - - [28/Apr/2015:01:29:30 +0000] "HEAD / HTTP/1.0" 301 56 "-" "jetmon/1.0 (Jetpack Site Uptime Monitor by WordPress.com)"
192.0.84.33 - - [28/Apr/2015:01:29:31 +0000] "HEAD / HTTP/1.0" 200 9135 "-" "jetmon/1.0 (Jetpack Site Uptime Monitor by WordPress.com)"
192.0.84.33 - - [28/Apr/2015:01:34:34 +0000] "HEAD / HTTP/1.0" 301 56 "-" "jetmon/1.0 (Jetpack Site Uptime Monitor by WordPress.com)"
192.0.84.33 - - [28/Apr/2015:01:34:35 +0000] "HEAD / HTTP/1.0" 200 9135 "-" "jetmon/1.0 (Jetpack Site Uptime Monitor by WordPress.com)"
192.0.84.33 - - [28/Apr/2015:01:39:35 +0000] "HEAD / HTTP/1.0" 301 56 "-" "jetmon/1.0 (Jetpack Site Uptime Monitor by WordPress.com)"
