[36mMigrations[39m[36m:[39m [36mUp to date at version 003[39m
[32mGhost is running...[39m 
Your blog is now available on https://webcode01.com [90m
Ctrl+C to shut down[39m
99.151.5.81 - - [26/Apr/2015:09:40:13 +0000] "GET / HTTP/1.0" 200 - "-" "Mozilla/5.0 (Windows NT 6.3; WOW64) AppleWebKit/537.36 (KHTML, like Gecko) Chrome/42.0.2311.90 Safari/537.36"
99.151.5.81 - - [26/Apr/2015:09:40:13 +0000] "GET /assets/css/screen.css?v=cd941a05aa HTTP/1.0" 200 - "https://webcode01.com/" "Mozilla/5.0 (Windows NT 6.3; WOW64) AppleWebKit/537.36 (KHTML, like Gecko) Chrome/42.0.2311.90 Safari/537.36"
99.151.5.81 - - [26/Apr/2015:09:40:13 +0000] "GET /assets/js/jquery.fitvids.js?v=cd941a05aa HTTP/1.0" 200 - "https://webcode01.com/" "Mozilla/5.0 (Windows NT 6.3; WOW64) AppleWebKit/537.36 (KHTML, like Gecko) Chrome/42.0.2311.90 Safari/537.36"
99.151.5.81 - - [26/Apr/2015:09:40:13 +0000] "GET /assets/js/index.js?v=cd941a05aa HTTP/1.0" 200 - "https://webcode01.com/" "Mozilla/5.0 (Windows NT 6.3; WOW64) AppleWebKit/537.36 (KHTML, like Gecko) Chrome/42.0.2311.90 Safari/537.36"
99.151.5.81 - - [26/Apr/2015:09:40:13 +0000] "GET /public/jquery.min.js?v=cd941a05aa HTTP/1.0" 200 - "https://webcode01.com/" "Mozilla/5.0 (Windows NT 6.3; WOW64) AppleWebKit/537.36 (KHTML, like Gecko) Chrome/42.0.2311.90 Safari/537.36"
192.0.84.33 - - [26/Apr/2015:09:43:27 +0000] "HEAD / HTTP/1.0" 301 56 "-" "jetmon/1.0 (Jetpack Site Uptime Monitor by WordPress.com)"
192.0.84.33 - - [26/Apr/2015:09:43:28 +0000] "HEAD / HTTP/1.0" 200 9135 "-" "jetmon/1.0 (Jetpack Site Uptime Monitor by WordPress.com)"
99.151.5.81 - - [26/Apr/2015:09:44:58 +0000] "GET / HTTP/1.0" 304 - "-" "Mozilla/5.0 (Windows NT 6.3; WOW64) AppleWebKit/537.36 (KHTML, like Gecko) Chrome/42.0.2311.90 Safari/537.36"
99.151.5.81 - - [26/Apr/2015:09:44:58 +0000] "GET /assets/css/screen.css?v=cd941a05aa HTTP/1.0" 304 - "https://webcode01.com/" "Mozilla/5.0 (Windows NT 6.3; WOW64) AppleWebKit/537.36 (KHTML, like Gecko) Chrome/42.0.2311.90 Safari/537.36"
99.151.5.81 - - [26/Apr/2015:09:44:58 +0000] "GET /public/jquery.min.js?v=cd941a05aa HTTP/1.0" 304 - "https://webcode01.com/" "Mozilla/5.0 (Windows NT 6.3; WOW64) AppleWebKit/537.36 (KHTML, like Gecko) Chrome/42.0.2311.90 Safari/537.36"
99.151.5.81 - - [26/Apr/2015:09:44:58 +0000] "GET /assets/js/jquery.fitvids.js?v=cd941a05aa HTTP/1.0" 304 - "https://webcode01.com/" "Mozilla/5.0 (Windows NT 6.3; WOW64) AppleWebKit/537.36 (KHTML, like Gecko) Chrome/42.0.2311.90 Safari/537.36"
99.151.5.81 - - [26/Apr/2015:09:44:58 +0000] "GET /content/images/2015/04/g5019.png HTTP/1.0" 200 142450 "https://webcode01.com/" "Mozilla/5.0 (Windows NT 6.3; WOW64) AppleWebKit/537.36 (KHTML, like Gecko) Chrome/42.0.2311.90 Safari/537.36"
99.151.5.81 - - [26/Apr/2015:09:44:58 +0000] "GET /assets/js/index.js?v=cd941a05aa HTTP/1.0" 304 - "https://webcode01.com/" "Mozilla/5.0 (Windows NT 6.3; WOW64) AppleWebKit/537.36 (KHTML, like Gecko) Chrome/42.0.2311.90 Safari/537.36"
99.151.5.81 - - [26/Apr/2015:09:44:58 +0000] "GET /assets/fonts/casper-icons.woff HTTP/1.0" 200 2580 "https://webcode01.com/" "Mozilla/5.0 (Windows NT 6.3; WOW64) AppleWebKit/537.36 (KHTML, like Gecko) Chrome/42.0.2311.90 Safari/537.36"
99.151.5.81 - - [26/Apr/2015:09:44:58 +0000] "GET /content/images/2015/04/wc2015---zurple-it-1.png HTTP/1.0" 200 41838 "https://webcode01.com/" "Mozilla/5.0 (Windows NT 6.3; WOW64) AppleWebKit/537.36 (KHTML, like Gecko) Chrome/42.0.2311.90 Safari/537.36"
37.140.141.27 - - [26/Apr/2015:09:48:11 +0000] "GET /sitemap-posts.xml HTTP/1.0" 200 - "-" "Mozilla/5.0 (compatible; YandexBot/3.0; +http://yandex.com/bots)"
37.140.141.27 - - [26/Apr/2015:09:48:13 +0000] "GET /sitemap-authors.xml HTTP/1.0" 200 376 "-" "Mozilla/5.0 (compatible; YandexBot/3.0; +http://yandex.com/bots)"
192.0.84.33 - - [26/Apr/2015:09:48:15 +0000] "HEAD / HTTP/1.0" 301 56 "-" "jetmon/1.0 (Jetpack Site Uptime Monitor by WordPress.com)"
192.0.84.33 - - [26/Apr/2015:09:48:15 +0000] "HEAD / HTTP/1.0" 200 9135 "-" "jetmon/1.0 (Jetpack Site Uptime Monitor by WordPress.com)"
37.140.141.27 - - [26/Apr/2015:09:48:15 +0000] "GET /sitemap-pages.xml HTTP/1.0" 200 363 "-" "Mozilla/5.0 (compatible; YandexBot/3.0; +http://yandex.com/bots)"
37.140.141.27 - - [26/Apr/2015:09:48:18 +0000] "GET /sitemap.xml HTTP/1.0" 200 622 "-" "Mozilla/5.0 (compatible; YandexBot/3.0; +http://yandex.com/bots)"
37.140.141.27 - - [26/Apr/2015:09:48:20 +0000] "GET /sitemap-tags.xml HTTP/1.0" 200 - "-" "Mozilla/5.0 (compatible; YandexBot/3.0; +http://yandex.com/bots)"
[36mMigrations[39m[36m:[39m [36mUp to date at version 003[39m
[32mGhost is running...[39m 
Your blog is now available on https://webcode01.com [90m
Ctrl+C to shut down[39m
99.151.5.81 - - [26/Apr/2015:22:29:51 +0000] "GET / HTTP/1.0" 200 - "https://webcode01.com/ghost-inspired-logo/" "Mozilla/5.0 (Windows NT 6.3; WOW64) AppleWebKit/537.36 (KHTML, like Gecko) Chrome/42.0.2311.90 Safari/537.36"
99.151.5.81 - - [26/Apr/2015:22:29:51 +0000] "GET /assets/css/screen.css?v=6f967ea558 HTTP/1.0" 200 - "https://webcode01.com/" "Mozilla/5.0 (Windows NT 6.3; WOW64) AppleWebKit/537.36 (KHTML, like Gecko) Chrome/42.0.2311.90 Safari/537.36"
99.151.5.81 - - [26/Apr/2015:22:29:51 +0000] "GET /public/jquery.min.js?v=6f967ea558 HTTP/1.0" 200 - "https://webcode01.com/" "Mozilla/5.0 (Windows NT 6.3; WOW64) AppleWebKit/537.36 (KHTML, like Gecko) Chrome/42.0.2311.90 Safari/537.36"
99.151.5.81 - - [26/Apr/2015:22:29:51 +0000] "GET /assets/js/jquery.fitvids.js?v=6f967ea558 HTTP/1.0" 200 - "https://webcode01.com/" "Mozilla/5.0 (Windows NT 6.3; WOW64) AppleWebKit/537.36 (KHTML, like Gecko) Chrome/42.0.2311.90 Safari/537.36"
99.151.5.81 - - [26/Apr/2015:22:29:51 +0000] "GET /assets/js/index.js?v=6f967ea558 HTTP/1.0" 200 - "https://webcode01.com/" "Mozilla/5.0 (Windows NT 6.3; WOW64) AppleWebKit/537.36 (KHTML, like Gecko) Chrome/42.0.2311.90 Safari/537.36"
192.0.84.33 - - [26/Apr/2015:22:30:26 +0000] "HEAD / HTTP/1.0" 301 56 "-" "jetmon/1.0 (Jetpack Site Uptime Monitor by WordPress.com)"
192.0.84.33 - - [26/Apr/2015:22:30:26 +0000] "HEAD / HTTP/1.0" 200 9135 "-" "jetmon/1.0 (Jetpack Site Uptime Monitor by WordPress.com)"
192.0.84.33 - - [26/Apr/2015:22:34:09 +0000] "HEAD / HTTP/1.0" 301 56 "-" "jetmon/1.0 (Jetpack Site Uptime Monitor by WordPress.com)"
192.0.84.33 - - [26/Apr/2015:22:34:09 +0000] "HEAD / HTTP/1.0" 200 9135 "-" "jetmon/1.0 (Jetpack Site Uptime Monitor by WordPress.com)"
192.0.84.33 - - [26/Apr/2015:22:38:59 +0000] "HEAD / HTTP/1.0" 301 56 "-" "jetmon/1.0 (Jetpack Site Uptime Monitor by WordPress.com)"
192.0.84.33 - - [26/Apr/2015:22:38:59 +0000] "HEAD / HTTP/1.0" 200 9135 "-" "jetmon/1.0 (Jetpack Site Uptime Monitor by WordPress.com)"
123.125.71.69 - - [26/Apr/2015:22:43:57 +0000] "GET / HTTP/1.0" 301 56 "-" "Mozilla/5.0 (Windows NT 5.1; rv:6.0.2) Gecko/20100101 Firefox/6.0.2"
192.0.84.33 - - [26/Apr/2015:22:44:05 +0000] "HEAD / HTTP/1.0" 301 56 "-" "jetmon/1.0 (Jetpack Site Uptime Monitor by WordPress.com)"
192.0.84.33 - - [26/Apr/2015:22:44:05 +0000] "HEAD / HTTP/1.0" 200 9135 "-" "jetmon/1.0 (Jetpack Site Uptime Monitor by WordPress.com)"
192.0.80.124 - - [26/Apr/2015:22:46:19 +0000] "GET /feed/ HTTP/1.0" 301 110 "-" "WordPress.com;"
192.0.80.124 - - [26/Apr/2015:22:46:19 +0000] "GET /feed/ HTTP/1.0" 301 110 "-" "WordPress.com;"
220.181.108.149 - - [26/Apr/2015:22:47:46 +0000] "GET / HTTP/1.0" 301 56 "-" "Mozilla/5.0 (Windows NT 5.1; rv:6.0.2) Gecko/20100101 Firefox/6.0.2"
192.0.84.33 - - [26/Apr/2015:22:49:10 +0000] "HEAD / HTTP/1.0" 301 56 "-" "jetmon/1.0 (Jetpack Site Uptime Monitor by WordPress.com)"
192.0.84.33 - - [26/Apr/2015:22:49:11 +0000] "HEAD / HTTP/1.0" 200 9135 "-" "jetmon/1.0 (Jetpack Site Uptime Monitor by WordPress.com)"
192.0.84.33 - - [26/Apr/2015:22:54:04 +0000] "HEAD / HTTP/1.0" 301 56 "-" "jetmon/1.0 (Jetpack Site Uptime Monitor by WordPress.com)"
192.0.84.33 - - [26/Apr/2015:22:54:04 +0000] "HEAD / HTTP/1.0" 200 9135 "-" "jetmon/1.0 (Jetpack Site Uptime Monitor by WordPress.com)"
192.0.84.33 - - [26/Apr/2015:22:58:59 +0000] "HEAD / HTTP/1.0" 301 56 "-" "jetmon/1.0 (Jetpack Site Uptime Monitor by WordPress.com)"
192.0.84.33 - - [26/Apr/2015:22:58:59 +0000] "HEAD / HTTP/1.0" 200 9135 "-" "jetmon/1.0 (Jetpack Site Uptime Monitor by WordPress.com)"
192.0.84.33 - - [26/Apr/2015:23:04:08 +0000] "HEAD / HTTP/1.0" 301 56 "-" "jetmon/1.0 (Jetpack Site Uptime Monitor by WordPress.com)"
192.0.84.33 - - [26/Apr/2015:23:04:08 +0000] "HEAD / HTTP/1.0" 200 9135 "-" "jetmon/1.0 (Jetpack Site Uptime Monitor by WordPress.com)"
192.0.84.33 - - [26/Apr/2015:23:09:04 +0000] "HEAD / HTTP/1.0" 301 56 "-" "jetmon/1.0 (Jetpack Site Uptime Monitor by WordPress.com)"
192.0.84.33 - - [26/Apr/2015:23:09:04 +0000] "HEAD / HTTP/1.0" 200 9135 "-" "jetmon/1.0 (Jetpack Site Uptime Monitor by WordPress.com)"
192.0.84.33 - - [26/Apr/2015:23:14:04 +0000] "HEAD / HTTP/1.0" 301 56 "-" "jetmon/1.0 (Jetpack Site Uptime Monitor by WordPress.com)"
192.0.84.33 - - [26/Apr/2015:23:14:04 +0000] "HEAD / HTTP/1.0" 200 9135 "-" "jetmon/1.0 (Jetpack Site Uptime Monitor by WordPress.com)"
66.249.79.71 - - [26/Apr/2015:23:17:38 +0000] "GET /robots.txt HTTP/1.0" 200 - "-" "Mozilla/5.0 (compatible; Googlebot/2.1; +http://www.google.com/bot.html)"
66.249.79.71 - - [26/Apr/2015:23:17:38 +0000] "GET /tag/writing/ HTTP/1.0" 200 - "-" "Mozilla/5.0 (compatible; Googlebot/2.1; +http://www.google.com/bot.html)"
66.249.79.71 - - [26/Apr/2015:23:17:51 +0000] "GET /assets/css/screen.css?v=6f967ea558 HTTP/1.0" 200 - "https://webcode01.com/tag/writing/" "Mozilla/5.0 (compatible; Googlebot/2.1; +http://www.google.com/bot.html)"
66.249.79.71 - - [26/Apr/2015:23:17:51 +0000] "GET /public/jquery.min.js?v=6f967ea558 HTTP/1.0" 200 - "https://webcode01.com/tag/writing/" "Mozilla/5.0 (compatible; Googlebot/2.1; +http://www.google.com/bot.html)"
66.249.79.71 - - [26/Apr/2015:23:17:52 +0000] "GET /assets/js/index.js?v=6f967ea558 HTTP/1.0" 200 - "https://webcode01.com/tag/writing/" "Mozilla/5.0 (compatible; Googlebot/2.1; +http://www.google.com/bot.html)"
66.249.79.71 - - [26/Apr/2015:23:17:52 +0000] "GET /assets/js/jquery.fitvids.js?v=6f967ea558 HTTP/1.0" 200 - "https://webcode01.com/tag/writing/" "Mozilla/5.0 (compatible; Googlebot/2.1; +http://www.google.com/bot.html)"
192.0.84.33 - - [26/Apr/2015:23:19:03 +0000] "HEAD / HTTP/1.0" 301 56 "-" "jetmon/1.0 (Jetpack Site Uptime Monitor by WordPress.com)"
192.0.84.33 - - [26/Apr/2015:23:19:03 +0000] "HEAD / HTTP/1.0" 200 9135 "-" "jetmon/1.0 (Jetpack Site Uptime Monitor by WordPress.com)"
66.249.79.63 - - [26/Apr/2015:23:23:34 +0000] "GET /tag/ghost-blog/ HTTP/1.0" 200 - "-" "Mozilla/5.0 (compatible; Googlebot/2.1; +http://www.google.com/bot.html)"
198.20.69.74 - - [26/Apr/2015:23:24:09 +0000] "GET / HTTP/1.0" 200 9135 "-" "-"
198.20.69.74 - - [26/Apr/2015:23:24:09 +0000] "GET /robots.txt HTTP/1.0" 200 75 "-" "-"
192.0.84.33 - - [26/Apr/2015:23:24:17 +0000] "HEAD / HTTP/1.0" 301 56 "-" "jetmon/1.0 (Jetpack Site Uptime Monitor by WordPress.com)"
192.0.84.33 - - [26/Apr/2015:23:24:17 +0000] "HEAD / HTTP/1.0" 200 9135 "-" "jetmon/1.0 (Jetpack Site Uptime Monitor by WordPress.com)"
192.0.84.33 - - [26/Apr/2015:23:28:57 +0000] "HEAD / HTTP/1.0" 301 56 "-" "jetmon/1.0 (Jetpack Site Uptime Monitor by WordPress.com)"
192.0.84.33 - - [26/Apr/2015:23:28:57 +0000] "HEAD / HTTP/1.0" 200 9135 "-" "jetmon/1.0 (Jetpack Site Uptime Monitor by WordPress.com)"
192.0.84.33 - - [26/Apr/2015:23:34:07 +0000] "HEAD / HTTP/1.0" 301 56 "-" "jetmon/1.0 (Jetpack Site Uptime Monitor by WordPress.com)"
192.0.84.33 - - [26/Apr/2015:23:34:08 +0000] "HEAD / HTTP/1.0" 200 9135 "-" "jetmon/1.0 (Jetpack Site Uptime Monitor by WordPress.com)"
192.0.84.33 - - [26/Apr/2015:23:39:05 +0000] "HEAD / HTTP/1.0" 301 56 "-" "jetmon/1.0 (Jetpack Site Uptime Monitor by WordPress.com)"
192.0.84.33 - - [26/Apr/2015:23:39:05 +0000] "HEAD / HTTP/1.0" 200 9135 "-" "jetmon/1.0 (Jetpack Site Uptime Monitor by WordPress.com)"
192.0.84.33 - - [26/Apr/2015:23:44:00 +0000] "HEAD / HTTP/1.0" 301 56 "-" "jetmon/1.0 (Jetpack Site Uptime Monitor by WordPress.com)"
192.0.84.33 - - [26/Apr/2015:23:44:01 +0000] "HEAD / HTTP/1.0" 200 9135 "-" "jetmon/1.0 (Jetpack Site Uptime Monitor by WordPress.com)"
123.125.71.116 - - [26/Apr/2015:23:46:39 +0000] "GET / HTTP/1.0" 301 56 "-" "Mozilla/5.0 (Windows NT 5.1; rv:6.0.2) Gecko/20100101 Firefox/6.0.2"
192.0.84.33 - - [26/Apr/2015:23:48:57 +0000] "HEAD / HTTP/1.0" 301 56 "-" "jetmon/1.0 (Jetpack Site Uptime Monitor by WordPress.com)"
192.0.84.33 - - [26/Apr/2015:23:48:57 +0000] "HEAD / HTTP/1.0" 200 9135 "-" "jetmon/1.0 (Jetpack Site Uptime Monitor by WordPress.com)"
220.181.108.79 - - [26/Apr/2015:23:50:14 +0000] "GET / HTTP/1.0" 301 56 "-" "Mozilla/5.0 (Windows NT 5.1; rv:6.0.2) Gecko/20100101 Firefox/6.0.2"
192.0.84.33 - - [26/Apr/2015:23:53:57 +0000] "HEAD / HTTP/1.0" 301 56 "-" "jetmon/1.0 (Jetpack Site Uptime Monitor by WordPress.com)"
192.0.84.33 - - [26/Apr/2015:23:53:57 +0000] "HEAD / HTTP/1.0" 200 9135 "-" "jetmon/1.0 (Jetpack Site Uptime Monitor by WordPress.com)"
123.30.175.219 - - [26/Apr/2015:23:54:11 +0000] "GET /robots.txt HTTP/1.0" 301 66 "-" "Mozilla/5.0 (compatible; coccoc/1.0; +http://help.coccoc.com/)"
192.0.84.33 - - [26/Apr/2015:23:59:10 +0000] "HEAD / HTTP/1.0" 301 56 "-" "jetmon/1.0 (Jetpack Site Uptime Monitor by WordPress.com)"
192.0.84.33 - - [26/Apr/2015:23:59:11 +0000] "HEAD / HTTP/1.0" 200 9135 "-" "jetmon/1.0 (Jetpack Site Uptime Monitor by WordPress.com)"
192.0.84.33 - - [27/Apr/2015:00:04:15 +0000] "HEAD / HTTP/1.0" 301 56 "-" "jetmon/1.0 (Jetpack Site Uptime Monitor by WordPress.com)"
192.0.84.33 - - [27/Apr/2015:00:04:15 +0000] "HEAD / HTTP/1.0" 200 9135 "-" "jetmon/1.0 (Jetpack Site Uptime Monitor by WordPress.com)"
66.249.79.71 - - [27/Apr/2015:00:05:34 +0000] "GET /running-ghost-background-foreverjs/ HTTP/1.0" 200 - "-" "Mozilla/5.0 (compatible; Googlebot/2.1; +http://www.google.com/bot.html)"
192.0.84.33 - - [27/Apr/2015:00:09:07 +0000] "HEAD / HTTP/1.0" 301 56 "-" "jetmon/1.0 (Jetpack Site Uptime Monitor by WordPress.com)"
192.0.84.33 - - [27/Apr/2015:00:09:08 +0000] "HEAD / HTTP/1.0" 200 9135 "-" "jetmon/1.0 (Jetpack Site Uptime Monitor by WordPress.com)"
192.0.84.33 - - [27/Apr/2015:00:14:09 +0000] "HEAD / HTTP/1.0" 301 56 "-" "jetmon/1.0 (Jetpack Site Uptime Monitor by WordPress.com)"
192.0.84.33 - - [27/Apr/2015:00:14:10 +0000] "HEAD / HTTP/1.0" 200 9135 "-" "jetmon/1.0 (Jetpack Site Uptime Monitor by WordPress.com)"
192.0.84.33 - - [27/Apr/2015:00:19:04 +0000] "HEAD / HTTP/1.0" 301 56 "-" "jetmon/1.0 (Jetpack Site Uptime Monitor by WordPress.com)"
192.0.84.33 - - [27/Apr/2015:00:19:04 +0000] "HEAD / HTTP/1.0" 200 9135 "-" "jetmon/1.0 (Jetpack Site Uptime Monitor by WordPress.com)"
192.0.84.33 - - [27/Apr/2015:00:24:03 +0000] "HEAD / HTTP/1.0" 301 56 "-" "jetmon/1.0 (Jetpack Site Uptime Monitor by WordPress.com)"
192.0.84.33 - - [27/Apr/2015:00:24:03 +0000] "HEAD / HTTP/1.0" 200 9135 "-" "jetmon/1.0 (Jetpack Site Uptime Monitor by WordPress.com)"
85.25.214.203 - - [27/Apr/2015:00:25:17 +0000] "GET /vtigercrm/vtigerservice.php HTTP/1.0" 301 - "-" "curl/7.19.7 (x86_64-redhat-linux-gnu) libcurl/7.19.7 NSS/3.16.2.3 Basic ECC zlib/1.2.3 libidn/1.18 libssh2/1.4.2"
192.0.84.33 - - [27/Apr/2015:00:29:20 +0000] "HEAD / HTTP/1.0" 301 56 "-" "jetmon/1.0 (Jetpack Site Uptime Monitor by WordPress.com)"
192.0.84.33 - - [27/Apr/2015:00:29:20 +0000] "HEAD / HTTP/1.0" 200 9135 "-" "jetmon/1.0 (Jetpack Site Uptime Monitor by WordPress.com)"
192.0.84.33 - - [27/Apr/2015:00:34:13 +0000] "HEAD / HTTP/1.0" 301 56 "-" "jetmon/1.0 (Jetpack Site Uptime Monitor by WordPress.com)"
192.0.84.33 - - [27/Apr/2015:00:34:13 +0000] "HEAD / HTTP/1.0" 200 9135 "-" "jetmon/1.0 (Jetpack Site Uptime Monitor by WordPress.com)"
46.25.29.221 - - [27/Apr/2015:00:36:25 +0000] "POST /wp-login.php HTTP/1.0" 301 124 "http://webcode01.com/wp-login.php" "Mozilla/5.0 (Windows NT 6.1; WOW64; rv:8.0.1) Gecko/20100101 Firefox/8.0.1"
46.25.29.221 - - [27/Apr/2015:00:36:25 +0000] "POST /wp-login.php HTTP/1.0" 301 124 "http://webcode01.com/wp-login.php" "Mozilla/5.0 (Windows NT 6.1; WOW64; rv:8.0.1) Gecko/20100101 Firefox/8.0.1"
46.25.29.221 - - [27/Apr/2015:00:36:28 +0000] "POST /wp-login.php HTTP/1.0" 301 124 "http://webcode01.com/wp-login.php" "Mozilla/5.0 (Windows NT 6.1; WOW64; rv:8.0.1) Gecko/20100101 Firefox/8.0.1"
46.25.29.221 - - [27/Apr/2015:00:36:29 +0000] "POST /wp-login.php HTTP/1.0" 301 124 "http://webcode01.com/wp-login.php" "Mozilla/5.0 (Windows NT 6.1; WOW64; rv:8.0.1) Gecko/20100101 Firefox/8.0.1"
46.25.29.221 - - [27/Apr/2015:00:36:29 +0000] "POST /wp-login.php HTTP/1.0" 301 124 "http://webcode01.com/wp-login.php" "Mozilla/5.0 (Windows NT 6.1; WOW64; rv:8.0.1) Gecko/20100101 Firefox/8.0.1"
88.248.121.161 - - [27/Apr/2015:00:36:51 +0000] "POST /wp-login.php HTTP/1.0" 301 124 "http://webcode01.com/wp-login.php" "Mozilla/5.0 (Windows NT 6.1; WOW64; rv:8.0.1) Gecko/20100101 Firefox/8.0.1"
88.248.121.161 - - [27/Apr/2015:00:36:51 +0000] "POST /wp-login.php HTTP/1.0" 301 124 "http://webcode01.com/wp-login.php" "Mozilla/5.0 (Windows NT 6.1; WOW64; rv:8.0.1) Gecko/20100101 Firefox/8.0.1"
88.248.121.161 - - [27/Apr/2015:00:36:52 +0000] "POST /wp-login.php HTTP/1.0" 301 124 "http://webcode01.com/wp-login.php" "Mozilla/5.0 (Windows NT 6.1; WOW64; rv:8.0.1) Gecko/20100101 Firefox/8.0.1"
88.248.121.161 - - [27/Apr/2015:00:36:52 +0000] "POST /wp-login.php HTTP/1.0" 301 124 "http://webcode01.com/wp-login.php" "Mozilla/5.0 (Windows NT 6.1; WOW64; rv:8.0.1) Gecko/20100101 Firefox/8.0.1"
88.248.121.161 - - [27/Apr/2015:00:36:53 +0000] "POST /wp-login.php HTTP/1.0" 301 124 "http://webcode01.com/wp-login.php" "Mozilla/5.0 (Windows NT 6.1; WOW64; rv:8.0.1) Gecko/20100101 Firefox/8.0.1"
81.214.55.160 - - [27/Apr/2015:00:38:23 +0000] "POST /wp-login.php HTTP/1.0" 301 124 "http://webcode01.com/wp-login.php" "Mozilla/5.0 (Windows NT 6.1; WOW64; rv:8.0.1) Gecko/20100101 Firefox/8.0.1"
81.214.55.160 - - [27/Apr/2015:00:38:23 +0000] "POST /wp-login.php HTTP/1.0" 301 124 "http://webcode01.com/wp-login.php" "Mozilla/5.0 (Windows NT 6.1; WOW64; rv:8.0.1) Gecko/20100101 Firefox/8.0.1"
81.214.55.160 - - [27/Apr/2015:00:38:24 +0000] "POST /wp-login.php HTTP/1.0" 301 124 "http://webcode01.com/wp-login.php" "Mozilla/5.0 (Windows NT 6.1; WOW64; rv:8.0.1) Gecko/20100101 Firefox/8.0.1"
81.214.55.160 - - [27/Apr/2015:00:38:24 +0000] "POST /wp-login.php HTTP/1.0" 301 124 "http://webcode01.com/wp-login.php" "Mozilla/5.0 (Windows NT 6.1; WOW64; rv:8.0.1) Gecko/20100101 Firefox/8.0.1"
81.214.55.160 - - [27/Apr/2015:00:38:25 +0000] "POST /wp-login.php HTTP/1.0" 301 124 "http://webcode01.com/wp-login.php" "Mozilla/5.0 (Windows NT 6.1; WOW64; rv:8.0.1) Gecko/20100101 Firefox/8.0.1"
192.0.84.33 - - [27/Apr/2015:00:39:09 +0000] "HEAD / HTTP/1.0" 301 56 "-" "jetmon/1.0 (Jetpack Site Uptime Monitor by WordPress.com)"
192.0.84.33 - - [27/Apr/2015:00:39:10 +0000] "HEAD / HTTP/1.0" 200 9135 "-" "jetmon/1.0 (Jetpack Site Uptime Monitor by WordPress.com)"
188.164.131.120 - - [27/Apr/2015:00:42:08 +0000] "GET / HTTP/1.0" 301 100 "-" "Mozilla/5.0 (Windows; U; Windows NT 6.1; en-US) AppleWebKit/534.7 (KHTML, like Gecko) Chrome/7.0.517.44 Safari/534.7"
176.9.113.45 - - [27/Apr/2015:00:44:29 +0000] "GET / HTTP/1.0" 301 56 "-" "Mozilla/4.0 (compatible; MSIE 6.0; Windows NT 5.1)"
192.0.84.33 - - [27/Apr/2015:00:44:29 +0000] "HEAD / HTTP/1.0" 301 56 "-" "jetmon/1.0 (Jetpack Site Uptime Monitor by WordPress.com)"
192.0.84.33 - - [27/Apr/2015:00:44:30 +0000] "HEAD / HTTP/1.0" 200 9135 "-" "jetmon/1.0 (Jetpack Site Uptime Monitor by WordPress.com)"
192.0.84.33 - - [27/Apr/2015:00:49:04 +0000] "HEAD / HTTP/1.0" 301 56 "-" "jetmon/1.0 (Jetpack Site Uptime Monitor by WordPress.com)"
192.0.84.33 - - [27/Apr/2015:00:49:04 +0000] "HEAD / HTTP/1.0" 200 9135 "-" "jetmon/1.0 (Jetpack Site Uptime Monitor by WordPress.com)"
192.0.84.33 - - [27/Apr/2015:00:54:03 +0000] "HEAD / HTTP/1.0" 301 56 "-" "jetmon/1.0 (Jetpack Site Uptime Monitor by WordPress.com)"
192.0.84.33 - - [27/Apr/2015:00:54:04 +0000] "HEAD / HTTP/1.0" 200 9135 "-" "jetmon/1.0 (Jetpack Site Uptime Monitor by WordPress.com)"
46.151.52.3 - - [27/Apr/2015:00:56:46 +0000] "GET /wp-content/plugins/showbiz/css/settings.css HTTP/1.0" 301 99 "http://webcode01.com/wp-content/plugins/showbiz/css/settings.css" "Mozilla/4.0 (compatible; MSIE 6.0; Windows NT 5.1; SV1)"
46.151.52.3 - - [27/Apr/2015:00:56:47 +0000] "GET /wp-content/plugins/showbiz/css/settings.css HTTP/1.0" 301 - "http://webcode01.com/wp-content/plugins/showbiz/css/settings.css" "Mozilla/4.0 (compatible; MSIE 6.0; Windows NT 5.1; SV1)"
46.151.52.3 - - [27/Apr/2015:00:56:48 +0000] "GET /wp-content/plugins/showbiz/css/settings.css/ HTTP/1.0" 404 - "https://webcode01.com/wp-content/plugins/showbiz/css/settings.css" "Mozilla/4.0 (compatible; MSIE 6.0; Windows NT 5.1; SV1)"
192.0.84.33 - - [27/Apr/2015:00:59:08 +0000] "HEAD / HTTP/1.0" 301 56 "-" "jetmon/1.0 (Jetpack Site Uptime Monitor by WordPress.com)"
192.0.84.33 - - [27/Apr/2015:00:59:08 +0000] "HEAD / HTTP/1.0" 200 9135 "-" "jetmon/1.0 (Jetpack Site Uptime Monitor by WordPress.com)"
192.0.84.33 - - [27/Apr/2015:01:04:11 +0000] "HEAD / HTTP/1.0" 301 56 "-" "jetmon/1.0 (Jetpack Site Uptime Monitor by WordPress.com)"
192.0.84.33 - - [27/Apr/2015:01:04:12 +0000] "HEAD / HTTP/1.0" 200 9135 "-" "jetmon/1.0 (Jetpack Site Uptime Monitor by WordPress.com)"
192.0.84.33 - - [27/Apr/2015:01:09:07 +0000] "HEAD / HTTP/1.0" 301 56 "-" "jetmon/1.0 (Jetpack Site Uptime Monitor by WordPress.com)"
192.0.84.33 - - [27/Apr/2015:01:09:07 +0000] "HEAD / HTTP/1.0" 200 9135 "-" "jetmon/1.0 (Jetpack Site Uptime Monitor by WordPress.com)"
192.0.84.33 - - [27/Apr/2015:01:14:10 +0000] "HEAD / HTTP/1.0" 301 56 "-" "jetmon/1.0 (Jetpack Site Uptime Monitor by WordPress.com)"
192.0.84.33 - - [27/Apr/2015:01:14:10 +0000] "HEAD / HTTP/1.0" 200 9135 "-" "jetmon/1.0 (Jetpack Site Uptime Monitor by WordPress.com)"
192.0.84.33 - - [27/Apr/2015:01:19:11 +0000] "HEAD / HTTP/1.0" 301 56 "-" "jetmon/1.0 (Jetpack Site Uptime Monitor by WordPress.com)"
192.0.84.33 - - [27/Apr/2015:01:19:12 +0000] "HEAD / HTTP/1.0" 200 9135 "-" "jetmon/1.0 (Jetpack Site Uptime Monitor by WordPress.com)"
192.0.84.33 - - [27/Apr/2015:01:24:04 +0000] "HEAD / HTTP/1.0" 301 56 "-" "jetmon/1.0 (Jetpack Site Uptime Monitor by WordPress.com)"
192.0.84.33 - - [27/Apr/2015:01:24:04 +0000] "HEAD / HTTP/1.0" 200 9135 "-" "jetmon/1.0 (Jetpack Site Uptime Monitor by WordPress.com)"
192.0.84.33 - - [27/Apr/2015:01:29:06 +0000] "HEAD / HTTP/1.0" 301 56 "-" "jetmon/1.0 (Jetpack Site Uptime Monitor by WordPress.com)"
192.0.84.33 - - [27/Apr/2015:01:29:06 +0000] "HEAD / HTTP/1.0" 200 9135 "-" "jetmon/1.0 (Jetpack Site Uptime Monitor by WordPress.com)"
192.0.84.33 - - [27/Apr/2015:01:34:07 +0000] "HEAD / HTTP/1.0" 301 56 "-" "jetmon/1.0 (Jetpack Site Uptime Monitor by WordPress.com)"
192.0.84.33 - - [27/Apr/2015:01:34:08 +0000] "HEAD / HTTP/1.0" 200 9135 "-" "jetmon/1.0 (Jetpack Site Uptime Monitor by WordPress.com)"
192.0.84.33 - - [27/Apr/2015:01:39:14 +0000] "HEAD / HTTP/1.0" 301 56 "-" "jetmon/1.0 (Jetpack Site Uptime Monitor by WordPress.com)"
192.0.84.33 - - [27/Apr/2015:01:39:15 +0000] "HEAD / HTTP/1.0" 200 9135 "-" "jetmon/1.0 (Jetpack Site Uptime Monitor by WordPress.com)"
188.165.15.176 - - [27/Apr/2015:01:42:26 +0000] "GET /robots.txt HTTP/1.0" 301 66 "-" "Mozilla/5.0 (compatible; AhrefsBot/5.0; +http://ahrefs.com/robot/)"
188.165.15.176 - - [27/Apr/2015:01:42:27 +0000] "GET /robots.txt HTTP/1.0" 200 - "-" "Mozilla/5.0 (compatible; AhrefsBot/5.0; +http://ahrefs.com/robot/)"
123.125.71.98 - - [27/Apr/2015:01:42:36 +0000] "GET / HTTP/1.0" 301 56 "-" "Mozilla/5.0 (Windows NT 5.1; rv:6.0.2) Gecko/20100101 Firefox/6.0.2"
192.0.84.33 - - [27/Apr/2015:01:44:13 +0000] "HEAD / HTTP/1.0" 301 56 "-" "jetmon/1.0 (Jetpack Site Uptime Monitor by WordPress.com)"
192.0.84.33 - - [27/Apr/2015:01:44:14 +0000] "HEAD / HTTP/1.0" 200 9135 "-" "jetmon/1.0 (Jetpack Site Uptime Monitor by WordPress.com)"
220.181.108.170 - - [27/Apr/2015:01:44:47 +0000] "GET / HTTP/1.0" 301 56 "-" "Mozilla/5.0 (Windows NT 5.1; rv:6.0.2) Gecko/20100101 Firefox/6.0.2"
192.0.84.33 - - [27/Apr/2015:01:49:05 +0000] "HEAD / HTTP/1.0" 301 56 "-" "jetmon/1.0 (Jetpack Site Uptime Monitor by WordPress.com)"
192.0.84.33 - - [27/Apr/2015:01:49:05 +0000] "HEAD / HTTP/1.0" 200 9135 "-" "jetmon/1.0 (Jetpack Site Uptime Monitor by WordPress.com)"
192.0.84.33 - - [27/Apr/2015:01:54:21 +0000] "HEAD / HTTP/1.0" 301 56 "-" "jetmon/1.0 (Jetpack Site Uptime Monitor by WordPress.com)"
192.0.84.33 - - [27/Apr/2015:01:54:21 +0000] "HEAD / HTTP/1.0" 200 9135 "-" "jetmon/1.0 (Jetpack Site Uptime Monitor by WordPress.com)"
192.0.84.33 - - [27/Apr/2015:01:59:03 +0000] "HEAD / HTTP/1.0" 301 56 "-" "jetmon/1.0 (Jetpack Site Uptime Monitor by WordPress.com)"
192.0.84.33 - - [27/Apr/2015:01:59:03 +0000] "HEAD / HTTP/1.0" 200 9135 "-" "jetmon/1.0 (Jetpack Site Uptime Monitor by WordPress.com)"
192.0.84.33 - - [27/Apr/2015:02:04:06 +0000] "HEAD / HTTP/1.0" 301 56 "-" "jetmon/1.0 (Jetpack Site Uptime Monitor by WordPress.com)"
192.0.84.33 - - [27/Apr/2015:02:04:06 +0000] "HEAD / HTTP/1.0" 200 9135 "-" "jetmon/1.0 (Jetpack Site Uptime Monitor by WordPress.com)"
192.0.84.33 - - [27/Apr/2015:02:09:10 +0000] "HEAD / HTTP/1.0" 301 56 "-" "jetmon/1.0 (Jetpack Site Uptime Monitor by WordPress.com)"
192.0.84.33 - - [27/Apr/2015:02:09:10 +0000] "HEAD / HTTP/1.0" 200 9135 "-" "jetmon/1.0 (Jetpack Site Uptime Monitor by WordPress.com)"
66.249.79.128 - - [27/Apr/2015:02:12:42 +0000] "GET /robots.txt HTTP/1.0" 301 66 "-" "Mozilla/5.0 (compatible; Googlebot/2.1; +http://www.google.com/bot.html)"
66.249.79.63 - - [27/Apr/2015:02:12:42 +0000] "GET /robots.txt HTTP/1.0" 200 - "-" "Mozilla/5.0 (compatible; Googlebot/2.1; +http://www.google.com/bot.html)"
66.249.79.136 - - [27/Apr/2015:02:12:42 +0000] "GET /feed/ HTTP/1.0" 301 61 "-" "Mozilla/5.0 (compatible; Googlebot/2.1; +http://www.google.com/bot.html)"
66.249.79.71 - - [27/Apr/2015:02:12:43 +0000] "GET /robots.txt HTTP/1.0" 200 - "-" "Mozilla/5.0 (compatible; Googlebot/2.1; +http://www.google.com/bot.html)"
66.249.79.63 - - [27/Apr/2015:02:12:43 +0000] "GET /feed/ HTTP/1.0" 301 39 "-" "Mozilla/5.0 (compatible; Googlebot/2.1; +http://www.google.com/bot.html)"
66.249.79.71 - - [27/Apr/2015:02:12:44 +0000] "GET /rss/ HTTP/1.0" 200 - "-" "Mozilla/5.0 (compatible; Googlebot/2.1; +http://www.google.com/bot.html)"
192.0.84.33 - - [27/Apr/2015:02:14:13 +0000] "HEAD / HTTP/1.0" 301 56 "-" "jetmon/1.0 (Jetpack Site Uptime Monitor by WordPress.com)"
192.0.84.33 - - [27/Apr/2015:02:14:14 +0000] "HEAD / HTTP/1.0" 200 9135 "-" "jetmon/1.0 (Jetpack Site Uptime Monitor by WordPress.com)"
192.0.84.33 - - [27/Apr/2015:02:19:08 +0000] "HEAD / HTTP/1.0" 301 56 "-" "jetmon/1.0 (Jetpack Site Uptime Monitor by WordPress.com)"
192.0.84.33 - - [27/Apr/2015:02:19:08 +0000] "HEAD / HTTP/1.0" 200 9135 "-" "jetmon/1.0 (Jetpack Site Uptime Monitor by WordPress.com)"
66.249.79.128 - - [27/Apr/2015:02:22:11 +0000] "GET /startssl/ HTTP/1.0" 301 118 "-" "Mozilla/5.0 (compatible; Googlebot/2.1; +http://www.google.com/bot.html)"
192.0.84.33 - - [27/Apr/2015:02:24:08 +0000] "HEAD / HTTP/1.0" 301 56 "-" "jetmon/1.0 (Jetpack Site Uptime Monitor by WordPress.com)"
192.0.84.33 - - [27/Apr/2015:02:24:09 +0000] "HEAD / HTTP/1.0" 200 9135 "-" "jetmon/1.0 (Jetpack Site Uptime Monitor by WordPress.com)"
192.0.84.33 - - [27/Apr/2015:02:29:06 +0000] "HEAD / HTTP/1.0" 301 56 "-" "jetmon/1.0 (Jetpack Site Uptime Monitor by WordPress.com)"
192.0.84.33 - - [27/Apr/2015:02:29:06 +0000] "HEAD / HTTP/1.0" 200 9135 "-" "jetmon/1.0 (Jetpack Site Uptime Monitor by WordPress.com)"
192.0.84.33 - - [27/Apr/2015:02:34:03 +0000] "HEAD / HTTP/1.0" 301 56 "-" "jetmon/1.0 (Jetpack Site Uptime Monitor by WordPress.com)"
192.0.84.33 - - [27/Apr/2015:02:34:03 +0000] "HEAD / HTTP/1.0" 200 9135 "-" "jetmon/1.0 (Jetpack Site Uptime Monitor by WordPress.com)"
192.0.84.33 - - [27/Apr/2015:02:39:19 +0000] "HEAD / HTTP/1.0" 301 56 "-" "jetmon/1.0 (Jetpack Site Uptime Monitor by WordPress.com)"
192.0.84.33 - - [27/Apr/2015:02:39:20 +0000] "HEAD / HTTP/1.0" 200 9135 "-" "jetmon/1.0 (Jetpack Site Uptime Monitor by WordPress.com)"
185.53.44.95 - - [27/Apr/2015:02:41:19 +0000] "GET /?p=3767 HTTP/1.0" 301 74 "-" "Mozilla/5.0 (compatible; XoviBot/2.0; +http://www.xovibot.net/)"
192.0.84.33 - - [27/Apr/2015:02:44:33 +0000] "HEAD / HTTP/1.0" 301 56 "-" "jetmon/1.0 (Jetpack Site Uptime Monitor by WordPress.com)"
192.0.84.33 - - [27/Apr/2015:02:44:33 +0000] "HEAD / HTTP/1.0" 200 9135 "-" "jetmon/1.0 (Jetpack Site Uptime Monitor by WordPress.com)"
192.0.84.33 - - [27/Apr/2015:02:49:07 +0000] "HEAD / HTTP/1.0" 301 56 "-" "jetmon/1.0 (Jetpack Site Uptime Monitor by WordPress.com)"
192.0.84.33 - - [27/Apr/2015:02:49:07 +0000] "HEAD / HTTP/1.0" 200 9135 "-" "jetmon/1.0 (Jetpack Site Uptime Monitor by WordPress.com)"
192.0.84.33 - - [27/Apr/2015:02:54:10 +0000] "HEAD / HTTP/1.0" 301 56 "-" "jetmon/1.0 (Jetpack Site Uptime Monitor by WordPress.com)"
192.0.84.33 - - [27/Apr/2015:02:54:11 +0000] "HEAD / HTTP/1.0" 200 9135 "-" "jetmon/1.0 (Jetpack Site Uptime Monitor by WordPress.com)"
198.252.44.14 - - [27/Apr/2015:02:58:40 +0000] "GET / HTTP/1.0" 301 56 "-" "=Mozilla/5.0 (Windows; U; Windows NT 6.1; en-US) AppleWebKit/534.16 (KHTML, like Gecko) Chrome/10.0.648.204 Safari/534.16"
198.252.44.214 - - [27/Apr/2015:02:58:41 +0000] "GET / HTTP/1.0" 301 56 "-" "=Mozilla/5.0 (Windows; U; Windows NT 6.1; en-US) AppleWebKit/534.16 (KHTML, like Gecko) Chrome/10.0.648.204 Safari/534.16"
192.0.84.33 - - [27/Apr/2015:02:59:10 +0000] "HEAD / HTTP/1.0" 301 56 "-" "jetmon/1.0 (Jetpack Site Uptime Monitor by WordPress.com)"
192.0.84.33 - - [27/Apr/2015:02:59:10 +0000] "HEAD / HTTP/1.0" 200 9135 "-" "jetmon/1.0 (Jetpack Site Uptime Monitor by WordPress.com)"
37.140.141.27 - - [27/Apr/2015:03:00:17 +0000] "GET /robots.txt HTTP/1.0" 200 75 "-" "Mozilla/5.0 (compatible; YandexBot/3.0; +http://yandex.com/bots)"
192.0.84.33 - - [27/Apr/2015:03:04:21 +0000] "HEAD / HTTP/1.0" 301 56 "-" "jetmon/1.0 (Jetpack Site Uptime Monitor by WordPress.com)"
192.0.84.33 - - [27/Apr/2015:03:04:21 +0000] "HEAD / HTTP/1.0" 200 9135 "-" "jetmon/1.0 (Jetpack Site Uptime Monitor by WordPress.com)"
31.193.141.19 - - [27/Apr/2015:03:04:31 +0000] "GET /?action=download&option=com_miwoftp&item=wp-config.php HTTP/1.0" 301 352 "-" "Mozilla/5.0 (X11; CrOS i686 1660.57.0) AppleWebKit/535.19 (KHTML, like Gecko) Chrome/18.0.1025.46 Safari/535.19"
31.193.141.19 - - [27/Apr/2015:03:04:32 +0000] "GET /%3Faction=download&option=com_miwoftp&item=wp-config.php?action=download&option=com_miwoftp&item=wp-config.php HTTP/1.0" 301 - "-" "Mozilla/5.0 (X11; CrOS i686 1660.57.0) AppleWebKit/535.19 (KHTML, like Gecko) Chrome/18.0.1025.46 Safari/535.19"
31.193.141.19 - - [27/Apr/2015:03:04:32 +0000] "GET /%3Faction=download/?option=com_miwoftp&item=wp-config.php&action=download&option=com_miwoftp&item=wp-config.php HTTP/1.0" 301 312 "-" "Mozilla/5.0 (X11; CrOS i686 1660.57.0) AppleWebKit/535.19 (KHTML, like Gecko) Chrome/18.0.1025.46 Safari/535.19"
31.193.141.19 - - [27/Apr/2015:03:04:32 +0000] "GET /%3faction=download/?option=com_miwoftp&item=wp-config.php&action=download&option=com_miwoftp&item=wp-config.php HTTP/1.0" 404 - "-" "Mozilla/5.0 (X11; CrOS i686 1660.57.0) AppleWebKit/535.19 (KHTML, like Gecko) Chrome/18.0.1025.46 Safari/535.19"
192.0.84.33 - - [27/Apr/2015:03:09:14 +0000] "HEAD / HTTP/1.0" 301 56 "-" "jetmon/1.0 (Jetpack Site Uptime Monitor by WordPress.com)"
192.0.84.33 - - [27/Apr/2015:03:09:14 +0000] "HEAD / HTTP/1.0" 200 9135 "-" "jetmon/1.0 (Jetpack Site Uptime Monitor by WordPress.com)"
192.0.84.33 - - [27/Apr/2015:03:14:18 +0000] "HEAD / HTTP/1.0" 301 56 "-" "jetmon/1.0 (Jetpack Site Uptime Monitor by WordPress.com)"
192.0.84.33 - - [27/Apr/2015:03:14:19 +0000] "HEAD / HTTP/1.0" 200 9135 "-" "jetmon/1.0 (Jetpack Site Uptime Monitor by WordPress.com)"
192.0.84.33 - - [27/Apr/2015:03:19:07 +0000] "HEAD / HTTP/1.0" 301 56 "-" "jetmon/1.0 (Jetpack Site Uptime Monitor by WordPress.com)"
192.0.84.33 - - [27/Apr/2015:03:19:08 +0000] "HEAD / HTTP/1.0" 200 9135 "-" "jetmon/1.0 (Jetpack Site Uptime Monitor by WordPress.com)"
192.0.84.33 - - [27/Apr/2015:03:24:11 +0000] "HEAD / HTTP/1.0" 301 56 "-" "jetmon/1.0 (Jetpack Site Uptime Monitor by WordPress.com)"
192.0.84.33 - - [27/Apr/2015:03:24:12 +0000] "HEAD / HTTP/1.0" 200 9135 "-" "jetmon/1.0 (Jetpack Site Uptime Monitor by WordPress.com)"
66.249.79.71 - - [27/Apr/2015:03:25:43 +0000] "GET /robots.txt HTTP/1.0" 200 - "-" "Mozilla/5.0 (compatible; Googlebot/2.1; +http://www.google.com/bot.html)"
66.249.79.55 - - [27/Apr/2015:03:25:43 +0000] "GET /running-ghost-background-foreverjs/ HTTP/1.0" 200 - "-" "Mozilla/5.0 (compatible; Googlebot/2.1; +http://www.google.com/bot.html)"
192.0.84.33 - - [27/Apr/2015:03:29:07 +0000] "HEAD / HTTP/1.0" 301 56 "-" "jetmon/1.0 (Jetpack Site Uptime Monitor by WordPress.com)"
192.0.84.33 - - [27/Apr/2015:03:29:07 +0000] "HEAD / HTTP/1.0" 200 9135 "-" "jetmon/1.0 (Jetpack Site Uptime Monitor by WordPress.com)"
192.0.84.33 - - [27/Apr/2015:03:34:05 +0000] "HEAD / HTTP/1.0" 301 56 "-" "jetmon/1.0 (Jetpack Site Uptime Monitor by WordPress.com)"
192.0.84.33 - - [27/Apr/2015:03:34:06 +0000] "HEAD / HTTP/1.0" 200 9135 "-" "jetmon/1.0 (Jetpack Site Uptime Monitor by WordPress.com)"
192.0.84.33 - - [27/Apr/2015:03:39:11 +0000] "HEAD / HTTP/1.0" 301 56 "-" "jetmon/1.0 (Jetpack Site Uptime Monitor by WordPress.com)"
192.0.84.33 - - [27/Apr/2015:03:39:11 +0000] "HEAD / HTTP/1.0" 200 9135 "-" "jetmon/1.0 (Jetpack Site Uptime Monitor by WordPress.com)"
157.55.39.30 - - [27/Apr/2015:03:40:36 +0000] "GET /robots.txt HTTP/1.0" 301 66 "-" "Mozilla/5.0 (compatible; bingbot/2.0; +http://www.bing.com/bingbot.htm)"
157.55.39.30 - - [27/Apr/2015:03:40:36 +0000] "GET /robots.txt HTTP/1.0" 200 75 "-" "Mozilla/5.0 (compatible; bingbot/2.0; +http://www.bing.com/bingbot.htm)"
157.55.39.29 - - [27/Apr/2015:03:40:50 +0000] "GET / HTTP/1.0" 301 56 "-" "Mozilla/5.0 (compatible; bingbot/2.0; +http://www.bing.com/bingbot.htm)"
123.125.71.99 - - [27/Apr/2015:03:41:41 +0000] "GET / HTTP/1.0" 301 56 "-" "Mozilla/5.0 (Windows NT 5.1; rv:6.0.2) Gecko/20100101 Firefox/6.0.2"
220.181.108.78 - - [27/Apr/2015:03:44:03 +0000] "GET / HTTP/1.0" 301 56 "-" "Mozilla/5.0 (Windows NT 5.1; rv:6.0.2) Gecko/20100101 Firefox/6.0.2"
192.0.84.33 - - [27/Apr/2015:03:44:10 +0000] "HEAD / HTTP/1.0" 301 56 "-" "jetmon/1.0 (Jetpack Site Uptime Monitor by WordPress.com)"
192.0.84.33 - - [27/Apr/2015:03:44:10 +0000] "HEAD / HTTP/1.0" 200 9135 "-" "jetmon/1.0 (Jetpack Site Uptime Monitor by WordPress.com)"
192.0.84.33 - - [27/Apr/2015:03:49:05 +0000] "HEAD / HTTP/1.0" 301 56 "-" "jetmon/1.0 (Jetpack Site Uptime Monitor by WordPress.com)"
192.0.84.33 - - [27/Apr/2015:03:49:05 +0000] "HEAD / HTTP/1.0" 200 9135 "-" "jetmon/1.0 (Jetpack Site Uptime Monitor by WordPress.com)"
192.0.84.33 - - [27/Apr/2015:03:54:13 +0000] "HEAD / HTTP/1.0" 301 56 "-" "jetmon/1.0 (Jetpack Site Uptime Monitor by WordPress.com)"
192.0.84.33 - - [27/Apr/2015:03:54:14 +0000] "HEAD / HTTP/1.0" 200 9135 "-" "jetmon/1.0 (Jetpack Site Uptime Monitor by WordPress.com)"
192.0.84.33 - - [27/Apr/2015:03:59:05 +0000] "HEAD / HTTP/1.0" 301 56 "-" "jetmon/1.0 (Jetpack Site Uptime Monitor by WordPress.com)"
192.0.84.33 - - [27/Apr/2015:03:59:05 +0000] "HEAD / HTTP/1.0" 200 9135 "-" "jetmon/1.0 (Jetpack Site Uptime Monitor by WordPress.com)"
37.140.141.27 - - [27/Apr/2015:04:02:53 +0000] "GET /ghost-inspired-logo/ HTTP/1.0" 200 - "-" "Mozilla/5.0 (compatible; YandexBot/3.0; +http://yandex.com/bots)"
192.0.84.33 - - [27/Apr/2015:04:04:12 +0000] "HEAD / HTTP/1.0" 301 56 "-" "jetmon/1.0 (Jetpack Site Uptime Monitor by WordPress.com)"
192.0.84.33 - - [27/Apr/2015:04:04:12 +0000] "HEAD / HTTP/1.0" 200 9135 "-" "jetmon/1.0 (Jetpack Site Uptime Monitor by WordPress.com)"
192.0.84.33 - - [27/Apr/2015:04:09:18 +0000] "HEAD / HTTP/1.0" 301 56 "-" "jetmon/1.0 (Jetpack Site Uptime Monitor by WordPress.com)"
192.0.84.33 - - [27/Apr/2015:04:09:18 +0000] "HEAD / HTTP/1.0" 200 9135 "-" "jetmon/1.0 (Jetpack Site Uptime Monitor by WordPress.com)"
192.0.84.33 - - [27/Apr/2015:04:14:17 +0000] "HEAD / HTTP/1.0" 301 56 "-" "jetmon/1.0 (Jetpack Site Uptime Monitor by WordPress.com)"
192.0.84.33 - - [27/Apr/2015:04:14:18 +0000] "HEAD / HTTP/1.0" 200 9135 "-" "jetmon/1.0 (Jetpack Site Uptime Monitor by WordPress.com)"
192.0.84.33 - - [27/Apr/2015:04:19:08 +0000] "HEAD / HTTP/1.0" 301 56 "-" "jetmon/1.0 (Jetpack Site Uptime Monitor by WordPress.com)"
192.0.84.33 - - [27/Apr/2015:04:19:08 +0000] "HEAD / HTTP/1.0" 200 9135 "-" "jetmon/1.0 (Jetpack Site Uptime Monitor by WordPress.com)"
192.0.84.33 - - [27/Apr/2015:04:24:08 +0000] "HEAD / HTTP/1.0" 301 56 "-" "jetmon/1.0 (Jetpack Site Uptime Monitor by WordPress.com)"
192.0.84.33 - - [27/Apr/2015:04:24:08 +0000] "HEAD / HTTP/1.0" 200 9135 "-" "jetmon/1.0 (Jetpack Site Uptime Monitor by WordPress.com)"
192.0.84.33 - - [27/Apr/2015:04:29:09 +0000] "HEAD / HTTP/1.0" 301 56 "-" "jetmon/1.0 (Jetpack Site Uptime Monitor by WordPress.com)"
192.0.84.33 - - [27/Apr/2015:04:29:09 +0000] "HEAD / HTTP/1.0" 200 9135 "-" "jetmon/1.0 (Jetpack Site Uptime Monitor by WordPress.com)"
192.0.84.33 - - [27/Apr/2015:04:34:17 +0000] "HEAD / HTTP/1.0" 301 56 "-" "jetmon/1.0 (Jetpack Site Uptime Monitor by WordPress.com)"
192.0.84.33 - - [27/Apr/2015:04:34:17 +0000] "HEAD / HTTP/1.0" 200 9135 "-" "jetmon/1.0 (Jetpack Site Uptime Monitor by WordPress.com)"
192.0.84.33 - - [27/Apr/2015:04:39:05 +0000] "HEAD / HTTP/1.0" 301 56 "-" "jetmon/1.0 (Jetpack Site Uptime Monitor by WordPress.com)"
192.0.84.33 - - [27/Apr/2015:04:39:06 +0000] "HEAD / HTTP/1.0" 200 9135 "-" "jetmon/1.0 (Jetpack Site Uptime Monitor by WordPress.com)"
216.218.206.66 - - [27/Apr/2015:04:42:17 +0000] "GET / HTTP/1.0" 200 9135 "-" "-"
192.0.84.33 - - [27/Apr/2015:04:44:13 +0000] "HEAD / HTTP/1.0" 301 56 "-" "jetmon/1.0 (Jetpack Site Uptime Monitor by WordPress.com)"
192.0.84.33 - - [27/Apr/2015:04:44:14 +0000] "HEAD / HTTP/1.0" 200 9135 "-" "jetmon/1.0 (Jetpack Site Uptime Monitor by WordPress.com)"
216.218.206.66 - - [27/Apr/2015:04:47:04 +0000] "GET / HTTP/1.0" 200 9135 "-" "-"
192.0.84.33 - - [27/Apr/2015:04:49:08 +0000] "HEAD / HTTP/1.0" 301 56 "-" "jetmon/1.0 (Jetpack Site Uptime Monitor by WordPress.com)"
192.0.84.33 - - [27/Apr/2015:04:49:08 +0000] "HEAD / HTTP/1.0" 200 9135 "-" "jetmon/1.0 (Jetpack Site Uptime Monitor by WordPress.com)"
192.0.84.33 - - [27/Apr/2015:04:54:12 +0000] "HEAD / HTTP/1.0" 301 56 "-" "jetmon/1.0 (Jetpack Site Uptime Monitor by WordPress.com)"
192.0.84.33 - - [27/Apr/2015:04:54:12 +0000] "HEAD / HTTP/1.0" 200 9135 "-" "jetmon/1.0 (Jetpack Site Uptime Monitor by WordPress.com)"
192.0.84.33 - - [27/Apr/2015:04:59:03 +0000] "HEAD / HTTP/1.0" 301 56 "-" "jetmon/1.0 (Jetpack Site Uptime Monitor by WordPress.com)"
192.0.84.33 - - [27/Apr/2015:04:59:03 +0000] "HEAD / HTTP/1.0" 200 9135 "-" "jetmon/1.0 (Jetpack Site Uptime Monitor by WordPress.com)"
192.0.84.33 - - [27/Apr/2015:05:04:22 +0000] "HEAD / HTTP/1.0" 301 56 "-" "jetmon/1.0 (Jetpack Site Uptime Monitor by WordPress.com)"
192.0.84.33 - - [27/Apr/2015:05:04:22 +0000] "HEAD / HTTP/1.0" 200 9135 "-" "jetmon/1.0 (Jetpack Site Uptime Monitor by WordPress.com)"
123.125.71.16 - - [27/Apr/2015:05:06:53 +0000] "GET / HTTP/1.0" 301 56 "-" "Mozilla/5.0 (compatible; Baiduspider/2.0; +http://www.baidu.com/search/spider.html)"
192.0.84.33 - - [27/Apr/2015:05:09:19 +0000] "HEAD / HTTP/1.0" 301 56 "-" "jetmon/1.0 (Jetpack Site Uptime Monitor by WordPress.com)"
192.0.84.33 - - [27/Apr/2015:05:09:19 +0000] "HEAD / HTTP/1.0" 200 9135 "-" "jetmon/1.0 (Jetpack Site Uptime Monitor by WordPress.com)"
66.249.79.63 - - [27/Apr/2015:05:12:28 +0000] "GET /robots.txt HTTP/1.0" 200 - "-" "Mozilla/5.0 (compatible; Googlebot/2.1; +http://www.google.com/bot.html)"
66.249.79.63 - - [27/Apr/2015:05:12:28 +0000] "GET /sitemap-posts.xml HTTP/1.0" 200 - "-" "Mozilla/5.0 (compatible; Googlebot/2.1; +http://www.google.com/bot.html)"
192.0.84.33 - - [27/Apr/2015:05:14:11 +0000] "HEAD / HTTP/1.0" 301 56 "-" "jetmon/1.0 (Jetpack Site Uptime Monitor by WordPress.com)"
192.0.84.33 - - [27/Apr/2015:05:14:11 +0000] "HEAD / HTTP/1.0" 200 9135 "-" "jetmon/1.0 (Jetpack Site Uptime Monitor by WordPress.com)"
162.244.13.26 - - [27/Apr/2015:05:14:21 +0000] "GET /ghost-inspired-logo/ HTTP/1.0" 200 - "-" "Mozilla/4.0 (compatible; MSIE 6.0; Windows NT 5.1)"
162.244.13.26 - - [27/Apr/2015:05:14:21 +0000] "POST /ghost-inspired-logo/trackback/ HTTP/1.0" 404 14 "https://webcode01.com/ghost-inspired-logo/" "Mozilla/4.0 (compatible; MSIE 6.0; Windows NT 5.1; SV1; Mozilla/4.0 (compatible; MSIE 6.0; Windows NT 5.1; SV1) )"
192.0.84.33 - - [27/Apr/2015:05:19:07 +0000] "HEAD / HTTP/1.0" 301 56 "-" "jetmon/1.0 (Jetpack Site Uptime Monitor by WordPress.com)"
192.0.84.33 - - [27/Apr/2015:05:19:08 +0000] "HEAD / HTTP/1.0" 200 9135 "-" "jetmon/1.0 (Jetpack Site Uptime Monitor by WordPress.com)"
192.0.84.33 - - [27/Apr/2015:05:24:13 +0000] "HEAD / HTTP/1.0" 301 56 "-" "jetmon/1.0 (Jetpack Site Uptime Monitor by WordPress.com)"
192.0.84.33 - - [27/Apr/2015:05:24:13 +0000] "HEAD / HTTP/1.0" 200 9135 "-" "jetmon/1.0 (Jetpack Site Uptime Monitor by WordPress.com)"
192.0.84.33 - - [27/Apr/2015:05:29:05 +0000] "HEAD / HTTP/1.0" 301 56 "-" "jetmon/1.0 (Jetpack Site Uptime Monitor by WordPress.com)"
192.0.84.33 - - [27/Apr/2015:05:29:05 +0000] "HEAD / HTTP/1.0" 200 9135 "-" "jetmon/1.0 (Jetpack Site Uptime Monitor by WordPress.com)"
192.0.84.33 - - [27/Apr/2015:05:34:09 +0000] "HEAD / HTTP/1.0" 301 56 "-" "jetmon/1.0 (Jetpack Site Uptime Monitor by WordPress.com)"
192.0.84.33 - - [27/Apr/2015:05:34:10 +0000] "HEAD / HTTP/1.0" 200 9135 "-" "jetmon/1.0 (Jetpack Site Uptime Monitor by WordPress.com)"
192.0.84.33 - - [27/Apr/2015:05:39:06 +0000] "HEAD / HTTP/1.0" 301 56 "-" "jetmon/1.0 (Jetpack Site Uptime Monitor by WordPress.com)"
192.0.84.33 - - [27/Apr/2015:05:39:07 +0000] "HEAD / HTTP/1.0" 200 9135 "-" "jetmon/1.0 (Jetpack Site Uptime Monitor by WordPress.com)"
220.181.108.79 - - [27/Apr/2015:05:40:13 +0000] "GET / HTTP/1.0" 301 100 "-" "Mozilla/5.0 (compatible; Baiduspider/2.0; +http://www.baidu.com/search/spider.html)"
66.249.79.128 - - [27/Apr/2015:05:40:46 +0000] "GET /robots.txt HTTP/1.0" 301 66 "-" "Mozilla/5.0 (compatible; Googlebot/2.1; +http://www.google.com/bot.html)"
66.249.79.136 - - [27/Apr/2015:05:40:46 +0000] "GET /?dm=e1ca0852c3a506dbaafdc6adf3eb1211&action=load&blogid=8&siteid=1&t=608867215&back=http%3A%2F%2Fsucculentcity.org%2Ftag%2Ffat%2F HTTP/1.0" 301 342 "http://succulentcity.org/tag/fat/" "Mozilla/5.0 (compatible; Googlebot/2.1; +http://www.google.com/bot.html)"
66.249.79.55 - - [27/Apr/2015:05:40:49 +0000] "GET /%3Fdm=e1ca0852c3a506dbaafdc6adf3eb1211&action=load&blogid=8&siteid=1&t=608867215&back=http%3A%2F%2Fsucculentcity.org%2Ftag%2Ffat%2F?dm=e1ca0852c3a506dbaafdc6adf3eb1211&action=load&blogid=8&siteid=1&t=608867215&back=http%3A%2F%2Fsucculentcity.org%2Ftag%2Ffat%2F HTTP/1.0" 301 - "http://succulentcity.org/tag/fat/" "Mozilla/5.0 (compatible; Googlebot/2.1; +http://www.google.com/bot.html)"
66.249.79.63 - - [27/Apr/2015:05:40:49 +0000] "GET /%3Fdm=e1ca0852c3a506dbaafdc6adf3eb1211/?action=load&blogid=8&siteid=1&t=608867215&back=http%3A%2F%2Fsucculentcity.org%2Ftag%2Ffat%2F&dm=e1ca0852c3a506dbaafdc6adf3eb1211&action=load&blogid=8&siteid=1&t=608867215&back=http%3A%2F%2Fsucculentcity.org%2Ftag%2Ffat%2F HTTP/1.0" 301 322 "http://succulentcity.org/tag/fat/" "Mozilla/5.0 (compatible; Googlebot/2.1; +http://www.google.com/bot.html)"
66.249.79.120 - - [27/Apr/2015:05:43:29 +0000] "GET /?dm=e1ca0852c3a506dbaafdc6adf3eb1211&action=load&blogid=8&siteid=1&t=1909569042&back=http%3A%2F%2Fsucculentcity.org%2Fcategory%2Funcategorized%2Fsucculentplants%2Fdideraceae%2Falluaudia%2F HTTP/1.0" 301 472 "http://succulentcity.org/category/uncategorized/succulentplants/dideraceae/alluaudia/" "Mozilla/5.0 (compatible; Googlebot/2.1; +http://www.google.com/bot.html)"
192.0.84.33 - - [27/Apr/2015:05:44:02 +0000] "HEAD / HTTP/1.0" 301 56 "-" "jetmon/1.0 (Jetpack Site Uptime Monitor by WordPress.com)"
192.0.84.33 - - [27/Apr/2015:05:44:03 +0000] "HEAD / HTTP/1.0" 200 9135 "-" "jetmon/1.0 (Jetpack Site Uptime Monitor by WordPress.com)"
66.249.79.136 - - [27/Apr/2015:05:46:17 +0000] "GET /assets/css/screen.css?v=eb915c126a HTTP/1.0" 301 107 "http://webcode01.com/?cat=1" "Mozilla/5.0 (compatible; Googlebot/2.1; +http://www.google.com/bot.html)"
66.249.79.71 - - [27/Apr/2015:05:46:17 +0000] "GET /assets/css/screen.css%3Fv=eb915c126a?v=eb915c126a HTTP/1.0" 301 - "http://webcode01.com/?cat=1" "Mozilla/5.0 (compatible; Googlebot/2.1; +http://www.google.com/bot.html)"
66.249.79.63 - - [27/Apr/2015:05:46:18 +0000] "GET /assets/css/screen.css%3Fv=eb915c126a/?v=eb915c126a HTTP/1.0" 301 87 "http://webcode01.com/?cat=1" "Mozilla/5.0 (compatible; Googlebot/2.1; +http://www.google.com/bot.html)"
66.249.79.128 - - [27/Apr/2015:05:46:21 +0000] "GET /assets/css/screen.css?v=bc923c2dca HTTP/1.0" 301 107 "http://webcode01.com/tag/writing/" "Mozilla/5.0 (compatible; Googlebot/2.1; +http://www.google.com/bot.html)"
66.249.79.63 - - [27/Apr/2015:05:46:21 +0000] "GET /assets/css/screen.css%3Fv=bc923c2dca?v=bc923c2dca HTTP/1.0" 301 - "http://webcode01.com/tag/writing/" "Mozilla/5.0 (compatible; Googlebot/2.1; +http://www.google.com/bot.html)"
66.249.79.55 - - [27/Apr/2015:05:46:22 +0000] "GET /assets/css/screen.css%3Fv=bc923c2dca/?v=bc923c2dca HTTP/1.0" 301 87 "http://webcode01.com/tag/writing/" "Mozilla/5.0 (compatible; Googlebot/2.1; +http://www.google.com/bot.html)"
66.249.79.136 - - [27/Apr/2015:05:48:07 +0000] "GET /assets/js/jquery.fitvids.js?v=bc923c2dca HTTP/1.0" 301 113 "http://webcode01.com/tag/writing/" "Mozilla/5.0 (compatible; Googlebot/2.1; +http://www.google.com/bot.html)"
192.0.84.33 - - [27/Apr/2015:05:49:01 +0000] "HEAD / HTTP/1.0" 301 56 "-" "jetmon/1.0 (Jetpack Site Uptime Monitor by WordPress.com)"
192.0.84.33 - - [27/Apr/2015:05:49:02 +0000] "HEAD / HTTP/1.0" 200 9135 "-" "jetmon/1.0 (Jetpack Site Uptime Monitor by WordPress.com)"
192.0.84.33 - - [27/Apr/2015:05:54:14 +0000] "HEAD / HTTP/1.0" 301 56 "-" "jetmon/1.0 (Jetpack Site Uptime Monitor by WordPress.com)"
192.0.84.33 - - [27/Apr/2015:05:54:14 +0000] "HEAD / HTTP/1.0" 200 9135 "-" "jetmon/1.0 (Jetpack Site Uptime Monitor by WordPress.com)"
123.125.71.86 - - [27/Apr/2015:05:57:21 +0000] "GET / HTTP/1.0" 301 56 "-" "Mozilla/5.0 (Windows NT 5.1; rv:6.0.2) Gecko/20100101 Firefox/6.0.2"
192.0.84.33 - - [27/Apr/2015:05:59:07 +0000] "HEAD / HTTP/1.0" 301 56 "-" "jetmon/1.0 (Jetpack Site Uptime Monitor by WordPress.com)"
192.0.84.33 - - [27/Apr/2015:05:59:07 +0000] "HEAD / HTTP/1.0" 200 9135 "-" "jetmon/1.0 (Jetpack Site Uptime Monitor by WordPress.com)"
220.181.108.171 - - [27/Apr/2015:06:00:26 +0000] "GET / HTTP/1.0" 301 56 "-" "Mozilla/5.0 (Windows NT 5.1; rv:6.0.2) Gecko/20100101 Firefox/6.0.2"
192.0.84.33 - - [27/Apr/2015:06:04:16 +0000] "HEAD / HTTP/1.0" 301 56 "-" "jetmon/1.0 (Jetpack Site Uptime Monitor by WordPress.com)"
192.0.84.33 - - [27/Apr/2015:06:04:16 +0000] "HEAD / HTTP/1.0" 200 9135 "-" "jetmon/1.0 (Jetpack Site Uptime Monitor by WordPress.com)"
192.0.84.33 - - [27/Apr/2015:06:09:18 +0000] "HEAD / HTTP/1.0" 301 56 "-" "jetmon/1.0 (Jetpack Site Uptime Monitor by WordPress.com)"
192.0.84.33 - - [27/Apr/2015:06:09:18 +0000] "HEAD / HTTP/1.0" 200 9135 "-" "jetmon/1.0 (Jetpack Site Uptime Monitor by WordPress.com)"
24.114.29.162 - - [27/Apr/2015:06:14:04 +0000] "GET /wp-login.php HTTP/1.0" 301 124 "-" "Mozilla/5.0 (Windows NT 5.1; rv:29.0) Gecko/20100101 Firefox/29.0"
192.0.84.33 - - [27/Apr/2015:06:14:13 +0000] "HEAD / HTTP/1.0" 301 56 "-" "jetmon/1.0 (Jetpack Site Uptime Monitor by WordPress.com)"
192.0.84.33 - - [27/Apr/2015:06:14:13 +0000] "HEAD / HTTP/1.0" 200 9135 "-" "jetmon/1.0 (Jetpack Site Uptime Monitor by WordPress.com)"
65.55.213.193 - - [27/Apr/2015:06:16:43 +0000] "GET /robots.txt HTTP/1.0" 200 - "-" "msnbot/2.0b (+http://search.msn.com/msnbot.htm)"
65.55.213.193 - - [27/Apr/2015:06:16:43 +0000] "GET /sitemap.xml HTTP/1.0" 200 622 "-" "msnbot/2.0b (+http://search.msn.com/msnbot.htm)"
65.55.213.193 - - [27/Apr/2015:06:16:43 +0000] "GET /sitemap-pages.xml HTTP/1.0" 200 363 "-" "msnbot/2.0b (+http://search.msn.com/msnbot.htm)"
65.55.213.193 - - [27/Apr/2015:06:16:43 +0000] "GET /sitemap-posts.xml HTTP/1.0" 200 - "-" "msnbot/2.0b (+http://search.msn.com/msnbot.htm)"
65.55.213.241 - - [27/Apr/2015:06:16:43 +0000] "GET /sitemap-authors.xml HTTP/1.0" 200 376 "-" "msnbot/2.0b (+http://search.msn.com/msnbot.htm)"
65.55.213.241 - - [27/Apr/2015:06:16:43 +0000] "GET /sitemap-tags.xml HTTP/1.0" 200 - "-" "msnbot/2.0b (+http://search.msn.com/msnbot.htm)"
192.0.84.33 - - [27/Apr/2015:06:19:16 +0000] "HEAD / HTTP/1.0" 301 56 "-" "jetmon/1.0 (Jetpack Site Uptime Monitor by WordPress.com)"
192.0.84.33 - - [27/Apr/2015:06:19:16 +0000] "HEAD / HTTP/1.0" 200 9135 "-" "jetmon/1.0 (Jetpack Site Uptime Monitor by WordPress.com)"
125.86.27.42 - - [27/Apr/2015:06:19:55 +0000] "GET / HTTP/1.0" 301 100 "http://webcode01.com/" "Opera/9.80 (Windows NT 6.1; Win64; x64) Presto/2.12.388 Version/12.16"
125.86.27.42 - - [27/Apr/2015:06:19:56 +0000] "GET / HTTP/1.0" 200 9135 "http://webcode01.com/" "Opera/9.80 (Windows NT 6.1; Win64; x64) Presto/2.12.388 Version/12.16"
125.86.27.42 - - [27/Apr/2015:06:19:56 +0000] "GET / HTTP/1.0" 301 100 "http://webcode01.com/" "Mozilla/5.0 (Windows NT 6.1; rv:26.0) Gecko/20100101 Firefox/26.0"
125.86.27.42 - - [27/Apr/2015:06:19:59 +0000] "GET / HTTP/1.0" 200 9135 "http://webcode01.com/" "Mozilla/5.0 (Windows NT 6.1; rv:26.0) Gecko/20100101 Firefox/26.0"
125.86.27.42 - - [27/Apr/2015:06:19:59 +0000] "GET / HTTP/1.0" 301 100 "http://webcode01.com/" "Mozilla/5.0 (Windows NT 5.1) AppleWebKit/537.36 (KHTML, like Gecko) Chrome/32.0.1700.102 Safari/537.36"
