46.149.184.6 - - [29/Apr/2015:14:50:38 +0000] "GET /wp-content/uploads/rss.php%3F450799/?450799= HTTP/1.0" 301 81 "https://webcode01.com/wp-content/uploads/rss.php%3F450799/?450799=" "Mozilla/4.0 (compatible; MSIE 6.0; Windows NT 5.1; SV1)"
83.149.35.154 - - [29/Apr/2015:14:50:39 +0000] "GET /wp-content/topnews/license.php%3F450799/?450799= HTTP/1.0" 301 85 "https://webcode01.com/wp-content/topnews/license.php%3F450799/?450799=" "Mozilla/4.0 (compatible; MSIE 6.0; Windows NT 5.1; SV1)"
188.244.155.1 - - [29/Apr/2015:14:50:39 +0000] "GET /wp-includes/pomo/so.php%3F450799/?450799= HTTP/1.0" 301 78 "https://webcode01.com/wp-includes/pomo/so.php%3F450799/?450799=" "Mozilla/4.0 (compatible; MSIE 6.0; Windows NT 5.1; SV1)"
188.244.155.1 - - [29/Apr/2015:14:50:42 +0000] "GET /wp-includes/pomo/so.php%3F450799/?450799= HTTP/1.0" 301 78 "https://webcode01.com/wp-includes/pomo/so.php%3F450799/?450799=" "Mozilla/4.0 (compatible; MSIE 6.0; Windows NT 5.1; SV1)"
83.149.35.154 - - [29/Apr/2015:14:50:43 +0000] "GET /wp-content/topnews/license.php%3F450799/?450799= HTTP/1.0" 301 85 "https://webcode01.com/wp-content/topnews/license.php%3F450799/?450799=" "Mozilla/4.0 (compatible; MSIE 6.0; Windows NT 5.1; SV1)"
91.103.125.205 - - [29/Apr/2015:14:50:58 +0000] "GET /wp-content/plugins/hello.php?450799 HTTP/1.0" 301 103 "https://webcode01.com/wp-content/plugins/hello.php%3F450799/?450799=" "Mozilla/4.0 (compatible; MSIE 6.0; Windows NT 5.1; SV1)"
91.103.125.205 - - [29/Apr/2015:14:51:00 +0000] "GET /wp-content/plugins/hello.php%3F450799?450799= HTTP/1.0" 301 - "http://webcode01.com/wp-content/plugins/hello.php?450799" "Mozilla/4.0 (compatible; MSIE 6.0; Windows NT 5.1; SV1)"
91.103.125.205 - - [29/Apr/2015:14:51:02 +0000] "GET /wp-content/plugins/hello.php%3F450799/?450799= HTTP/1.0" 301 83 "https://webcode01.com/wp-content/plugins/hello.php%3F450799?450799=" "Mozilla/4.0 (compatible; MSIE 6.0; Windows NT 5.1; SV1)"
91.103.125.205 - - [29/Apr/2015:14:51:04 +0000] "GET /wp-content/plugins/hello.php%3F450799/?450799= HTTP/1.0" 301 83 "https://webcode01.com/wp-content/plugins/hello.php%3F450799/?450799=" "Mozilla/4.0 (compatible; MSIE 6.0; Windows NT 5.1; SV1)"
91.103.125.205 - - [29/Apr/2015:14:51:05 +0000] "GET /wp-content/plugins/hello.php%3F450799/?450799= HTTP/1.0" 301 83 "https://webcode01.com/wp-content/plugins/hello.php%3F450799/?450799=" "Mozilla/4.0 (compatible; MSIE 6.0; Windows NT 5.1; SV1)"
91.103.125.205 - - [29/Apr/2015:14:51:07 +0000] "GET /wp-content/plugins/hello.php%3F450799/?450799= HTTP/1.0" 301 83 "https://webcode01.com/wp-content/plugins/hello.php%3F450799/?450799=" "Mozilla/4.0 (compatible; MSIE 6.0; Windows NT 5.1; SV1)"
91.103.125.205 - - [29/Apr/2015:14:51:09 +0000] "GET /wp-content/plugins/hello.php%3F450799/?450799= HTTP/1.0" 301 83 "https://webcode01.com/wp-content/plugins/hello.php%3F450799/?450799=" "Mozilla/4.0 (compatible; MSIE 6.0; Windows NT 5.1; SV1)"
91.103.125.205 - - [29/Apr/2015:14:51:11 +0000] "GET /wp-content/plugins/hello.php%3F450799/?450799= HTTP/1.0" 301 83 "https://webcode01.com/wp-content/plugins/hello.php%3F450799/?450799=" "Mozilla/4.0 (compatible; MSIE 6.0; Windows NT 5.1; SV1)"
157.55.39.59 - - [29/Apr/2015:14:52:55 +0000] "GET /robots.txt HTTP/1.0" 200 75 "-" "Mozilla/5.0 (compatible; bingbot/2.0; +http://www.bing.com/bingbot.htm)"
157.55.39.59 - - [29/Apr/2015:14:52:58 +0000] "GET / HTTP/1.0" 200 - "-" "Mozilla/5.0 (compatible; bingbot/2.0; +http://www.bing.com/bingbot.htm)"
157.55.39.59 - - [29/Apr/2015:14:53:04 +0000] "GET /robots.txt HTTP/1.0" 301 66 "-" "Mozilla/5.0 (compatible; bingbot/2.0; +http://www.bing.com/bingbot.htm)"
157.55.39.59 - - [29/Apr/2015:14:53:04 +0000] "GET /robots.txt HTTP/1.0" 200 - "-" "Mozilla/5.0 (compatible; bingbot/2.0; +http://www.bing.com/bingbot.htm)"
157.55.39.59 - - [29/Apr/2015:14:53:05 +0000] "GET /robots.txt HTTP/1.0" 301 66 "-" "Mozilla/5.0 (compatible; bingbot/2.0; +http://www.bing.com/bingbot.htm)"
157.55.39.59 - - [29/Apr/2015:14:53:05 +0000] "GET /robots.txt HTTP/1.0" 200 - "-" "Mozilla/5.0 (compatible; bingbot/2.0; +http://www.bing.com/bingbot.htm)"
157.55.39.59 - - [29/Apr/2015:14:53:06 +0000] "GET /assets/css/screen.css?v=11f8639da0 HTTP/1.0" 200 - "-" "Mozilla/5.0 (compatible; bingbot/2.0; +http://www.bing.com/bingbot.htm)"
207.46.13.127 - - [29/Apr/2015:14:53:08 +0000] "GET /assets/js/jquery.fitvids.js?v=11f8639da0 HTTP/1.0" 200 - "-" "Mozilla/5.0 (compatible; bingbot/2.0; +http://www.bing.com/bingbot.htm)"
157.55.39.9 - - [29/Apr/2015:14:53:48 +0000] "GET /assets/js/index.js?v=11f8639da0 HTTP/1.0" 200 - "-" "Mozilla/5.0 (compatible; bingbot/2.0; +http://www.bing.com/bingbot.htm)"
157.55.39.9 - - [29/Apr/2015:14:53:48 +0000] "GET /public/jquery.min.js?v=11f8639da0 HTTP/1.0" 200 - "-" "Mozilla/5.0 (compatible; bingbot/2.0; +http://www.bing.com/bingbot.htm)"
192.0.84.33 - - [29/Apr/2015:14:54:20 +0000] "HEAD / HTTP/1.0" 301 56 "-" "jetmon/1.0 (Jetpack Site Uptime Monitor by WordPress.com)"
192.0.84.33 - - [29/Apr/2015:14:54:20 +0000] "HEAD / HTTP/1.0" 200 9135 "-" "jetmon/1.0 (Jetpack Site Uptime Monitor by WordPress.com)"
192.0.84.33 - - [29/Apr/2015:14:59:13 +0000] "HEAD / HTTP/1.0" 301 56 "-" "jetmon/1.0 (Jetpack Site Uptime Monitor by WordPress.com)"
192.0.84.33 - - [29/Apr/2015:14:59:14 +0000] "HEAD / HTTP/1.0" 200 9135 "-" "jetmon/1.0 (Jetpack Site Uptime Monitor by WordPress.com)"
192.0.84.33 - - [29/Apr/2015:15:04:20 +0000] "HEAD / HTTP/1.0" 301 56 "-" "jetmon/1.0 (Jetpack Site Uptime Monitor by WordPress.com)"
192.0.84.33 - - [29/Apr/2015:15:04:20 +0000] "HEAD / HTTP/1.0" 200 9135 "-" "jetmon/1.0 (Jetpack Site Uptime Monitor by WordPress.com)"
46.229.164.99 - - [29/Apr/2015:15:06:36 +0000] "GET /robots.txt HTTP/1.0" 301 66 "-" "Mozilla/5.0 (compatible; SemrushBot/0.98~bl; +http://www.semrush.com/bot.html)"
192.0.84.33 - - [29/Apr/2015:15:09:17 +0000] "HEAD / HTTP/1.0" 301 56 "-" "jetmon/1.0 (Jetpack Site Uptime Monitor by WordPress.com)"
192.0.84.33 - - [29/Apr/2015:15:09:17 +0000] "HEAD / HTTP/1.0" 200 9135 "-" "jetmon/1.0 (Jetpack Site Uptime Monitor by WordPress.com)"
192.0.84.33 - - [29/Apr/2015:15:14:11 +0000] "HEAD / HTTP/1.0" 301 56 "-" "jetmon/1.0 (Jetpack Site Uptime Monitor by WordPress.com)"
192.0.84.33 - - [29/Apr/2015:15:14:11 +0000] "HEAD / HTTP/1.0" 200 9135 "-" "jetmon/1.0 (Jetpack Site Uptime Monitor by WordPress.com)"
192.0.84.33 - - [29/Apr/2015:15:19:18 +0000] "HEAD / HTTP/1.0" 301 56 "-" "jetmon/1.0 (Jetpack Site Uptime Monitor by WordPress.com)"
192.0.84.33 - - [29/Apr/2015:15:19:19 +0000] "HEAD / HTTP/1.0" 200 9135 "-" "jetmon/1.0 (Jetpack Site Uptime Monitor by WordPress.com)"
192.0.84.33 - - [29/Apr/2015:15:24:25 +0000] "HEAD / HTTP/1.0" 301 56 "-" "jetmon/1.0 (Jetpack Site Uptime Monitor by WordPress.com)"
192.0.84.33 - - [29/Apr/2015:15:24:25 +0000] "HEAD / HTTP/1.0" 200 9135 "-" "jetmon/1.0 (Jetpack Site Uptime Monitor by WordPress.com)"
66.249.79.55 - - [29/Apr/2015:15:29:04 +0000] "GET /robots.txt HTTP/1.0" 200 - "-" "Mozilla/5.0 (compatible; Googlebot/2.1; +http://www.google.com/bot.html)"
66.249.79.71 - - [29/Apr/2015:15:29:04 +0000] "GET /tag/writing/ HTTP/1.0" 200 - "-" "Mozilla/5.0 (compatible; Googlebot/2.1; +http://www.google.com/bot.html)"
192.0.84.33 - - [29/Apr/2015:15:29:18 +0000] "HEAD / HTTP/1.0" 301 56 "-" "jetmon/1.0 (Jetpack Site Uptime Monitor by WordPress.com)"
192.0.84.33 - - [29/Apr/2015:15:29:18 +0000] "HEAD / HTTP/1.0" 200 9135 "-" "jetmon/1.0 (Jetpack Site Uptime Monitor by WordPress.com)"
66.249.79.63 - - [29/Apr/2015:15:29:40 +0000] "GET /author/joe/ HTTP/1.0" 200 - "-" "Mozilla/5.0 (compatible; Googlebot/2.1; +http://www.google.com/bot.html)"
192.0.84.33 - - [29/Apr/2015:15:34:14 +0000] "HEAD / HTTP/1.0" 301 56 "-" "jetmon/1.0 (Jetpack Site Uptime Monitor by WordPress.com)"
192.0.84.33 - - [29/Apr/2015:15:34:14 +0000] "HEAD / HTTP/1.0" 200 9135 "-" "jetmon/1.0 (Jetpack Site Uptime Monitor by WordPress.com)"
192.0.84.33 - - [29/Apr/2015:15:39:13 +0000] "HEAD / HTTP/1.0" 301 56 "-" "jetmon/1.0 (Jetpack Site Uptime Monitor by WordPress.com)"
192.0.84.33 - - [29/Apr/2015:15:39:14 +0000] "HEAD / HTTP/1.0" 200 9135 "-" "jetmon/1.0 (Jetpack Site Uptime Monitor by WordPress.com)"
192.0.84.33 - - [29/Apr/2015:15:44:11 +0000] "HEAD / HTTP/1.0" 301 56 "-" "jetmon/1.0 (Jetpack Site Uptime Monitor by WordPress.com)"
192.0.84.33 - - [29/Apr/2015:15:44:12 +0000] "HEAD / HTTP/1.0" 200 9135 "-" "jetmon/1.0 (Jetpack Site Uptime Monitor by WordPress.com)"
192.0.84.33 - - [29/Apr/2015:15:49:11 +0000] "HEAD / HTTP/1.0" 301 56 "-" "jetmon/1.0 (Jetpack Site Uptime Monitor by WordPress.com)"
192.0.84.33 - - [29/Apr/2015:15:49:12 +0000] "HEAD / HTTP/1.0" 200 9135 "-" "jetmon/1.0 (Jetpack Site Uptime Monitor by WordPress.com)"
157.55.39.29 - - [29/Apr/2015:15:54:15 +0000] "GET /robots.txt HTTP/1.0" 200 75 "-" "Mozilla/5.0 (compatible; bingbot/2.0; +http://www.bing.com/bingbot.htm)"
192.0.84.33 - - [29/Apr/2015:15:54:17 +0000] "HEAD / HTTP/1.0" 301 56 "-" "jetmon/1.0 (Jetpack Site Uptime Monitor by WordPress.com)"
192.0.84.33 - - [29/Apr/2015:15:54:17 +0000] "HEAD / HTTP/1.0" 200 9135 "-" "jetmon/1.0 (Jetpack Site Uptime Monitor by WordPress.com)"
157.55.39.29 - - [29/Apr/2015:15:54:21 +0000] "GET /assets/fonts/casper-icons.svg HTTP/1.0" 200 - "-" "Mozilla/5.0 (compatible; bingbot/2.0; +http://www.bing.com/bingbot.htm)"
157.55.39.29 - - [29/Apr/2015:15:54:21 +0000] "GET /assets/fonts/casper-icons.ttf HTTP/1.0" 200 - "-" "Mozilla/5.0 (compatible; bingbot/2.0; +http://www.bing.com/bingbot.htm)"
192.0.84.33 - - [29/Apr/2015:15:59:11 +0000] "HEAD / HTTP/1.0" 301 56 "-" "jetmon/1.0 (Jetpack Site Uptime Monitor by WordPress.com)"
192.0.84.33 - - [29/Apr/2015:15:59:12 +0000] "HEAD / HTTP/1.0" 200 9135 "-" "jetmon/1.0 (Jetpack Site Uptime Monitor by WordPress.com)"
37.140.141.27 - - [29/Apr/2015:16:00:07 +0000] "GET /robots.txt HTTP/1.0" 301 66 "-" "Mozilla/5.0 (compatible; YandexBot/3.0; +http://yandex.com/bots)"
192.0.84.33 - - [29/Apr/2015:16:04:17 +0000] "HEAD / HTTP/1.0" 301 56 "-" "jetmon/1.0 (Jetpack Site Uptime Monitor by WordPress.com)"
192.0.84.33 - - [29/Apr/2015:16:04:17 +0000] "HEAD / HTTP/1.0" 200 9135 "-" "jetmon/1.0 (Jetpack Site Uptime Monitor by WordPress.com)"
192.0.84.33 - - [29/Apr/2015:16:09:13 +0000] "HEAD / HTTP/1.0" 301 56 "-" "jetmon/1.0 (Jetpack Site Uptime Monitor by WordPress.com)"
192.0.84.33 - - [29/Apr/2015:16:09:13 +0000] "HEAD / HTTP/1.0" 200 9135 "-" "jetmon/1.0 (Jetpack Site Uptime Monitor by WordPress.com)"
192.0.84.33 - - [29/Apr/2015:16:14:14 +0000] "HEAD / HTTP/1.0" 301 56 "-" "jetmon/1.0 (Jetpack Site Uptime Monitor by WordPress.com)"
192.0.84.33 - - [29/Apr/2015:16:14:14 +0000] "HEAD / HTTP/1.0" 200 9135 "-" "jetmon/1.0 (Jetpack Site Uptime Monitor by WordPress.com)"
192.0.84.33 - - [29/Apr/2015:16:19:15 +0000] "HEAD / HTTP/1.0" 301 56 "-" "jetmon/1.0 (Jetpack Site Uptime Monitor by WordPress.com)"
192.0.84.33 - - [29/Apr/2015:16:19:16 +0000] "HEAD / HTTP/1.0" 200 9135 "-" "jetmon/1.0 (Jetpack Site Uptime Monitor by WordPress.com)"
125.86.25.216 - - [29/Apr/2015:16:22:20 +0000] "GET / HTTP/1.0" 301 100 "http://webcode01.com/" "Mozilla/5.0 (Windows NT 6.1) AppleWebKit/537.36 (KHTML, like Gecko) Chrome/30.0.1599.12785 YaBrowser/13.12.1599.12785 Safari/537.36"
125.86.25.216 - - [29/Apr/2015:16:22:21 +0000] "GET / HTTP/1.0" 301 100 "http://webcode01.com/" "Mozilla/5.0 (Windows NT 5.1) AppleWebKit/537.36 (KHTML, like Gecko) Chrome/33.0.1750.146 Safari/537.36"
125.86.25.216 - - [29/Apr/2015:16:22:21 +0000] "GET / HTTP/1.0" 200 9135 "http://webcode01.com/" "Mozilla/5.0 (Windows NT 6.1) AppleWebKit/537.36 (KHTML, like Gecko) Chrome/30.0.1599.12785 YaBrowser/13.12.1599.12785 Safari/537.36"
112.111.1.207 - - [29/Apr/2015:16:22:22 +0000] "GET /info/whitelist.pac HTTP/1.0" 301 - "-" "Mozilla/4.0 (compatible; MSIE 7.0; Windows NT 5.1)"
125.86.25.216 - - [29/Apr/2015:16:22:22 +0000] "GET / HTTP/1.0" 200 9135 "http://webcode01.com/" "Mozilla/5.0 (Windows NT 5.1) AppleWebKit/537.36 (KHTML, like Gecko) Chrome/33.0.1750.146 Safari/537.36"
192.0.84.33 - - [29/Apr/2015:16:24:10 +0000] "HEAD / HTTP/1.0" 301 56 "-" "jetmon/1.0 (Jetpack Site Uptime Monitor by WordPress.com)"
192.0.84.33 - - [29/Apr/2015:16:24:11 +0000] "HEAD / HTTP/1.0" 200 9135 "-" "jetmon/1.0 (Jetpack Site Uptime Monitor by WordPress.com)"
37.140.141.27 - - [29/Apr/2015:16:27:09 +0000] "GET /wp-content/uploads/2013/12/postimg14.png HTTP/1.0" 301 96 "-" "Mozilla/5.0 (compatible; YandexImages/3.0; +http://yandex.com/bots)"
192.0.84.33 - - [29/Apr/2015:16:29:09 +0000] "HEAD / HTTP/1.0" 301 56 "-" "jetmon/1.0 (Jetpack Site Uptime Monitor by WordPress.com)"
192.0.84.33 - - [29/Apr/2015:16:29:09 +0000] "HEAD / HTTP/1.0" 200 9135 "-" "jetmon/1.0 (Jetpack Site Uptime Monitor by WordPress.com)"
157.55.39.29 - - [29/Apr/2015:16:30:59 +0000] "GET / HTTP/1.0" 301 56 "-" "Mozilla/5.0 (compatible; bingbot/2.0; +http://www.bing.com/bingbot.htm)"
192.0.84.33 - - [29/Apr/2015:16:34:12 +0000] "HEAD / HTTP/1.0" 301 56 "-" "jetmon/1.0 (Jetpack Site Uptime Monitor by WordPress.com)"
192.0.84.33 - - [29/Apr/2015:16:34:12 +0000] "HEAD / HTTP/1.0" 200 9135 "-" "jetmon/1.0 (Jetpack Site Uptime Monitor by WordPress.com)"
192.0.84.33 - - [29/Apr/2015:16:39:08 +0000] "HEAD / HTTP/1.0" 301 56 "-" "jetmon/1.0 (Jetpack Site Uptime Monitor by WordPress.com)"
192.0.84.33 - - [29/Apr/2015:16:39:08 +0000] "HEAD / HTTP/1.0" 200 9135 "-" "jetmon/1.0 (Jetpack Site Uptime Monitor by WordPress.com)"
192.0.84.33 - - [29/Apr/2015:16:44:12 +0000] "HEAD / HTTP/1.0" 301 56 "-" "jetmon/1.0 (Jetpack Site Uptime Monitor by WordPress.com)"
192.0.84.33 - - [29/Apr/2015:16:44:12 +0000] "HEAD / HTTP/1.0" 200 9135 "-" "jetmon/1.0 (Jetpack Site Uptime Monitor by WordPress.com)"
66.249.79.63 - - [29/Apr/2015:16:44:44 +0000] "GET /robots.txt HTTP/1.0" 200 - "-" "Mozilla/5.0 (compatible; Googlebot/2.1; +http://www.google.com/bot.html)"
66.249.79.55 - - [29/Apr/2015:16:44:45 +0000] "GET /startssl/ HTTP/1.0" 200 - "-" "Mozilla/5.0 (compatible; Googlebot/2.1; +http://www.google.com/bot.html)"
66.249.79.128 - - [29/Apr/2015:16:45:54 +0000] "GET /robots.txt HTTP/1.0" 301 66 "-" "Mozilla/5.0 (compatible; Googlebot/2.1; +http://www.google.com/bot.html)"
66.249.79.55 - - [29/Apr/2015:16:48:58 +0000] "GET /sitemap-tags.xml HTTP/1.0" 200 - "-" "Mozilla/5.0 (compatible; Googlebot/2.1; +http://www.google.com/bot.html)"
192.0.84.33 - - [29/Apr/2015:16:49:13 +0000] "HEAD / HTTP/1.0" 301 56 "-" "jetmon/1.0 (Jetpack Site Uptime Monitor by WordPress.com)"
192.0.84.33 - - [29/Apr/2015:16:49:13 +0000] "HEAD / HTTP/1.0" 200 9135 "-" "jetmon/1.0 (Jetpack Site Uptime Monitor by WordPress.com)"
192.0.84.33 - - [29/Apr/2015:16:54:13 +0000] "HEAD / HTTP/1.0" 301 56 "-" "jetmon/1.0 (Jetpack Site Uptime Monitor by WordPress.com)"
192.0.84.33 - - [29/Apr/2015:16:54:14 +0000] "HEAD / HTTP/1.0" 200 9135 "-" "jetmon/1.0 (Jetpack Site Uptime Monitor by WordPress.com)"
192.0.84.33 - - [29/Apr/2015:16:59:09 +0000] "HEAD / HTTP/1.0" 301 56 "-" "jetmon/1.0 (Jetpack Site Uptime Monitor by WordPress.com)"
192.0.84.33 - - [29/Apr/2015:16:59:09 +0000] "HEAD / HTTP/1.0" 200 9135 "-" "jetmon/1.0 (Jetpack Site Uptime Monitor by WordPress.com)"
66.249.84.224 - - [29/Apr/2015:17:02:38 +0000] "GET / HTTP/1.0" 301 100 "-" "Mozilla/5.0 (Windows NT 6.1; rv:6.0) Gecko/20110814 Firefox/6.0 Google favicon"
66.249.84.182 - - [29/Apr/2015:17:02:38 +0000] "GET / HTTP/1.0" 200 - "-" "Mozilla/5.0 (Windows NT 6.1; rv:6.0) Gecko/20110814 Firefox/6.0 Google favicon"
66.249.84.236 - - [29/Apr/2015:17:02:38 +0000] "GET /favicon.ico HTTP/1.0" 200 - "-" "Mozilla/5.0 (Windows NT 6.1; rv:6.0) Gecko/20110814 Firefox/6.0 Google favicon"
192.0.84.33 - - [29/Apr/2015:17:04:15 +0000] "HEAD / HTTP/1.0" 301 56 "-" "jetmon/1.0 (Jetpack Site Uptime Monitor by WordPress.com)"
192.0.84.33 - - [29/Apr/2015:17:04:15 +0000] "HEAD / HTTP/1.0" 200 9135 "-" "jetmon/1.0 (Jetpack Site Uptime Monitor by WordPress.com)"
180.76.6.52 - - [29/Apr/2015:17:04:56 +0000] "GET /robots.txt HTTP/1.0" 301 66 "-" "Mozilla/5.0 (Windows NT 5.1; rv:6.0.2) Gecko/20100101 Firefox/6.0.2"
180.76.5.69 - - [29/Apr/2015:17:04:56 +0000] "GET /contact/ HTTP/1.0" 301 64 "-" "Mozilla/5.0 (compatible; Baiduspider/2.0; +http://www.baidu.com/search/spider.html)"
192.0.84.33 - - [29/Apr/2015:17:09:14 +0000] "HEAD / HTTP/1.0" 301 56 "-" "jetmon/1.0 (Jetpack Site Uptime Monitor by WordPress.com)"
192.0.84.33 - - [29/Apr/2015:17:09:14 +0000] "HEAD / HTTP/1.0" 200 9135 "-" "jetmon/1.0 (Jetpack Site Uptime Monitor by WordPress.com)"
192.0.84.33 - - [29/Apr/2015:17:14:12 +0000] "HEAD / HTTP/1.0" 301 56 "-" "jetmon/1.0 (Jetpack Site Uptime Monitor by WordPress.com)"
192.0.84.33 - - [29/Apr/2015:17:14:12 +0000] "HEAD / HTTP/1.0" 200 9135 "-" "jetmon/1.0 (Jetpack Site Uptime Monitor by WordPress.com)"
192.0.84.33 - - [29/Apr/2015:17:19:13 +0000] "HEAD / HTTP/1.0" 301 56 "-" "jetmon/1.0 (Jetpack Site Uptime Monitor by WordPress.com)"
192.0.84.33 - - [29/Apr/2015:17:19:13 +0000] "HEAD / HTTP/1.0" 200 9135 "-" "jetmon/1.0 (Jetpack Site Uptime Monitor by WordPress.com)"
66.249.79.120 - - [29/Apr/2015:17:24:04 +0000] "GET / HTTP/1.0" 301 100 "-" "Mozilla/5.0 (compatible; Googlebot/2.1; +http://www.google.com/bot.html)"
192.0.84.33 - - [29/Apr/2015:17:24:12 +0000] "HEAD / HTTP/1.0" 301 56 "-" "jetmon/1.0 (Jetpack Site Uptime Monitor by WordPress.com)"
192.0.84.33 - - [29/Apr/2015:17:24:12 +0000] "HEAD / HTTP/1.0" 200 9135 "-" "jetmon/1.0 (Jetpack Site Uptime Monitor by WordPress.com)"
192.0.84.33 - - [29/Apr/2015:17:29:12 +0000] "HEAD / HTTP/1.0" 301 56 "-" "jetmon/1.0 (Jetpack Site Uptime Monitor by WordPress.com)"
192.0.84.33 - - [29/Apr/2015:17:29:12 +0000] "HEAD / HTTP/1.0" 200 9135 "-" "jetmon/1.0 (Jetpack Site Uptime Monitor by WordPress.com)"
192.0.84.33 - - [29/Apr/2015:17:34:15 +0000] "HEAD / HTTP/1.0" 301 56 "-" "jetmon/1.0 (Jetpack Site Uptime Monitor by WordPress.com)"
192.0.84.33 - - [29/Apr/2015:17:34:15 +0000] "HEAD / HTTP/1.0" 200 9135 "-" "jetmon/1.0 (Jetpack Site Uptime Monitor by WordPress.com)"
192.0.84.33 - - [29/Apr/2015:17:39:14 +0000] "HEAD / HTTP/1.0" 301 56 "-" "jetmon/1.0 (Jetpack Site Uptime Monitor by WordPress.com)"
192.0.84.33 - - [29/Apr/2015:17:39:15 +0000] "HEAD / HTTP/1.0" 200 9135 "-" "jetmon/1.0 (Jetpack Site Uptime Monitor by WordPress.com)"
192.0.84.33 - - [29/Apr/2015:17:44:16 +0000] "HEAD / HTTP/1.0" 301 56 "-" "jetmon/1.0 (Jetpack Site Uptime Monitor by WordPress.com)"
192.0.84.33 - - [29/Apr/2015:17:44:16 +0000] "HEAD / HTTP/1.0" 200 9135 "-" "jetmon/1.0 (Jetpack Site Uptime Monitor by WordPress.com)"
192.0.84.33 - - [29/Apr/2015:17:49:08 +0000] "HEAD / HTTP/1.0" 301 56 "-" "jetmon/1.0 (Jetpack Site Uptime Monitor by WordPress.com)"
192.0.84.33 - - [29/Apr/2015:17:49:09 +0000] "HEAD / HTTP/1.0" 200 9135 "-" "jetmon/1.0 (Jetpack Site Uptime Monitor by WordPress.com)"
192.0.84.33 - - [29/Apr/2015:17:54:15 +0000] "HEAD / HTTP/1.0" 301 56 "-" "jetmon/1.0 (Jetpack Site Uptime Monitor by WordPress.com)"
192.0.84.33 - - [29/Apr/2015:17:54:15 +0000] "HEAD / HTTP/1.0" 200 9135 "-" "jetmon/1.0 (Jetpack Site Uptime Monitor by WordPress.com)"
192.0.84.33 - - [29/Apr/2015:17:59:09 +0000] "HEAD / HTTP/1.0" 301 56 "-" "jetmon/1.0 (Jetpack Site Uptime Monitor by WordPress.com)"
192.0.84.33 - - [29/Apr/2015:17:59:10 +0000] "HEAD / HTTP/1.0" 200 9135 "-" "jetmon/1.0 (Jetpack Site Uptime Monitor by WordPress.com)"
192.0.84.33 - - [29/Apr/2015:18:04:33 +0000] "HEAD / HTTP/1.0" 301 56 "-" "jetmon/1.0 (Jetpack Site Uptime Monitor by WordPress.com)"
192.0.84.33 - - [29/Apr/2015:18:04:33 +0000] "HEAD / HTTP/1.0" 200 9135 "-" "jetmon/1.0 (Jetpack Site Uptime Monitor by WordPress.com)"
37.140.141.27 - - [29/Apr/2015:18:04:33 +0000] "GET /robots.txt HTTP/1.0" 200 75 "-" "Mozilla/5.0 (compatible; YandexBot/3.0; +http://yandex.com/bots)"
192.0.84.33 - - [29/Apr/2015:18:09:39 +0000] "HEAD / HTTP/1.0" 301 56 "-" "jetmon/1.0 (Jetpack Site Uptime Monitor by WordPress.com)"
192.0.84.33 - - [29/Apr/2015:18:09:39 +0000] "HEAD / HTTP/1.0" 200 9135 "-" "jetmon/1.0 (Jetpack Site Uptime Monitor by WordPress.com)"
192.0.84.33 - - [29/Apr/2015:18:14:36 +0000] "HEAD / HTTP/1.0" 301 56 "-" "jetmon/1.0 (Jetpack Site Uptime Monitor by WordPress.com)"
192.0.84.33 - - [29/Apr/2015:18:14:36 +0000] "HEAD / HTTP/1.0" 200 9135 "-" "jetmon/1.0 (Jetpack Site Uptime Monitor by WordPress.com)"
192.0.84.33 - - [29/Apr/2015:18:19:28 +0000] "HEAD / HTTP/1.0" 301 56 "-" "jetmon/1.0 (Jetpack Site Uptime Monitor by WordPress.com)"
192.0.84.33 - - [29/Apr/2015:18:19:28 +0000] "HEAD / HTTP/1.0" 200 9135 "-" "jetmon/1.0 (Jetpack Site Uptime Monitor by WordPress.com)"
192.0.84.33 - - [29/Apr/2015:18:24:24 +0000] "HEAD / HTTP/1.0" 301 56 "-" "jetmon/1.0 (Jetpack Site Uptime Monitor by WordPress.com)"
192.0.84.33 - - [29/Apr/2015:18:24:25 +0000] "HEAD / HTTP/1.0" 200 9135 "-" "jetmon/1.0 (Jetpack Site Uptime Monitor by WordPress.com)"
192.0.84.33 - - [29/Apr/2015:18:29:28 +0000] "HEAD / HTTP/1.0" 301 56 "-" "jetmon/1.0 (Jetpack Site Uptime Monitor by WordPress.com)"
192.0.84.33 - - [29/Apr/2015:18:29:28 +0000] "HEAD / HTTP/1.0" 200 9135 "-" "jetmon/1.0 (Jetpack Site Uptime Monitor by WordPress.com)"
192.0.84.33 - - [29/Apr/2015:18:34:33 +0000] "HEAD / HTTP/1.0" 301 56 "-" "jetmon/1.0 (Jetpack Site Uptime Monitor by WordPress.com)"
192.0.84.33 - - [29/Apr/2015:18:34:33 +0000] "HEAD / HTTP/1.0" 200 9135 "-" "jetmon/1.0 (Jetpack Site Uptime Monitor by WordPress.com)"
192.0.84.33 - - [29/Apr/2015:18:39:29 +0000] "HEAD / HTTP/1.0" 301 56 "-" "jetmon/1.0 (Jetpack Site Uptime Monitor by WordPress.com)"
192.0.84.33 - - [29/Apr/2015:18:39:29 +0000] "HEAD / HTTP/1.0" 200 9135 "-" "jetmon/1.0 (Jetpack Site Uptime Monitor by WordPress.com)"
180.76.4.33 - - [29/Apr/2015:18:41:39 +0000] "GET / HTTP/1.0" 301 56 "-" "Mozilla/4.0 (compatible; MSIE 7.0; Windows NT 6.0)"
192.0.84.33 - - [29/Apr/2015:18:44:26 +0000] "HEAD / HTTP/1.0" 301 56 "-" "jetmon/1.0 (Jetpack Site Uptime Monitor by WordPress.com)"
192.0.84.33 - - [29/Apr/2015:18:44:26 +0000] "HEAD / HTTP/1.0" 200 9135 "-" "jetmon/1.0 (Jetpack Site Uptime Monitor by WordPress.com)"
123.125.71.72 - - [29/Apr/2015:18:46:04 +0000] "GET / HTTP/1.0" 301 56 "-" "Mozilla/5.0 (Windows NT 5.1; rv:6.0.2) Gecko/20100101 Firefox/6.0.2"
220.181.108.153 - - [29/Apr/2015:18:49:05 +0000] "GET / HTTP/1.0" 301 56 "-" "Mozilla/5.0 (Windows NT 5.1; rv:6.0.2) Gecko/20100101 Firefox/6.0.2"
192.0.84.33 - - [29/Apr/2015:18:49:24 +0000] "HEAD / HTTP/1.0" 301 56 "-" "jetmon/1.0 (Jetpack Site Uptime Monitor by WordPress.com)"
192.0.84.33 - - [29/Apr/2015:18:49:25 +0000] "HEAD / HTTP/1.0" 200 9135 "-" "jetmon/1.0 (Jetpack Site Uptime Monitor by WordPress.com)"
192.0.84.33 - - [29/Apr/2015:18:54:33 +0000] "HEAD / HTTP/1.0" 301 56 "-" "jetmon/1.0 (Jetpack Site Uptime Monitor by WordPress.com)"
192.0.84.33 - - [29/Apr/2015:18:54:33 +0000] "HEAD / HTTP/1.0" 200 9135 "-" "jetmon/1.0 (Jetpack Site Uptime Monitor by WordPress.com)"
192.0.84.33 - - [29/Apr/2015:18:59:22 +0000] "HEAD / HTTP/1.0" 301 56 "-" "jetmon/1.0 (Jetpack Site Uptime Monitor by WordPress.com)"
192.0.84.33 - - [29/Apr/2015:18:59:23 +0000] "HEAD / HTTP/1.0" 200 9135 "-" "jetmon/1.0 (Jetpack Site Uptime Monitor by WordPress.com)"
192.0.84.33 - - [29/Apr/2015:19:04:32 +0000] "HEAD / HTTP/1.0" 301 56 "-" "jetmon/1.0 (Jetpack Site Uptime Monitor by WordPress.com)"
192.0.84.33 - - [29/Apr/2015:19:04:32 +0000] "HEAD / HTTP/1.0" 200 9135 "-" "jetmon/1.0 (Jetpack Site Uptime Monitor by WordPress.com)"
192.0.84.33 - - [29/Apr/2015:19:09:28 +0000] "HEAD / HTTP/1.0" 301 56 "-" "jetmon/1.0 (Jetpack Site Uptime Monitor by WordPress.com)"
192.0.84.33 - - [29/Apr/2015:19:09:28 +0000] "HEAD / HTTP/1.0" 200 9135 "-" "jetmon/1.0 (Jetpack Site Uptime Monitor by WordPress.com)"
192.0.84.33 - - [29/Apr/2015:19:14:28 +0000] "HEAD / HTTP/1.0" 301 56 "-" "jetmon/1.0 (Jetpack Site Uptime Monitor by WordPress.com)"
192.0.84.33 - - [29/Apr/2015:19:14:29 +0000] "HEAD / HTTP/1.0" 200 9135 "-" "jetmon/1.0 (Jetpack Site Uptime Monitor by WordPress.com)"
192.0.84.33 - - [29/Apr/2015:19:19:33 +0000] "HEAD / HTTP/1.0" 301 56 "-" "jetmon/1.0 (Jetpack Site Uptime Monitor by WordPress.com)"
192.0.84.33 - - [29/Apr/2015:19:19:34 +0000] "HEAD / HTTP/1.0" 200 9135 "-" "jetmon/1.0 (Jetpack Site Uptime Monitor by WordPress.com)"
37.140.141.27 - - [29/Apr/2015:19:19:37 +0000] "GET /xmlrpc.php HTTP/1.0" 301 - "-" "Mozilla/5.0 (compatible; YandexBot/3.0; +http://yandex.com/bots)"
178.154.243.115 - - [29/Apr/2015:19:19:37 +0000] "GET /home/ HTTP/1.0" 301 61 "-" "Mozilla/5.0 (compatible; YandexBot/3.0; +http://yandex.com/bots)"
178.154.243.115 - - [29/Apr/2015:19:19:40 +0000] "GET /xmlrpc.php/ HTTP/1.0" 404 - "-" "Mozilla/5.0 (compatible; YandexBot/3.0; +http://yandex.com/bots)"
99.151.5.81 - - [29/Apr/2015:19:20:53 +0000] "GET /ghost HTTP/1.0" 303 - "-" "Mozilla/5.0 (Windows NT 6.3; WOW64) AppleWebKit/537.36 (KHTML, like Gecko) Chrome/42.0.2311.90 Safari/537.36"
99.151.5.81 - - [29/Apr/2015:19:20:55 +0000] "GET /ghost/ HTTP/1.0" 200 - "-" "Mozilla/5.0 (Windows NT 6.3; WOW64) AppleWebKit/537.36 (KHTML, like Gecko) Chrome/42.0.2311.90 Safari/537.36"
99.151.5.81 - - [29/Apr/2015:19:20:55 +0000] "GET /ghost/vendor.min.css?v=11f8639da0 HTTP/1.0" 200 - "https://webcode01.com/ghost/" "Mozilla/5.0 (Windows NT 6.3; WOW64) AppleWebKit/537.36 (KHTML, like Gecko) Chrome/42.0.2311.90 Safari/537.36"
99.151.5.81 - - [29/Apr/2015:19:20:55 +0000] "GET /ghost/ghost.min.css?v=11f8639da0 HTTP/1.0" 200 - "https://webcode01.com/ghost/" "Mozilla/5.0 (Windows NT 6.3; WOW64) AppleWebKit/537.36 (KHTML, like Gecko) Chrome/42.0.2311.90 Safari/537.36"
99.151.5.81 - - [29/Apr/2015:19:20:55 +0000] "GET /ghost/ghost.min.js?v=11f8639da0 HTTP/1.0" 200 - "https://webcode01.com/ghost/" "Mozilla/5.0 (Windows NT 6.3; WOW64) AppleWebKit/537.36 (KHTML, like Gecko) Chrome/42.0.2311.90 Safari/537.36"
99.151.5.81 - - [29/Apr/2015:19:20:55 +0000] "GET /ghost/vendor.min.js?v=11f8639da0 HTTP/1.0" 200 - "https://webcode01.com/ghost/" "Mozilla/5.0 (Windows NT 6.3; WOW64) AppleWebKit/537.36 (KHTML, like Gecko) Chrome/42.0.2311.90 Safari/537.36"
99.151.5.81 - - [29/Apr/2015:19:20:56 +0000] "POST /ghost/api/v0.1/authentication/token HTTP/1.0" 403 76 "https://webcode01.com/ghost/" "Mozilla/5.0 (Windows NT 6.3; WOW64) AppleWebKit/537.36 (KHTML, like Gecko) Chrome/42.0.2311.90 Safari/537.36"
99.151.5.81 - - [29/Apr/2015:19:21:07 +0000] "POST /ghost/api/v0.1/authentication/token HTTP/1.0" 200 - "https://webcode01.com/ghost/signin/" "Mozilla/5.0 (Windows NT 6.3; WOW64) AppleWebKit/537.36 (KHTML, like Gecko) Chrome/42.0.2311.90 Safari/537.36"
99.151.5.81 - - [29/Apr/2015:19:21:07 +0000] "GET /ghost/api/v0.1/users/me/?status=all&include=roles HTTP/1.0" 200 736 "https://webcode01.com/ghost/signin/" "Mozilla/5.0 (Windows NT 6.3; WOW64) AppleWebKit/537.36 (KHTML, like Gecko) Chrome/42.0.2311.90 Safari/537.36"
99.151.5.81 - - [29/Apr/2015:19:21:07 +0000] "GET /ghost/api/v0.1/notifications/ HTTP/1.0" 200 352 "https://webcode01.com/ghost/signin/" "Mozilla/5.0 (Windows NT 6.3; WOW64) AppleWebKit/537.36 (KHTML, like Gecko) Chrome/42.0.2311.90 Safari/537.36"
99.151.5.81 - - [29/Apr/2015:19:21:07 +0000] "GET /ghost/api/v0.1/posts/?status=all&staticPages=all&page=1&include=tags HTTP/1.0" 200 - "https://webcode01.com/ghost/signin/" "Mozilla/5.0 (Windows NT 6.3; WOW64) AppleWebKit/537.36 (KHTML, like Gecko) Chrome/42.0.2311.90 Safari/537.36"
192.0.84.33 - - [29/Apr/2015:19:24:22 +0000] "HEAD / HTTP/1.0" 301 56 "-" "jetmon/1.0 (Jetpack Site Uptime Monitor by WordPress.com)"
192.0.84.33 - - [29/Apr/2015:19:24:22 +0000] "HEAD / HTTP/1.0" 200 9135 "-" "jetmon/1.0 (Jetpack Site Uptime Monitor by WordPress.com)"
192.0.84.33 - - [29/Apr/2015:19:29:24 +0000] "HEAD / HTTP/1.0" 301 56 "-" "jetmon/1.0 (Jetpack Site Uptime Monitor by WordPress.com)"
192.0.84.33 - - [29/Apr/2015:19:29:24 +0000] "HEAD / HTTP/1.0" 200 9135 "-" "jetmon/1.0 (Jetpack Site Uptime Monitor by WordPress.com)"
99.151.5.81 - - [29/Apr/2015:19:29:38 +0000] "GET /ghost/api/v0.1/tags/?limit=all HTTP/1.0" 200 - "https://webcode01.com/ghost/editor/9/" "Mozilla/5.0 (Windows NT 6.3; WOW64) AppleWebKit/537.36 (KHTML, like Gecko) Chrome/42.0.2311.90 Safari/537.36"
99.151.5.81 - - [29/Apr/2015:19:29:38 +0000] "GET /ghost/api/v0.1/users/?limit=all&include=roles HTTP/1.0" 200 827 "https://webcode01.com/ghost/editor/9/" "Mozilla/5.0 (Windows NT 6.3; WOW64) AppleWebKit/537.36 (KHTML, like Gecko) Chrome/42.0.2311.90 Safari/537.36"
99.151.5.81 - - [29/Apr/2015:19:29:40 +0000] "PUT /ghost/api/v0.1/posts/9/?include=tags HTTP/1.0" 200 665 "https://webcode01.com/ghost/editor/9/" "Mozilla/5.0 (Windows NT 6.3; WOW64) AppleWebKit/537.36 (KHTML, like Gecko) Chrome/42.0.2311.90 Safari/537.36"
99.151.5.81 - - [29/Apr/2015:19:29:49 +0000] "GET /ghost/api/v0.1/slugs/post/Verifying%20/ HTTP/1.0" 200 32 "https://webcode01.com/ghost/editor/9/" "Mozilla/5.0 (Windows NT 6.3; WOW64) AppleWebKit/537.36 (KHTML, like Gecko) Chrome/42.0.2311.90 Safari/537.36"
99.151.5.81 - - [29/Apr/2015:19:29:52 +0000] "GET /ghost/api/v0.1/slugs/post/Verifying%20a%20Time/ HTTP/1.0" 200 39 "https://webcode01.com/ghost/editor/9/" "Mozilla/5.0 (Windows NT 6.3; WOW64) AppleWebKit/537.36 (KHTML, like Gecko) Chrome/42.0.2311.90 Safari/537.36"
99.151.5.81 - - [29/Apr/2015:19:29:54 +0000] "GET /ghost/api/v0.1/slugs/post/Verifying%20a%20TimeMachine%20/ HTTP/1.0" 200 46 "https://webcode01.com/ghost/editor/9/" "Mozilla/5.0 (Windows NT 6.3; WOW64) AppleWebKit/537.36 (KHTML, like Gecko) Chrome/42.0.2311.90 Safari/537.36"
99.151.5.81 - - [29/Apr/2015:19:29:58 +0000] "GET /ghost/api/v0.1/slugs/post/Verifying%20a%20TimeMachine%20Backup%20on%20Mac/ HTTP/1.0" 200 60 "https://webcode01.com/ghost/editor/9/" "Mozilla/5.0 (Windows NT 6.3; WOW64) AppleWebKit/537.36 (KHTML, like Gecko) Chrome/42.0.2311.90 Safari/537.36"
99.151.5.81 - - [29/Apr/2015:19:30:00 +0000] "GET /ghost/api/v0.1/slugs/post/Verifying%20a%20TimeMachine%20Backup%20on%20Macb/ HTTP/1.0" 200 61 "https://webcode01.com/ghost/editor/9/" "Mozilla/5.0 (Windows NT 6.3; WOW64) AppleWebKit/537.36 (KHTML, like Gecko) Chrome/42.0.2311.90 Safari/537.36"
99.151.5.81 - - [29/Apr/2015:19:30:02 +0000] "GET /ghost/api/v0.1/slugs/post/Verifying%20a%20TimeMachine%20Backup%20on%20Macbook%20/ HTTP/1.0" 200 64 "https://webcode01.com/ghost/editor/9/" "Mozilla/5.0 (Windows NT 6.3; WOW64) AppleWebKit/537.36 (KHTML, like Gecko) Chrome/42.0.2311.90 Safari/537.36"
99.151.5.81 - - [29/Apr/2015:19:30:05 +0000] "GET /ghost/api/v0.1/slugs/post/Verifying%20a%20TimeMachine%20Backup%20on%20Macbook%20Retina%20HD/ HTTP/1.0" 200 74 "https://webcode01.com/ghost/editor/9/" "Mozilla/5.0 (Windows NT 6.3; WOW64) AppleWebKit/537.36 (KHTML, like Gecko) Chrome/42.0.2311.90 Safari/537.36"
99.151.5.81 - - [29/Apr/2015:19:30:09 +0000] "PUT /ghost/api/v0.1/posts/9/?include=tags HTTP/1.0" 200 796 "https://webcode01.com/ghost/editor/9/" "Mozilla/5.0 (Windows NT 6.3; WOW64) AppleWebKit/537.36 (KHTML, like Gecko) Chrome/42.0.2311.90 Safari/537.36"
99.151.5.81 - - [29/Apr/2015:19:33:59 +0000] "PUT /ghost/api/v0.1/posts/9/?include=tags HTTP/1.0" 200 - "https://webcode01.com/ghost/editor/9/" "Mozilla/5.0 (Windows NT 6.3; WOW64) AppleWebKit/537.36 (KHTML, like Gecko) Chrome/42.0.2311.90 Safari/537.36"
192.0.84.33 - - [29/Apr/2015:19:34:16 +0000] "HEAD / HTTP/1.0" 301 56 "-" "jetmon/1.0 (Jetpack Site Uptime Monitor by WordPress.com)"
192.0.84.33 - - [29/Apr/2015:19:34:16 +0000] "HEAD / HTTP/1.0" 200 9135 "-" "jetmon/1.0 (Jetpack Site Uptime Monitor by WordPress.com)"
99.151.5.81 - - [29/Apr/2015:19:35:04 +0000] "PUT /ghost/api/v0.1/posts/9/?include=tags HTTP/1.0" 200 - "https://webcode01.com/ghost/editor/9/" "Mozilla/5.0 (Windows NT 6.3; WOW64) AppleWebKit/537.36 (KHTML, like Gecko) Chrome/42.0.2311.90 Safari/537.36"
99.151.5.81 - - [29/Apr/2015:19:35:54 +0000] "PUT /ghost/api/v0.1/posts/9/?include=tags HTTP/1.0" 200 - "https://webcode01.com/ghost/editor/9/" "Mozilla/5.0 (Windows NT 6.3; WOW64) AppleWebKit/537.36 (KHTML, like Gecko) Chrome/42.0.2311.90 Safari/537.36"
99.151.5.81 - - [29/Apr/2015:19:37:52 +0000] "PUT /ghost/api/v0.1/posts/9/?include=tags HTTP/1.0" 200 - "https://webcode01.com/ghost/editor/9/" "Mozilla/5.0 (Windows NT 6.3; WOW64) AppleWebKit/537.36 (KHTML, like Gecko) Chrome/42.0.2311.90 Safari/537.36"
123.125.71.114 - - [29/Apr/2015:19:37:54 +0000] "GET / HTTP/1.0" 301 56 "-" "Mozilla/5.0 (Windows NT 5.1; rv:6.0.2) Gecko/20100101 Firefox/6.0.2"
192.0.84.33 - - [29/Apr/2015:19:39:15 +0000] "HEAD / HTTP/1.0" 301 56 "-" "jetmon/1.0 (Jetpack Site Uptime Monitor by WordPress.com)"
192.0.84.33 - - [29/Apr/2015:19:39:16 +0000] "HEAD / HTTP/1.0" 200 9135 "-" "jetmon/1.0 (Jetpack Site Uptime Monitor by WordPress.com)"
220.181.108.139 - - [29/Apr/2015:19:40:20 +0000] "GET / HTTP/1.0" 301 56 "-" "Mozilla/5.0 (Windows NT 5.1; rv:6.0.2) Gecko/20100101 Firefox/6.0.2"
192.0.84.33 - - [29/Apr/2015:19:44:12 +0000] "HEAD / HTTP/1.0" 301 56 "-" "jetmon/1.0 (Jetpack Site Uptime Monitor by WordPress.com)"
192.0.84.33 - - [29/Apr/2015:19:44:12 +0000] "HEAD / HTTP/1.0" 200 9135 "-" "jetmon/1.0 (Jetpack Site Uptime Monitor by WordPress.com)"
192.0.84.33 - - [29/Apr/2015:19:49:14 +0000] "HEAD / HTTP/1.0" 301 56 "-" "jetmon/1.0 (Jetpack Site Uptime Monitor by WordPress.com)"
192.0.84.33 - - [29/Apr/2015:19:49:15 +0000] "HEAD / HTTP/1.0" 200 9135 "-" "jetmon/1.0 (Jetpack Site Uptime Monitor by WordPress.com)"
[36mMigrations[39m[36m:[39m [36mUp to date at version 003[39m
[32mGhost is running...[39m 
Your blog is now available on https://webcode01.com [90m
Ctrl+C to shut down[39m
192.0.84.33 - - [29/Apr/2015:19:54:13 +0000] "HEAD / HTTP/1.0" 301 56 "-" "jetmon/1.0 (Jetpack Site Uptime Monitor by WordPress.com)"
192.0.84.33 - - [29/Apr/2015:19:54:14 +0000] "HEAD / HTTP/1.0" 200 9135 "-" "jetmon/1.0 (Jetpack Site Uptime Monitor by WordPress.com)"
46.229.167.149 - - [29/Apr/2015:19:55:11 +0000] "GET / HTTP/1.0" 301 56 "-" "Mozilla/5.0 (Windows; U; Windows NT 6.1; en-US; rv:1.9.2b1) Gecko/20091014 Firefox/3.6b1 GTB5"
46.229.167.149 - - [29/Apr/2015:19:55:12 +0000] "GET / HTTP/1.0" 200 9135 "-" "Mozilla/5.0 (Windows; U; Windows NT 6.1; en-US; rv:1.9.2b1) Gecko/20091014 Firefox/3.6b1 GTB5"
99.151.5.81 - - [29/Apr/2015:19:55:44 +0000] "PUT /ghost/api/v0.1/posts/9/?include=tags HTTP/1.0" 200 - "https://webcode01.com/ghost/editor/9/" "Mozilla/5.0 (Windows NT 6.3; WOW64) AppleWebKit/537.36 (KHTML, like Gecko) Chrome/42.0.2311.90 Safari/537.36"
99.151.5.81 - - [29/Apr/2015:19:55:46 +0000] "GET /ghost/api/v0.1/posts/?status=all&staticPages=all&page=1&include=tags&limit=15 HTTP/1.0" 200 - "https://webcode01.com/ghost/editor/9/" "Mozilla/5.0 (Windows NT 6.3; WOW64) AppleWebKit/537.36 (KHTML, like Gecko) Chrome/42.0.2311.90 Safari/537.36"
46.229.167.149 - - [29/Apr/2015:19:55:59 +0000] "GET / HTTP/1.0" 200 9135 "-" "Mozilla/5.0 (X11; FreeBSD amd64; rv:5.0) Gecko/20100101 Firefox/5.0"
192.0.84.33 - - [29/Apr/2015:19:59:16 +0000] "HEAD / HTTP/1.0" 301 56 "-" "jetmon/1.0 (Jetpack Site Uptime Monitor by WordPress.com)"
192.0.84.33 - - [29/Apr/2015:19:59:16 +0000] "HEAD / HTTP/1.0" 200 9135 "-" "jetmon/1.0 (Jetpack Site Uptime Monitor by WordPress.com)"
192.0.84.33 - - [29/Apr/2015:20:04:17 +0000] "HEAD / HTTP/1.0" 301 56 "-" "jetmon/1.0 (Jetpack Site Uptime Monitor by WordPress.com)"
192.0.84.33 - - [29/Apr/2015:20:04:18 +0000] "HEAD / HTTP/1.0" 200 9135 "-" "jetmon/1.0 (Jetpack Site Uptime Monitor by WordPress.com)"
64.71.25.146 - - [29/Apr/2015:20:05:15 +0000] "GET /content/images/2015/04/wc2015---zurple-png.jpg HTTP/1.0" 200 10515 "https://www.google.com/" "Mozilla/5.0 (Macintosh; Intel Mac OS X 10_10_3) AppleWebKit/537.36 (KHTML, like Gecko) Chrome/42.0.2311.90 Safari/537.36"
192.0.84.33 - - [29/Apr/2015:20:09:11 +0000] "HEAD / HTTP/1.0" 301 56 "-" "jetmon/1.0 (Jetpack Site Uptime Monitor by WordPress.com)"
192.0.84.33 - - [29/Apr/2015:20:09:11 +0000] "HEAD / HTTP/1.0" 200 9135 "-" "jetmon/1.0 (Jetpack Site Uptime Monitor by WordPress.com)"
66.249.79.63 - - [29/Apr/2015:20:11:44 +0000] "GET /robots.txt HTTP/1.0" 200 - "-" "Mozilla/5.0 (compatible; Googlebot/2.1; +http://www.google.com/bot.html)"
66.249.79.71 - - [29/Apr/2015:20:11:45 +0000] "GET /tag/earning-money/ HTTP/1.0" 200 - "-" "Mozilla/5.0 (iPhone; CPU iPhone OS 6_0 like Mac OS X) AppleWebKit/536.26 (KHTML, like Gecko) Version/6.0 Mobile/10A5376e Safari/8536.25 (compatible; Googlebot/2.1; +http://www.google.com/bot.html)"
99.151.5.81 - - [29/Apr/2015:20:13:05 +0000] "GET / HTTP/1.0" 200 - "-" "Mozilla/5.0 (Windows NT 6.3; WOW64) AppleWebKit/537.36 (KHTML, like Gecko) Chrome/42.0.2311.90 Safari/537.36"
99.151.5.81 - - [29/Apr/2015:20:13:05 +0000] "GET /assets/css/screen.css?v=b48d3d5023 HTTP/1.0" 200 - "https://webcode01.com/" "Mozilla/5.0 (Windows NT 6.3; WOW64) AppleWebKit/537.36 (KHTML, like Gecko) Chrome/42.0.2311.90 Safari/537.36"
99.151.5.81 - - [29/Apr/2015:20:13:05 +0000] "GET /assets/js/jquery.fitvids.js?v=b48d3d5023 HTTP/1.0" 200 - "https://webcode01.com/" "Mozilla/5.0 (Windows NT 6.3; WOW64) AppleWebKit/537.36 (KHTML, like Gecko) Chrome/42.0.2311.90 Safari/537.36"
99.151.5.81 - - [29/Apr/2015:20:13:05 +0000] "GET /public/jquery.min.js?v=b48d3d5023 HTTP/1.0" 200 - "https://webcode01.com/" "Mozilla/5.0 (Windows NT 6.3; WOW64) AppleWebKit/537.36 (KHTML, like Gecko) Chrome/42.0.2311.90 Safari/537.36"
99.151.5.81 - - [29/Apr/2015:20:13:05 +0000] "GET /assets/js/index.js?v=b48d3d5023 HTTP/1.0" 200 - "https://webcode01.com/" "Mozilla/5.0 (Windows NT 6.3; WOW64) AppleWebKit/537.36 (KHTML, like Gecko) Chrome/42.0.2311.90 Safari/537.36"
99.151.5.81 - - [29/Apr/2015:20:13:06 +0000] "GET / HTTP/1.0" 304 - "-" "Mozilla/5.0 (Windows NT 6.3; WOW64) AppleWebKit/537.36 (KHTML, like Gecko) Chrome/42.0.2311.90 Safari/537.36"
66.249.79.136 - - [29/Apr/2015:20:13:20 +0000] "GET /robots.txt HTTP/1.0" 301 66 "-" "Mozilla/5.0 (compatible; Googlebot/2.1; +http://www.google.com/bot.html)"
66.249.79.120 - - [29/Apr/2015:20:13:20 +0000] "GET /testimonial/shawn-hesketh/ HTTP/1.0" 301 152 "-" "Mozilla/5.0 (compatible; Googlebot/2.1; +http://www.google.com/bot.html)"
66.249.79.63 - - [29/Apr/2015:20:13:21 +0000] "GET /testimonial/shawn-hesketh/ HTTP/1.0" 404 - "-" "Mozilla/5.0 (compatible; Googlebot/2.1; +http://www.google.com/bot.html)"
192.0.84.33 - - [29/Apr/2015:20:14:16 +0000] "HEAD / HTTP/1.0" 301 56 "-" "jetmon/1.0 (Jetpack Site Uptime Monitor by WordPress.com)"
192.0.84.33 - - [29/Apr/2015:20:14:16 +0000] "HEAD / HTTP/1.0" 200 9135 "-" "jetmon/1.0 (Jetpack Site Uptime Monitor by WordPress.com)"
192.0.84.33 - - [29/Apr/2015:20:19:10 +0000] "HEAD / HTTP/1.0" 301 56 "-" "jetmon/1.0 (Jetpack Site Uptime Monitor by WordPress.com)"
192.0.84.33 - - [29/Apr/2015:20:19:10 +0000] "HEAD / HTTP/1.0" 200 9135 "-" "jetmon/1.0 (Jetpack Site Uptime Monitor by WordPress.com)"
66.249.79.63 - - [29/Apr/2015:20:20:08 +0000] "GET /tag/earning-money/ HTTP/1.0" 200 - "-" "Mozilla/5.0 (compatible; Googlebot/2.1; +http://www.google.com/bot.html)"
99.151.5.81 - - [29/Apr/2015:20:20:59 +0000] "POST /ghost/api/v0.1/authentication/token HTTP/1.0" 200 - "https://webcode01.com/ghost/9/" "Mozilla/5.0 (Windows NT 6.3; WOW64) AppleWebKit/537.36 (KHTML, like Gecko) Chrome/42.0.2311.90 Safari/537.36"
192.0.84.33 - - [29/Apr/2015:20:24:10 +0000] "HEAD / HTTP/1.0" 301 56 "-" "jetmon/1.0 (Jetpack Site Uptime Monitor by WordPress.com)"
192.0.84.33 - - [29/Apr/2015:20:24:10 +0000] "HEAD / HTTP/1.0" 200 9135 "-" "jetmon/1.0 (Jetpack Site Uptime Monitor by WordPress.com)"
192.0.84.33 - - [29/Apr/2015:20:29:07 +0000] "HEAD / HTTP/1.0" 301 56 "-" "jetmon/1.0 (Jetpack Site Uptime Monitor by WordPress.com)"
192.0.84.33 - - [29/Apr/2015:20:29:07 +0000] "HEAD / HTTP/1.0" 200 9135 "-" "jetmon/1.0 (Jetpack Site Uptime Monitor by WordPress.com)"
192.0.84.33 - - [29/Apr/2015:20:34:15 +0000] "HEAD / HTTP/1.0" 301 56 "-" "jetmon/1.0 (Jetpack Site Uptime Monitor by WordPress.com)"
192.0.84.33 - - [29/Apr/2015:20:34:16 +0000] "HEAD / HTTP/1.0" 200 9135 "-" "jetmon/1.0 (Jetpack Site Uptime Monitor by WordPress.com)"
99.151.5.81 - - [29/Apr/2015:20:38:10 +0000] "GET / HTTP/1.0" 304 - "-" "Mozilla/5.0 (Windows NT 6.3; WOW64) AppleWebKit/537.36 (KHTML, like Gecko) Chrome/42.0.2311.90 Safari/537.36"
99.151.5.81 - - [29/Apr/2015:20:38:12 +0000] "GET /ghost HTTP/1.0" 303 - "-" "Mozilla/5.0 (Windows NT 6.3; WOW64) AppleWebKit/537.36 (KHTML, like Gecko) Chrome/42.0.2311.90 Safari/537.36"
99.151.5.81 - - [29/Apr/2015:20:38:13 +0000] "GET /ghost/ HTTP/1.0" 200 - "-" "Mozilla/5.0 (Windows NT 6.3; WOW64) AppleWebKit/537.36 (KHTML, like Gecko) Chrome/42.0.2311.90 Safari/537.36"
99.151.5.81 - - [29/Apr/2015:20:38:13 +0000] "GET /ghost/vendor.min.css?v=b48d3d5023 HTTP/1.0" 200 - "https://webcode01.com/ghost/" "Mozilla/5.0 (Windows NT 6.3; WOW64) AppleWebKit/537.36 (KHTML, like Gecko) Chrome/42.0.2311.90 Safari/537.36"
99.151.5.81 - - [29/Apr/2015:20:38:13 +0000] "GET /ghost/ghost.min.css?v=b48d3d5023 HTTP/1.0" 200 - "https://webcode01.com/ghost/" "Mozilla/5.0 (Windows NT 6.3; WOW64) AppleWebKit/537.36 (KHTML, like Gecko) Chrome/42.0.2311.90 Safari/537.36"
99.151.5.81 - - [29/Apr/2015:20:38:13 +0000] "GET /ghost/ghost.min.js?v=b48d3d5023 HTTP/1.0" 200 - "https://webcode01.com/ghost/" "Mozilla/5.0 (Windows NT 6.3; WOW64) AppleWebKit/537.36 (KHTML, like Gecko) Chrome/42.0.2311.90 Safari/537.36"
99.151.5.81 - - [29/Apr/2015:20:38:13 +0000] "GET /ghost/vendor.min.js?v=b48d3d5023 HTTP/1.0" 200 - "https://webcode01.com/ghost/" "Mozilla/5.0 (Windows NT 6.3; WOW64) AppleWebKit/537.36 (KHTML, like Gecko) Chrome/42.0.2311.90 Safari/537.36"
99.151.5.81 - - [29/Apr/2015:20:38:14 +0000] "GET /ghost/api/v0.1/notifications/ HTTP/1.0" 200 352 "https://webcode01.com/ghost/" "Mozilla/5.0 (Windows NT 6.3; WOW64) AppleWebKit/537.36 (KHTML, like Gecko) Chrome/42.0.2311.90 Safari/537.36"
99.151.5.81 - - [29/Apr/2015:20:38:14 +0000] "GET /ghost/api/v0.1/users/me/?status=all&include=roles HTTP/1.0" 200 736 "https://webcode01.com/ghost/" "Mozilla/5.0 (Windows NT 6.3; WOW64) AppleWebKit/537.36 (KHTML, like Gecko) Chrome/42.0.2311.90 Safari/537.36"
99.151.5.81 - - [29/Apr/2015:20:38:14 +0000] "GET /ghost/api/v0.1/posts/?status=all&staticPages=all&page=1&include=tags HTTP/1.0" 200 - "https://webcode01.com/ghost/" "Mozilla/5.0 (Windows NT 6.3; WOW64) AppleWebKit/537.36 (KHTML, like Gecko) Chrome/42.0.2311.90 Safari/537.36"
99.151.5.81 - - [29/Apr/2015:20:38:15 +0000] "GET /shared/img/user-image.png HTTP/1.0" 200 2421 "https://webcode01.com/" "Mozilla/5.0 (Windows NT 6.3; WOW64) AppleWebKit/537.36 (KHTML, like Gecko) Chrome/42.0.2311.90 Safari/537.36"
192.0.84.33 - - [29/Apr/2015:20:39:12 +0000] "HEAD / HTTP/1.0" 301 56 "-" "jetmon/1.0 (Jetpack Site Uptime Monitor by WordPress.com)"
192.0.84.33 - - [29/Apr/2015:20:39:13 +0000] "HEAD / HTTP/1.0" 200 9135 "-" "jetmon/1.0 (Jetpack Site Uptime Monitor by WordPress.com)"
66.249.79.71 - - [29/Apr/2015:20:42:39 +0000] "GET /assets/css/screen.css?v=bc923c2dca HTTP/1.0" 200 - "-" "Mozilla/5.0 (compatible; Googlebot/2.1; +http://www.google.com/bot.html)"
66.249.79.71 - - [29/Apr/2015:20:43:01 +0000] "GET /assets/css/screen.css?v=b48d3d5023 HTTP/1.0" 200 - "https://webcode01.com/tag/earning-money/" "Mozilla/5.0 (compatible; Googlebot/2.1; +http://www.google.com/bot.html)"
66.249.79.71 - - [29/Apr/2015:20:43:01 +0000] "GET /public/jquery.min.js?v=b48d3d5023 HTTP/1.0" 200 - "https://webcode01.com/tag/earning-money/" "Mozilla/5.0 (compatible; Googlebot/2.1; +http://www.google.com/bot.html)"
66.249.79.55 - - [29/Apr/2015:20:43:02 +0000] "GET /assets/js/jquery.fitvids.js?v=b48d3d5023 HTTP/1.0" 200 - "https://webcode01.com/tag/earning-money/" "Mozilla/5.0 (compatible; Googlebot/2.1; +http://www.google.com/bot.html)"
66.249.79.63 - - [29/Apr/2015:20:43:02 +0000] "GET /assets/js/index.js?v=b48d3d5023 HTTP/1.0" 200 - "https://webcode01.com/tag/earning-money/" "Mozilla/5.0 (compatible; Googlebot/2.1; +http://www.google.com/bot.html)"
66.249.79.63 - - [29/Apr/2015:20:43:03 +0000] "GET /assets/js/index.js?v=b48d3d5023 HTTP/1.0" 200 - "-" "Mozilla/5.0 (compatible; Googlebot/2.1; +http://www.google.com/bot.html)"
66.249.79.120 - - [29/Apr/2015:20:43:13 +0000] "GET /feed/ HTTP/1.0" 301 61 "-" "Mozilla/5.0 (compatible; Googlebot/2.1; +http://www.google.com/bot.html)"
66.249.79.63 - - [29/Apr/2015:20:43:14 +0000] "GET /feed/ HTTP/1.0" 301 39 "-" "Mozilla/5.0 (compatible; Googlebot/2.1; +http://www.google.com/bot.html)"
66.249.79.55 - - [29/Apr/2015:20:43:15 +0000] "GET /rss/ HTTP/1.0" 200 - "-" "Mozilla/5.0 (compatible; Googlebot/2.1; +http://www.google.com/bot.html)"
192.0.84.33 - - [29/Apr/2015:20:44:10 +0000] "HEAD / HTTP/1.0" 301 56 "-" "jetmon/1.0 (Jetpack Site Uptime Monitor by WordPress.com)"
192.0.84.33 - - [29/Apr/2015:20:44:10 +0000] "HEAD / HTTP/1.0" 200 9135 "-" "jetmon/1.0 (Jetpack Site Uptime Monitor by WordPress.com)"
192.0.84.33 - - [29/Apr/2015:20:49:12 +0000] "HEAD / HTTP/1.0" 301 56 "-" "jetmon/1.0 (Jetpack Site Uptime Monitor by WordPress.com)"
192.0.84.33 - - [29/Apr/2015:20:49:12 +0000] "HEAD / HTTP/1.0" 200 9135 "-" "jetmon/1.0 (Jetpack Site Uptime Monitor by WordPress.com)"
192.0.84.33 - - [29/Apr/2015:20:54:08 +0000] "HEAD / HTTP/1.0" 301 56 "-" "jetmon/1.0 (Jetpack Site Uptime Monitor by WordPress.com)"
192.0.84.33 - - [29/Apr/2015:20:54:08 +0000] "HEAD / HTTP/1.0" 200 9135 "-" "jetmon/1.0 (Jetpack Site Uptime Monitor by WordPress.com)"
192.0.84.33 - - [29/Apr/2015:20:59:19 +0000] "HEAD / HTTP/1.0" 301 56 "-" "jetmon/1.0 (Jetpack Site Uptime Monitor by WordPress.com)"
192.0.84.33 - - [29/Apr/2015:20:59:19 +0000] "HEAD / HTTP/1.0" 200 9135 "-" "jetmon/1.0 (Jetpack Site Uptime Monitor by WordPress.com)"
66.249.79.71 - - [29/Apr/2015:21:01:51 +0000] "GET /sitemap-authors.xml HTTP/1.0" 200 376 "-" "Mozilla/5.0 (compatible; Googlebot/2.1; +http://www.google.com/bot.html)"
192.0.84.33 - - [29/Apr/2015:21:04:11 +0000] "HEAD / HTTP/1.0" 301 56 "-" "jetmon/1.0 (Jetpack Site Uptime Monitor by WordPress.com)"
192.0.84.33 - - [29/Apr/2015:21:04:12 +0000] "HEAD / HTTP/1.0" 200 9135 "-" "jetmon/1.0 (Jetpack Site Uptime Monitor by WordPress.com)"
125.86.25.216 - - [29/Apr/2015:21:05:19 +0000] "GET / HTTP/1.0" 301 100 "http://webcode01.com/" "Mozilla/5.0 (Windows NT 5.1; rv:27.0) Gecko/20100101 Firefox/27.0"
125.86.25.216 - - [29/Apr/2015:21:05:19 +0000] "GET / HTTP/1.0" 301 100 "http://webcode01.com/" "Mozilla/5.0 (Windows NT 5.1; rv:26.0) Gecko/20100101 Firefox/26.0"
125.86.25.216 - - [29/Apr/2015:21:05:19 +0000] "GET / HTTP/1.0" 301 100 "http://webcode01.com/" "Mozilla/5.0 (Windows NT 6.1; WOW64) AppleWebKit/537.36 (KHTML, like Gecko) Chrome/32.0.1700.107 Safari/537.36"
125.86.25.216 - - [29/Apr/2015:21:05:19 +0000] "GET / HTTP/1.0" 301 100 "http://webcode01.com/" "Mozilla/5.0 (Windows NT 6.1; rv:27.0) Gecko/20100101 Firefox/27.0"
125.86.25.216 - - [29/Apr/2015:21:05:20 +0000] "GET / HTTP/1.0" 200 9135 "http://webcode01.com/" "Mozilla/5.0 (Windows NT 6.1; WOW64) AppleWebKit/537.36 (KHTML, like Gecko) Chrome/32.0.1700.107 Safari/537.36"
125.86.25.216 - - [29/Apr/2015:21:05:20 +0000] "GET / HTTP/1.0" 200 9135 "http://webcode01.com/" "Mozilla/5.0 (Windows NT 5.1; rv:27.0) Gecko/20100101 Firefox/27.0"
125.86.25.216 - - [29/Apr/2015:21:05:20 +0000] "GET / HTTP/1.0" 200 9135 "http://webcode01.com/" "Mozilla/5.0 (Windows NT 6.1; rv:27.0) Gecko/20100101 Firefox/27.0"
125.86.25.216 - - [29/Apr/2015:21:05:20 +0000] "GET / HTTP/1.0" 200 9135 "http://webcode01.com/" "Mozilla/5.0 (Windows NT 5.1; rv:26.0) Gecko/20100101 Firefox/26.0"
123.116.144.65 - - [29/Apr/2015:21:05:21 +0000] "GET /info/whitelist.pac HTTP/1.0" 301 - "-" "Mozilla/4.0 (compatible; MSIE 7.0; Windows NT 5.1)"
192.0.84.33 - - [29/Apr/2015:21:09:10 +0000] "HEAD / HTTP/1.0" 301 56 "-" "jetmon/1.0 (Jetpack Site Uptime Monitor by WordPress.com)"
192.0.84.33 - - [29/Apr/2015:21:09:11 +0000] "HEAD / HTTP/1.0" 200 9135 "-" "jetmon/1.0 (Jetpack Site Uptime Monitor by WordPress.com)"
66.249.79.55 - - [29/Apr/2015:21:13:48 +0000] "GET /robots.txt HTTP/1.0" 200 - "-" "Mozilla/5.0 (compatible; Googlebot/2.1; +http://www.google.com/bot.html)"
66.249.79.71 - - [29/Apr/2015:21:13:48 +0000] "GET / HTTP/1.0" 200 - "-" "Mozilla/5.0 (compatible; Googlebot/2.1; +http://www.google.com/bot.html)"
192.0.84.33 - - [29/Apr/2015:21:14:26 +0000] "HEAD / HTTP/1.0" 301 56 "-" "jetmon/1.0 (Jetpack Site Uptime Monitor by WordPress.com)"
192.0.84.33 - - [29/Apr/2015:21:14:27 +0000] "HEAD / HTTP/1.0" 200 9135 "-" "jetmon/1.0 (Jetpack Site Uptime Monitor by WordPress.com)"
192.0.84.33 - - [29/Apr/2015:21:19:19 +0000] "HEAD / HTTP/1.0" 301 56 "-" "jetmon/1.0 (Jetpack Site Uptime Monitor by WordPress.com)"
192.0.84.33 - - [29/Apr/2015:21:19:20 +0000] "HEAD / HTTP/1.0" 200 9135 "-" "jetmon/1.0 (Jetpack Site Uptime Monitor by WordPress.com)"
99.151.5.81 - - [29/Apr/2015:21:20:51 +0000] "POST /ghost/api/v0.1/authentication/token HTTP/1.0" 200 - "https://webcode01.com/ghost/9/" "Mozilla/5.0 (Windows NT 6.3; WOW64) AppleWebKit/537.36 (KHTML, like Gecko) Chrome/42.0.2311.90 Safari/537.36"
99.151.5.81 - - [29/Apr/2015:21:20:51 +0000] "POST /ghost/api/v0.1/authentication/token HTTP/1.0" 200 - "https://webcode01.com/ghost/9/" "Mozilla/5.0 (Windows NT 6.3; WOW64) AppleWebKit/537.36 (KHTML, like Gecko) Chrome/42.0.2311.90 Safari/537.36"
192.0.84.33 - - [29/Apr/2015:21:24:14 +0000] "HEAD / HTTP/1.0" 301 56 "-" "jetmon/1.0 (Jetpack Site Uptime Monitor by WordPress.com)"
192.0.84.33 - - [29/Apr/2015:21:24:15 +0000] "HEAD / HTTP/1.0" 200 9135 "-" "jetmon/1.0 (Jetpack Site Uptime Monitor by WordPress.com)"
192.0.84.33 - - [29/Apr/2015:21:29:07 +0000] "HEAD / HTTP/1.0" 301 56 "-" "jetmon/1.0 (Jetpack Site Uptime Monitor by WordPress.com)"
192.0.84.33 - - [29/Apr/2015:21:29:07 +0000] "HEAD / HTTP/1.0" 200 9135 "-" "jetmon/1.0 (Jetpack Site Uptime Monitor by WordPress.com)"
192.0.84.33 - - [29/Apr/2015:21:34:11 +0000] "HEAD / HTTP/1.0" 301 56 "-" "jetmon/1.0 (Jetpack Site Uptime Monitor by WordPress.com)"
192.0.84.33 - - [29/Apr/2015:21:34:11 +0000] "HEAD / HTTP/1.0" 200 9135 "-" "jetmon/1.0 (Jetpack Site Uptime Monitor by WordPress.com)"
